#
# There is insufficient memory for the Java Runtime Environment to continue.
# Native memory allocation (malloc) failed to allocate 1313240 bytes. Error detail: Chunk::new
# Possible reasons:
#   The system is out of physical RAM or swap space
#   This process is running with CompressedOops enabled, and the Java Heap may be blocking the growth of the native heap
# Possible solutions:
#   Reduce memory load on the system
#   Increase physical memory or swap space
#   Check if swap backing store is full
#   Decrease Java heap size (-Xmx/-Xms)
#   Decrease number of Java threads
#   Decrease Java thread stack sizes (-Xss)
#   Set larger code cache with -XX:ReservedCodeCacheSize=
#   JVM is running with Unscaled Compressed Oops mode in which the Java heap is
#     placed in the first 4GB address space. The Java Heap base address is the
#     maximum limit for the native heap growth. Please use -XX:HeapBaseMinAddress
#     to set the Java Heap base and to place the Java Heap above 4GB virtual address.
# This output file may be truncated or incomplete.
#
#  Out of Memory Error (arena.cpp:193), pid=18632, tid=20988
#
# JRE version: Java(TM) SE Runtime Environment (26.0.1+8) (build 26.0.1+8-34)
# Java VM: Java HotSpot(TM) 64-Bit Server VM (26.0.1+8-34, mixed mode, sharing, tiered, compressed oops, compressed class ptrs, g1 gc, windows-amd64)
# No core dump will be written. Minidumps are not enabled by default on client versions of Windows
#

---------------  S U M M A R Y ------------

Command Line: C:\Users\jerome\AppData\Local\Temp\surefire5729128303972880593\surefirebooter4520143341370348717.jar C:\Users\jerome\AppData\Local\Temp\surefire5729128303972880593 2026-08-03T00-30-14_971-jvmRun1 surefire13304360017993100165tmp surefire_018357521550992106609tmp

Host: AMD Ryzen 3 7320U with Radeon Graphics         , 8 cores, 5G,  Windows 11 , 64 bit Build 26100 (10.0.26100.8972)
Time: Mon Aug  3 00:30:35 2026 Malay Peninsula Standard Time elapsed time: 19.582694 seconds (0d 0h 0m 19s)

---------------  T H R E A D  ---------------

Current thread (0x0000029c7f76b1a0):  JavaThread "C2 CompilerThread0" daemon [_thread_in_native, id=20988, stack(0x000000d3fa400000,0x000000d3fa500000) (1024K)]


Current CompileTask:
C2:19582 2989       4       java.lang.AbstractStringBuilder::append (127 bytes)

Stack: [0x000000d3fa400000,0x000000d3fa500000]
Native frames: (J=compiled Java code, j=interpreted, Vv=VM code, C=native code)
V  [jvm.dll+0x7d5879]  (no source info available)
V  [jvm.dll+0x7a37dd]  (no source info available)
V  [jvm.dll+0x9b0c10]  (no source info available)
V  [jvm.dll+0x9b3061]  (no source info available)
V  [jvm.dll+0x9b3773]  (no source info available)
V  [jvm.dll+0x30df76]  (no source info available)
V  [jvm.dll+0x11d8a6]  (no source info available)
V  [jvm.dll+0x11dbce]  (no source info available)
V  [jvm.dll+0x1afbe6]  (no source info available)
V  [jvm.dll+0x3ca822]  (no source info available)
V  [jvm.dll+0x7de462]  (no source info available)
V  [jvm.dll+0x2d1647]  (no source info available)
V  [jvm.dll+0x2d05bf]  (no source info available)
V  [jvm.dll+0x246820]  (no source info available)
V  [jvm.dll+0x2e06dc]  (no source info available)
V  [jvm.dll+0x2de8bd]  (no source info available)
V  [jvm.dll+0x4a3ff1]  (no source info available)
V  [jvm.dll+0x94f649]  (no source info available)
V  [jvm.dll+0x7d7358]  (no source info available)
C  [ucrtbase.dll+0x2cd30]  (no source info available)
C  [KERNEL32.DLL+0x2ccb7]  (no source info available)
C  [ntdll.dll+0xaad6c]  (no source info available)

Lock stack of current Java thread (top to bottom):


---------------  P R O C E S S  ---------------

Threads class SMR info:
_java_thread_list=0x0000029c1b324ab0, length=29, elements={
0x0000029c7bdd1df0, 0x0000029c7f741b60, 0x0000029c7f742310, 0x0000029c7f743600,
0x0000029c7f7481d0, 0x0000029c7f748d80, 0x0000029c7f74ba70, 0x0000029c7f76b1a0,
0x0000029c7f772420, 0x0000029c1b336f00, 0x0000029c1b343970, 0x0000029c1b3c1520,
0x0000029c1b542db0, 0x0000029c20dae710, 0x0000029c20b4a200, 0x0000029c20b4a9b0,
0x0000029c20b4d170, 0x0000029c20ab6870, 0x0000029c20abb690, 0x0000029c20abce00,
0x0000029c20abc630, 0x0000029c20c38520, 0x0000029c20c394c0, 0x0000029c20c3a460,
0x0000029c20c37580, 0x0000029c20c3bbd0, 0x0000029c20c3ac30, 0x0000029c20c3cb70,
0x0000029c20d79890
}

Java Threads: ( => current thread )
  0x0000029c7bdd1df0 JavaThread "Forwarding isElementDisplayed on session fe92ac0691dc620c42db121389c138b0 to remote"        [_thread_blocked, id=10124, stack(0x000000d3f9500000,0x000000d3f9600000) (1024K)]
  0x0000029c7f741b60 JavaThread "Reference Handler"          daemon [_thread_blocked, id=576, stack(0x000000d3f9e00000,0x000000d3f9f00000) (1024K)]
  0x0000029c7f742310 JavaThread "Finalizer"                  daemon [_thread_blocked, id=2736, stack(0x000000d3f9f00000,0x000000d3fa000000) (1024K)]
  0x0000029c7f743600 JavaThread "Signal Dispatcher"          daemon [_thread_blocked, id=22256, stack(0x000000d3fa000000,0x000000d3fa100000) (1024K)]
  0x0000029c7f7481d0 JavaThread "Attach Listener"            daemon [_thread_blocked, id=21812, stack(0x000000d3fa100000,0x000000d3fa200000) (1024K)]
  0x0000029c7f748d80 JavaThread "Service Thread"             daemon [_thread_blocked, id=14636, stack(0x000000d3fa200000,0x000000d3fa300000) (1024K)]
  0x0000029c7f74ba70 JavaThread "Monitor Deflation Thread"   daemon [_thread_blocked, id=8048, stack(0x000000d3fa300000,0x000000d3fa400000) (1024K)]
=>0x0000029c7f76b1a0 JavaThread "C2 CompilerThread0"         daemon [_thread_in_native, id=20988, stack(0x000000d3fa400000,0x000000d3fa500000) (1024K)]
  0x0000029c7f772420 JavaThread "C1 CompilerThread0"         daemon [_thread_blocked, id=22936, stack(0x000000d3fa500000,0x000000d3fa600000) (1024K)]
  0x0000029c1b336f00 JavaThread "Notification Thread"        daemon [_thread_blocked, id=4544, stack(0x000000d3fa600000,0x000000d3fa700000) (1024K)]
  0x0000029c1b343970 JavaThread "Common-Cleaner"             daemon [_thread_blocked, id=22900, stack(0x000000d3fa700000,0x000000d3fa800000) (1024K)]
  0x0000029c1b3c1520 JavaThread "surefire-forkedjvm-command-thread" daemon [_thread_in_native, id=21048, stack(0x000000d3fa800000,0x000000d3fa900000) (1024K)]
  0x0000029c1b542db0 JavaThread "surefire-forkedjvm-ping-30s" daemon [_thread_blocked, id=17152, stack(0x000000d3fa900000,0x000000d3faa00000) (1024K)]
  0x0000029c20dae710 JavaThread "ForkJoinPool.commonPool-worker-1" daemon [_thread_blocked, id=22588, stack(0x000000d3fb100000,0x000000d3fb200000) (1024K)]
  0x0000029c20b4a200 JavaThread "VirtualThread-unblocker"    daemon [_thread_blocked, id=10756, stack(0x000000d3fb200000,0x000000d3fb300000) (1024K)]
  0x0000029c20b4a9b0 JavaThread "ForkJoinPool-1-worker-1"    daemon [_thread_blocked, id=7148, stack(0x000000d3fb300000,0x000000d3fb400000) (1024K)]
  0x0000029c20b4d170 JavaThread "ForkJoinPool-1-worker-2"    daemon [_thread_in_native, id=8736, stack(0x000000d3fb400000,0x000000d3fb500000) (1024K)]
  0x0000029c20ab6870 JavaThread "External Process Output Forwarder - C:\Users\jerome\.cache\selenium\chromedriver\win64\150.0.7871.124\chromedriver.exe" daemon [_thread_in_native, id=16264, stack(0x000000d3fb600000,0x000000d3fb700000) (1024K)]
  0x0000029c20abb690 JavaThread "Driver Service Executor"    daemon [_thread_blocked, id=14404, stack(0x000000d3fb700000,0x000000d3fb800000) (1024K)]
  0x0000029c20abce00 JavaThread "Driver Service Executor"    daemon [_thread_in_native, id=17988, stack(0x000000d3fb800000,0x000000d3fb900000) (1024K)]
  0x0000029c20abc630 JavaThread "UrlChecker-2"               daemon [_thread_blocked, id=344, stack(0x000000d3fb900000,0x000000d3fba00000) (1024K)]
  0x0000029c20c38520 JavaThread "pool-1-thread-1"                   [_thread_blocked, id=7796, stack(0x000000d3fbc00000,0x000000d3fbd00000) (1024K)]
  0x0000029c20c394c0 JavaThread "pool-1-thread-2"                   [_thread_blocked, id=16528, stack(0x000000d3fbd00000,0x000000d3fbe00000) (1024K)]
  0x0000029c20c3a460 JavaThread "pool-1-thread-3"                   [_thread_blocked, id=9392, stack(0x000000d3fbe00000,0x000000d3fbf00000) (1024K)]
  0x0000029c20c37580 JavaThread "ForkJoinPool-1-worker-3"    daemon [_thread_in_native, id=15744, stack(0x000000d3fbf00000,0x000000d3fc000000) (1024K)]
  0x0000029c20c3bbd0 JavaThread "pool-2-thread-1"                   [_thread_blocked, id=5388, stack(0x000000d3fc000000,0x000000d3fc100000) (1024K)]
  0x0000029c20c3ac30 JavaThread "pool-2-thread-2"                   [_thread_blocked, id=3936, stack(0x000000d3fc100000,0x000000d3fc200000) (1024K)]
  0x0000029c20c3cb70 JavaThread "pool-2-thread-3"                   [_thread_blocked, id=13384, stack(0x000000d3fc200000,0x000000d3fc300000) (1024K)]
  0x0000029c20d79890 JavaThread "C2 CompilerThread1"         daemon [_thread_in_native, id=23704, stack(0x000000d3fbb00000,0x000000d3fbc00000) (1024K)]
Total: 29

Other Threads:
  0x0000029c7f72e360 VMThread "VM Thread"                           [id=24240, stack(0x000000d3f9d00000,0x000000d3f9e00000) (1024K)]
  0x0000029c7f72d3e0 WatcherThread "VM Periodic Task Thread"        [id=13468, stack(0x000000d3f9c00000,0x000000d3f9d00000) (1024K)]
  0x0000029c7e1160c0 WorkerThread "GC Thread#0"                     [id=300, stack(0x000000d3f9600000,0x000000d3f9700000) (1024K)]
  0x0000029c1b5857c0 WorkerThread "GC Thread#1"                     [id=18928, stack(0x000000d3faa00000,0x000000d3fab00000) (1024K)]
  0x0000029c208626d0 WorkerThread "GC Thread#2"                     [id=7792, stack(0x000000d3fab00000,0x000000d3fac00000) (1024K)]
  0x0000029c20860b50 WorkerThread "GC Thread#3"                     [id=2648, stack(0x000000d3fac00000,0x000000d3fad00000) (1024K)]
  0x0000029c209570e0 WorkerThread "GC Thread#4"                     [id=13584, stack(0x000000d3fad00000,0x000000d3fae00000) (1024K)]
  0x0000029c20957500 WorkerThread "GC Thread#5"                     [id=9524, stack(0x000000d3fae00000,0x000000d3faf00000) (1024K)]
  0x0000029c20a9fb80 WorkerThread "GC Thread#6"                     [id=14284, stack(0x000000d3faf00000,0x000000d3fb000000) (1024K)]
  0x0000029c209f4510 WorkerThread "GC Thread#7"                     [id=13848, stack(0x000000d3fb000000,0x000000d3fb100000) (1024K)]
  0x0000029c7e1285c0 ConcurrentGCThread "G1 Main Marker"            [id=23432, stack(0x000000d3f9700000,0x000000d3f9800000) (1024K)]
  0x0000029c7e12c4b0 WorkerThread "G1 Conc#0"                       [id=2084, stack(0x000000d3f9800000,0x000000d3f9900000) (1024K)]
  0x0000029c20a4b130 WorkerThread "G1 Conc#1"                       [id=22052, stack(0x000000d3fb500000,0x000000d3fb600000) (1024K)]
  0x0000029c7e1739a0 WorkerThread "G1 Refinement Workers#0"         [id=7612, stack(0x000000d3f9a00000,0x000000d3f9b00000) (1024K)]
  0x0000029c7e171120 ConcurrentGCThread "G1 Refine Control"         [id=23216, stack(0x000000d3f9900000,0x000000d3f9a00000) (1024K)]
  0x0000029c7e1765e0 ConcurrentGCThread "G1 Service"                [id=13916, stack(0x000000d3f9b00000,0x000000d3f9c00000) (1024K)]
Total: 16

Threads with active compile tasks:
C2 CompilerThread0  20685 2989       4       java.lang.AbstractStringBuilder::append (127 bytes)
C2 CompilerThread1  20685 2993       4       java.util.LinkedHashMap::get (29 bytes)
Total: 2

VM state: not at safepoint (normal execution)

VM Mutex/Monitor currently owned by a thread: None

Heap address: 0x00000000a4200000, size: 1470 MB, Compressed Oops mode: 32-bit

CDS archive(s) mapped at: [0x0000000029000000-0x0000000029de0000-0x0000000029de0000), size 14548992, SharedBaseAddress: 0x0000000029000000, ArchiveRelocationMode: 1.
Compressed class space mapped at: 0x000000002a000000-0x000000006a000000, reserved size: 1073741824
UseCompressedClassPointers 1, UseCompactObjectHeaders 0
Narrow klass pointer bits 32, Max shift 3
Narrow klass base: 0x0000000029000000, Narrow klass shift: 0
Encoding Range: [0x0000000029000000 - 0x0000000129000000), (4294967296 bytes)
Klass Range:    [0x0000000029000000 - 0x000000006a000000), (1090519040 bytes)
Klass ID Range:  [8 - 1090519033) (1090519025)
Protection zone: [0x0000000029000000 - 0x0000000029010000), (65536 bytes)

GC Precious Log:
 CardTable entry size: 512
 Card Set container configuration: InlinePtr #cards 5 size 8 Array Of Cards #cards 10 size 36 Howl #buckets 4 coarsen threshold 1843 Howl Bitmap #cards 512 size 80 coarsen threshold 460 Card regions per heap region 1 cards per card region 2048
 CPUs: 8 total, 8 available
 Memory: 5877M
 Large Page Support: Disabled
 NUMA Support: Disabled
 Compressed Oops: Enabled (32-bit)
 Heap Region Size: 1M
 Heap Min Capacity: 8M
 Heap Initial Capacity: 8M
 Heap Max Capacity: 1470M
 Pre-touch: Disabled
 Parallel Workers: 8
 Concurrent Workers: 2
 Concurrent Refinement Workers: 8
 Periodic GC: Disabled

Heap:
 garbage-first heap   total reserved 1505280K, committed 92160K, used 28542K [0x00000000a4200000, 0x0000000100000000)
  region size 1M, 14 eden (14M), 2 survivor (2M), 15 old (15M), 1 humongous (1M), 58 free (58M)

Heap Regions: E=young(eden), S=young(survivor), O=old, HS=humongous(starts), HC=humongous(continues), CS=collection set, F=free, TAMS=top-at-mark-start, PB=parsable bottom
|    0|0x00000000a4200000, 0x00000000a4300000, 0x00000000a4300000|100%| O|  |TAMS 0x00000000a4200000| PB 0x00000000a4200000| Untracked |  0
|    1|0x00000000a4300000, 0x00000000a4400000, 0x00000000a4400000|100%| O|  |TAMS 0x00000000a4300000| PB 0x00000000a4300000| Untracked |  0
|    2|0x00000000a4400000, 0x00000000a4500000, 0x00000000a4500000|100%| O|  |TAMS 0x00000000a4400000| PB 0x00000000a4400000| Untracked |  0
|    3|0x00000000a4500000, 0x00000000a4600000, 0x00000000a4600000|100%|HS|  |TAMS 0x00000000a4500000| PB 0x00000000a4500000| Complete  |  0
|    4|0x00000000a4600000, 0x00000000a4700000, 0x00000000a4700000|100%| O|  |TAMS 0x00000000a4600000| PB 0x00000000a4600000| Untracked |  0
|    5|0x00000000a4700000, 0x00000000a4800000, 0x00000000a4800000|100%| O|  |TAMS 0x00000000a4700000| PB 0x00000000a4700000| Untracked |  0
|    6|0x00000000a4800000, 0x00000000a4900000, 0x00000000a4900000|100%| O|  |TAMS 0x00000000a4800000| PB 0x00000000a4800000| Untracked |  0
|    7|0x00000000a4900000, 0x00000000a4a00000, 0x00000000a4a00000|100%| O|  |TAMS 0x00000000a4900000| PB 0x00000000a4900000| Untracked |  0
|    8|0x00000000a4a00000, 0x00000000a4b00000, 0x00000000a4b00000|100%| O|  |TAMS 0x00000000a4a00000| PB 0x00000000a4a00000| Untracked |  0
|    9|0x00000000a4b00000, 0x00000000a4c00000, 0x00000000a4c00000|100%| O|  |TAMS 0x00000000a4b00000| PB 0x00000000a4b00000| Untracked |  0
|   10|0x00000000a4c00000, 0x00000000a4d00000, 0x00000000a4d00000|100%| O|  |TAMS 0x00000000a4c00000| PB 0x00000000a4c00000| Untracked |  0
|   11|0x00000000a4d00000, 0x00000000a4e00000, 0x00000000a4e00000|100%| O|  |TAMS 0x00000000a4d00000| PB 0x00000000a4d00000| Untracked |  0
|   12|0x00000000a4e00000, 0x00000000a4f00000, 0x00000000a4f00000|100%| O|  |TAMS 0x00000000a4e00000| PB 0x00000000a4e00000| Untracked |  0
|   13|0x00000000a4f00000, 0x00000000a4f5e610, 0x00000000a5000000| 36%| O|  |TAMS 0x00000000a4f00000| PB 0x00000000a4f00000| Untracked |  0
|   14|0x00000000a5000000, 0x00000000a5000000, 0x00000000a5100000|  0%| F|  |TAMS 0x00000000a5000000| PB 0x00000000a5000000| Untracked |  0
|   15|0x00000000a5100000, 0x00000000a5100000, 0x00000000a5200000|  0%| F|  |TAMS 0x00000000a5100000| PB 0x00000000a5100000| Untracked |  0
|   16|0x00000000a5200000, 0x00000000a5200000, 0x00000000a5300000|  0%| F|  |TAMS 0x00000000a5200000| PB 0x00000000a5200000| Untracked |  0
|   17|0x00000000a5300000, 0x00000000a5358538, 0x00000000a5400000| 34%| S|CS|TAMS 0x00000000a5300000| PB 0x00000000a5300000| Complete  |  0
|   18|0x00000000a5400000, 0x00000000a5500000, 0x00000000a5500000|100%| S|CS|TAMS 0x00000000a5400000| PB 0x00000000a5400000| Complete  |  0
|   19|0x00000000a5500000, 0x00000000a5500000, 0x00000000a5600000|  0%| F|  |TAMS 0x00000000a5500000| PB 0x00000000a5500000| Untracked |  0
|   20|0x00000000a5600000, 0x00000000a5600000, 0x00000000a5700000|  0%| F|  |TAMS 0x00000000a5600000| PB 0x00000000a5600000| Untracked |  0
|   21|0x00000000a5700000, 0x00000000a5700000, 0x00000000a5800000|  0%| F|  |TAMS 0x00000000a5700000| PB 0x00000000a5700000| Untracked |  0
|   22|0x00000000a5800000, 0x00000000a5800000, 0x00000000a5900000|  0%| F|  |TAMS 0x00000000a5800000| PB 0x00000000a5800000| Untracked |  0
|   23|0x00000000a5900000, 0x00000000a5900000, 0x00000000a5a00000|  0%| F|  |TAMS 0x00000000a5900000| PB 0x00000000a5900000| Untracked |  0
|   24|0x00000000a5a00000, 0x00000000a5a00000, 0x00000000a5b00000|  0%| F|  |TAMS 0x00000000a5a00000| PB 0x00000000a5a00000| Untracked |  0
|   25|0x00000000a5b00000, 0x00000000a5b00000, 0x00000000a5c00000|  0%| F|  |TAMS 0x00000000a5b00000| PB 0x00000000a5b00000| Untracked |  0
|   26|0x00000000a5c00000, 0x00000000a5c00000, 0x00000000a5d00000|  0%| F|  |TAMS 0x00000000a5c00000| PB 0x00000000a5c00000| Untracked |  0
|   27|0x00000000a5d00000, 0x00000000a5d00000, 0x00000000a5e00000|  0%| F|  |TAMS 0x00000000a5d00000| PB 0x00000000a5d00000| Untracked |  0
|   28|0x00000000a5e00000, 0x00000000a5e00000, 0x00000000a5f00000|  0%| F|  |TAMS 0x00000000a5e00000| PB 0x00000000a5e00000| Untracked |  0
|   29|0x00000000a5f00000, 0x00000000a5f00000, 0x00000000a6000000|  0%| F|  |TAMS 0x00000000a5f00000| PB 0x00000000a5f00000| Untracked |  0
|   30|0x00000000a6000000, 0x00000000a6000000, 0x00000000a6100000|  0%| F|  |TAMS 0x00000000a6000000| PB 0x00000000a6000000| Untracked |  0
|   31|0x00000000a6100000, 0x00000000a6100000, 0x00000000a6200000|  0%| F|  |TAMS 0x00000000a6100000| PB 0x00000000a6100000| Untracked |  0
|   32|0x00000000a6200000, 0x00000000a6200000, 0x00000000a6300000|  0%| F|  |TAMS 0x00000000a6200000| PB 0x00000000a6200000| Untracked |  0
|   33|0x00000000a6300000, 0x00000000a6300000, 0x00000000a6400000|  0%| F|  |TAMS 0x00000000a6300000| PB 0x00000000a6300000| Untracked |  0
|   34|0x00000000a6400000, 0x00000000a6400000, 0x00000000a6500000|  0%| F|  |TAMS 0x00000000a6400000| PB 0x00000000a6400000| Untracked |  0
|   35|0x00000000a6500000, 0x00000000a6500000, 0x00000000a6600000|  0%| F|  |TAMS 0x00000000a6500000| PB 0x00000000a6500000| Untracked |  0
|   36|0x00000000a6600000, 0x00000000a6600000, 0x00000000a6700000|  0%| F|  |TAMS 0x00000000a6600000| PB 0x00000000a6600000| Untracked |  0
|   37|0x00000000a6700000, 0x00000000a6700000, 0x00000000a6800000|  0%| F|  |TAMS 0x00000000a6700000| PB 0x00000000a6700000| Untracked |  0
|   38|0x00000000a6800000, 0x00000000a6800000, 0x00000000a6900000|  0%| F|  |TAMS 0x00000000a6800000| PB 0x00000000a6800000| Untracked |  0
|   39|0x00000000a6900000, 0x00000000a6900000, 0x00000000a6a00000|  0%| F|  |TAMS 0x00000000a6900000| PB 0x00000000a6900000| Untracked |  0
|   40|0x00000000a6a00000, 0x00000000a6a00000, 0x00000000a6b00000|  0%| F|  |TAMS 0x00000000a6a00000| PB 0x00000000a6a00000| Untracked |  0
|   41|0x00000000a6b00000, 0x00000000a6b00000, 0x00000000a6c00000|  0%| F|  |TAMS 0x00000000a6b00000| PB 0x00000000a6b00000| Untracked |  0
|   42|0x00000000a6c00000, 0x00000000a6c00000, 0x00000000a6d00000|  0%| F|  |TAMS 0x00000000a6c00000| PB 0x00000000a6c00000| Untracked |  0
|   43|0x00000000a6d00000, 0x00000000a6d00000, 0x00000000a6e00000|  0%| F|  |TAMS 0x00000000a6d00000| PB 0x00000000a6d00000| Untracked |  0
|   44|0x00000000a6e00000, 0x00000000a6e00000, 0x00000000a6f00000|  0%| F|  |TAMS 0x00000000a6e00000| PB 0x00000000a6e00000| Untracked |  0
|   45|0x00000000a6f00000, 0x00000000a6f00000, 0x00000000a7000000|  0%| F|  |TAMS 0x00000000a6f00000| PB 0x00000000a6f00000| Untracked |  0
|   46|0x00000000a7000000, 0x00000000a7000000, 0x00000000a7100000|  0%| F|  |TAMS 0x00000000a7000000| PB 0x00000000a7000000| Untracked |  0
|   47|0x00000000a7100000, 0x00000000a7100000, 0x00000000a7200000|  0%| F|  |TAMS 0x00000000a7100000| PB 0x00000000a7100000| Untracked |  0
|   48|0x00000000a7200000, 0x00000000a7200000, 0x00000000a7300000|  0%| F|  |TAMS 0x00000000a7200000| PB 0x00000000a7200000| Untracked |  0
|   49|0x00000000a7300000, 0x00000000a7300000, 0x00000000a7400000|  0%| F|  |TAMS 0x00000000a7300000| PB 0x00000000a7300000| Untracked |  0
|   50|0x00000000a7400000, 0x00000000a7400000, 0x00000000a7500000|  0%| F|  |TAMS 0x00000000a7400000| PB 0x00000000a7400000| Untracked |  0
|   51|0x00000000a7500000, 0x00000000a7500000, 0x00000000a7600000|  0%| F|  |TAMS 0x00000000a7500000| PB 0x00000000a7500000| Untracked |  0
|   52|0x00000000a7600000, 0x00000000a7600000, 0x00000000a7700000|  0%| F|  |TAMS 0x00000000a7600000| PB 0x00000000a7600000| Untracked |  0
|   53|0x00000000a7700000, 0x00000000a7700000, 0x00000000a7800000|  0%| F|  |TAMS 0x00000000a7700000| PB 0x00000000a7700000| Untracked |  0
|   54|0x00000000a7800000, 0x00000000a7800000, 0x00000000a7900000|  0%| F|  |TAMS 0x00000000a7800000| PB 0x00000000a7800000| Untracked |  0
|   55|0x00000000a7900000, 0x00000000a7900000, 0x00000000a7a00000|  0%| F|  |TAMS 0x00000000a7900000| PB 0x00000000a7900000| Untracked |  0
|   56|0x00000000a7a00000, 0x00000000a7a00000, 0x00000000a7b00000|  0%| F|  |TAMS 0x00000000a7a00000| PB 0x00000000a7a00000| Untracked |  0
|   57|0x00000000a7b00000, 0x00000000a7b00000, 0x00000000a7c00000|  0%| F|  |TAMS 0x00000000a7b00000| PB 0x00000000a7b00000| Untracked |  0
|   58|0x00000000a7c00000, 0x00000000a7c00000, 0x00000000a7d00000|  0%| F|  |TAMS 0x00000000a7c00000| PB 0x00000000a7c00000| Untracked |  0
|   59|0x00000000a7d00000, 0x00000000a7d00000, 0x00000000a7e00000|  0%| F|  |TAMS 0x00000000a7d00000| PB 0x00000000a7d00000| Untracked |  0
|   60|0x00000000a7e00000, 0x00000000a7e00000, 0x00000000a7f00000|  0%| F|  |TAMS 0x00000000a7e00000| PB 0x00000000a7e00000| Untracked |  0
|   61|0x00000000a7f00000, 0x00000000a7f00000, 0x00000000a8000000|  0%| F|  |TAMS 0x00000000a7f00000| PB 0x00000000a7f00000| Untracked |  0
|   62|0x00000000a8000000, 0x00000000a8000000, 0x00000000a8100000|  0%| F|  |TAMS 0x00000000a8000000| PB 0x00000000a8000000| Untracked |  0
|   63|0x00000000a8100000, 0x00000000a8100000, 0x00000000a8200000|  0%| F|  |TAMS 0x00000000a8100000| PB 0x00000000a8100000| Untracked |  0
|   64|0x00000000a8200000, 0x00000000a8200000, 0x00000000a8300000|  0%| F|  |TAMS 0x00000000a8200000| PB 0x00000000a8200000| Untracked |  0
|   65|0x00000000a8300000, 0x00000000a8300000, 0x00000000a8400000|  0%| F|  |TAMS 0x00000000a8300000| PB 0x00000000a8300000| Untracked |  0
|   66|0x00000000a8400000, 0x00000000a8400000, 0x00000000a8500000|  0%| F|  |TAMS 0x00000000a8400000| PB 0x00000000a8400000| Untracked |  0
|   67|0x00000000a8500000, 0x00000000a8500000, 0x00000000a8600000|  0%| F|  |TAMS 0x00000000a8500000| PB 0x00000000a8500000| Untracked |  0
|   68|0x00000000a8600000, 0x00000000a8600000, 0x00000000a8700000|  0%| F|  |TAMS 0x00000000a8600000| PB 0x00000000a8600000| Untracked |  0
|   69|0x00000000a8700000, 0x00000000a8700000, 0x00000000a8800000|  0%| F|  |TAMS 0x00000000a8700000| PB 0x00000000a8700000| Untracked |  0
|   70|0x00000000a8800000, 0x00000000a8800000, 0x00000000a8900000|  0%| F|  |TAMS 0x00000000a8800000| PB 0x00000000a8800000| Untracked |  0
|   71|0x00000000a8900000, 0x00000000a8900000, 0x00000000a8a00000|  0%| F|  |TAMS 0x00000000a8900000| PB 0x00000000a8900000| Untracked |  0
|   72|0x00000000a8a00000, 0x00000000a8a00000, 0x00000000a8b00000|  0%| F|  |TAMS 0x00000000a8a00000| PB 0x00000000a8a00000| Untracked |  0
|   73|0x00000000a8b00000, 0x00000000a8b00000, 0x00000000a8c00000|  0%| F|  |TAMS 0x00000000a8b00000| PB 0x00000000a8b00000| Untracked |  0
|   74|0x00000000a8c00000, 0x00000000a8c5a950, 0x00000000a8d00000| 35%| E|CS|TAMS 0x00000000a8c00000| PB 0x00000000a8c00000| Complete  |  0
|   75|0x00000000a8d00000, 0x00000000a8e00000, 0x00000000a8e00000|100%| E|CS|TAMS 0x00000000a8d00000| PB 0x00000000a8d00000| Complete  |  0
|   76|0x00000000a8e00000, 0x00000000a8f00000, 0x00000000a8f00000|100%| E|CS|TAMS 0x00000000a8e00000| PB 0x00000000a8e00000| Complete  |  0
|   77|0x00000000a8f00000, 0x00000000a9000000, 0x00000000a9000000|100%| E|CS|TAMS 0x00000000a8f00000| PB 0x00000000a8f00000| Complete  |  0
|   78|0x00000000a9000000, 0x00000000a9100000, 0x00000000a9100000|100%| E|CS|TAMS 0x00000000a9000000| PB 0x00000000a9000000| Complete  |  0
|   79|0x00000000a9100000, 0x00000000a9200000, 0x00000000a9200000|100%| E|CS|TAMS 0x00000000a9100000| PB 0x00000000a9100000| Complete  |  0
|   80|0x00000000a9200000, 0x00000000a9300000, 0x00000000a9300000|100%| E|CS|TAMS 0x00000000a9200000| PB 0x00000000a9200000| Complete  |  0
|   81|0x00000000a9300000, 0x00000000a9400000, 0x00000000a9400000|100%| E|CS|TAMS 0x00000000a9300000| PB 0x00000000a9300000| Complete  |  0
|   82|0x00000000a9400000, 0x00000000a9500000, 0x00000000a9500000|100%| E|CS|TAMS 0x00000000a9400000| PB 0x00000000a9400000| Complete  |  0
|   83|0x00000000a9500000, 0x00000000a9600000, 0x00000000a9600000|100%| E|CS|TAMS 0x00000000a9500000| PB 0x00000000a9500000| Complete  |  0
|   84|0x00000000a9600000, 0x00000000a9700000, 0x00000000a9700000|100%| E|CS|TAMS 0x00000000a9600000| PB 0x00000000a9600000| Complete  |  0
|   85|0x00000000a9700000, 0x00000000a9800000, 0x00000000a9800000|100%| E|CS|TAMS 0x00000000a9700000| PB 0x00000000a9700000| Complete  |  0
|   86|0x00000000a9800000, 0x00000000a9900000, 0x00000000a9900000|100%| E|CS|TAMS 0x00000000a9800000| PB 0x00000000a9800000| Complete  |  0
|   87|0x00000000a9900000, 0x00000000a9a00000, 0x00000000a9a00000|100%| E|CS|TAMS 0x00000000a9900000| PB 0x00000000a9900000| Complete  |  0
| 1468|0x00000000ffe00000, 0x00000000fff00000, 0x00000000fff00000|100%| O|  |TAMS 0x00000000ffe00000| PB 0x00000000ffe00000| Untracked |  0
| 1469|0x00000000fff00000, 0x00000000fff28d80, 0x0000000100000000| 15%| O|Cm|TAMS 0x00000000fff00000| PB 0x00000000fff00000| Complete  |  0

Card table byte_map: [0x0000029c7e7c0000,0x0000029c7eaa0000] _byte_map_base: 0x0000029c7e29f000
Refinement table byte_map: [0x0000029c7eaa0000,0x0000029c7ed80000] _byte_map_base: 0x0000029c7e57f000

Marking Bits: (CMBitMap*) 0x0000029c7e116840
 Bits: [0x0000029c17c00000, 0x0000029c192f8000)

Polling page: 0x0000029c7c130000

Metaspace:
Metaspace        used 18459K, committed 18752K, reserved 1114112K
 class space     used 2183K, committed 2304K, reserved 1048576K

Usage:
  Non-class:     15.89 MB used.
      Class:      2.13 MB used.
       Both:     18.03 MB used.

Virtual space:
  Non-class space:       64.00 MB reserved,      16.06 MB ( 25%) committed,  1 nodes.
      Class space:        1.00 GB reserved,       2.25 MB ( <1%) committed,  1 nodes.
             Both:        1.06 GB reserved,      18.31 MB (  2%) committed. 

Chunk freelists:
   Non-Class:  15.48 MB
       Class:  13.70 MB
        Both:  29.19 MB

MaxMetaspaceSize: unlimited
CompressedClassSpaceSize: 1.00 GB
Initial GC threshold: 21.00 MB
Current GC threshold: 24.38 MB
CDS: on
 - commit_granule_bytes: 65536.
 - commit_granule_words: 8192.
 - virtual_space_node_default_size: 8388608.
 - enlarge_chunks_in_place: 1.
UseCompressedClassPointers 1, UseCompactObjectHeaders 0
Narrow klass pointer bits 32, Max shift 3
Narrow klass base: 0x0000000029000000, Narrow klass shift: 0
Encoding Range: [0x0000000029000000 - 0x0000000129000000), (4294967296 bytes)
Klass Range:    [0x0000000029000000 - 0x000000006a000000), (1090519040 bytes)
Klass ID Range:  [8 - 1090519033) (1090519025)
Protection zone: [0x0000000029000000 - 0x0000000029010000), (65536 bytes)


Internal statistics:

num_allocs_failed_limit: 0.
num_arena_births: 254.
num_arena_deaths: 0.
num_vsnodes_births: 2.
num_vsnodes_deaths: 0.
num_space_committed: 293.
num_space_uncommitted: 0.
num_chunks_returned_to_freelist: 0.
num_chunks_taken_from_freelist: 750.
num_chunk_merges: 0.
num_chunk_splits: 442.
num_chunks_enlarged: 305.
num_inconsistent_stats: 0.

CodeHeap 'non-profiled nmethods': size=120064Kb used=933Kb max_used=933Kb free=119130Kb
 bounds [0x0000029c106c0000, 0x0000029c10930000, 0x0000029c17c00000]
CodeHeap 'profiled nmethods': size=120064Kb used=4820Kb max_used=4820Kb free=115243Kb
 bounds [0x0000029c08be0000, 0x0000029c090a0000, 0x0000029c10120000]
CodeHeap 'non-nmethods': size=5760Kb used=1504Kb max_used=1592Kb free=4255Kb
 bounds [0x0000029c10120000, 0x0000029c10390000, 0x0000029c106c0000]
CodeCache: size=245888Kb, used=7257Kb, max_used=7345Kb, free=238628Kb
 total_blobs=3599, nmethods=2992, adapters=509, full_count=0
Compilation: enabled, stopped_count=0, restarted_count=0

Compilation events (20 events):
Event: 18.508 Thread 0x0000029c7f772420 2982       3       java.lang.Thread::interrupted (7 bytes)
Event: 18.508 Thread 0x0000029c7f772420 nmethod 2982 0x0000029c09093408 code [0x0000029c09093500, 0x0000029c090936c8]
Event: 18.508 Thread 0x0000029c7f772420 2983       3       java.lang.Thread::getAndClearInterrupt (19 bytes)
Event: 18.508 Thread 0x0000029c7f772420 nmethod 2983 0x0000029c09093708 code [0x0000029c09093800, 0x0000029c09093978]
Event: 18.522 Thread 0x0000029c7f76b1a0 nmethod 2978 0x0000029c107a6b88 code [0x0000029c107a6c80, 0x0000029c107a8300]
Event: 18.571 Thread 0x0000029c7f772420 2984       1       java.lang.VirtualThread::isInterrupted (5 bytes)
Event: 18.571 Thread 0x0000029c7f772420 nmethod 2984 0x0000029c107a8388 code [0x0000029c107a8480, 0x0000029c107a8538]
Event: 18.571 Thread 0x0000029c7f772420 2985       3       java.util.concurrent.CompletableFuture$UniCompletion::<init> (20 bytes)
Event: 18.572 Thread 0x0000029c7f772420 nmethod 2985 0x0000029c09093a08 code [0x0000029c09093b00, 0x0000029c09093e08]
Event: 18.572 Thread 0x0000029c7f772420 2986       3       java.util.concurrent.atomic.AtomicLong::compareAndSet (13 bytes)
Event: 18.572 Thread 0x0000029c7f772420 nmethod 2986 0x0000029c09093e88 code [0x0000029c09093f80, 0x0000029c09094098]
Event: 18.572 Thread 0x0000029c7f772420 2988       1       java.util.concurrent.ForkJoinWorkerThread::getPool (5 bytes)
Event: 18.572 Thread 0x0000029c7f772420 nmethod 2988 0x0000029c107a8988 code [0x0000029c107a8a80, 0x0000029c107a8b38]
Event: 18.572 Thread 0x0000029c7f76b1a0 2989       4       java.lang.AbstractStringBuilder::append (127 bytes)
Event: 18.579 Thread 0x0000029c7f772420 2991       3       org.openqa.selenium.json.JsonOutput::lambda$asString$34 (37 bytes)
Event: 18.579 Thread 0x0000029c7f772420 nmethod 2991 0x0000029c09094188 code [0x0000029c09094280, 0x0000029c09094a68]
Event: 18.586 Thread 0x0000029c7f772420 2997       3       jdk.internal.misc.Unsafe::checkOffset (32 bytes)
Event: 18.586 Thread 0x0000029c7f772420 nmethod 2997 0x0000029c09094a88 code [0x0000029c09094b80, 0x0000029c09094de0]
Event: 19.578 Thread 0x0000029c7f772420 2996       3       java.util.concurrent.locks.LockSupport::setCurrentBlocker (14 bytes)
Event: 19.579 Thread 0x0000029c7f772420 nmethod 2996 0x0000029c09094e08 code [0x0000029c09094f00, 0x0000029c09095190]

GC Heap Usage History (20 events):
Event: 0.258 {heap Before GC invocations=0 (full 0):
 garbage-first heap   total reserved 1505280K, committed 10240K, used 5283K [0x00000000a4200000, 0x0000000100000000)
  region size 1M, 4 eden (4M), 0 survivor (0M), 2 old (2M), 0 humongous (0M), 4 free (4M)
}
Event: 0.263 {heap After GC invocations=1 (full 0):
 garbage-first heap   total reserved 1505280K, committed 10240K, used 2467K [0x00000000a4200000, 0x0000000100000000)
  region size 1M, 0 eden (0M), 1 survivor (1M), 3 old (3M), 0 humongous (0M), 6 free (6M)
}
Event: 0.333 {heap Before GC invocations=1 (full 0):
 garbage-first heap   total reserved 1505280K, committed 10240K, used 3491K [0x00000000a4200000, 0x0000000100000000)
  region size 1M, 2 eden (2M), 1 survivor (1M), 3 old (3M), 0 humongous (0M), 4 free (4M)
}
Event: 0.336 {heap After GC invocations=2 (full 0):
 garbage-first heap   total reserved 1505280K, committed 10240K, used 4199K [0x00000000a4200000, 0x0000000100000000)
  region size 1M, 0 eden (0M), 1 survivor (1M), 4 old (4M), 0 humongous (0M), 5 free (5M)
}
Event: 0.359 {heap Before GC invocations=2 (full 0):
 garbage-first heap   total reserved 1505280K, committed 10240K, used 4199K [0x00000000a4200000, 0x0000000100000000)
  region size 1M, 1 eden (1M), 1 survivor (1M), 4 old (4M), 0 humongous (0M), 4 free (4M)
}
Event: 0.361 {heap After GC invocations=3 (full 0):
 garbage-first heap   total reserved 1505280K, committed 30720K, used 4659K [0x00000000a4200000, 0x0000000100000000)
  region size 1M, 0 eden (0M), 1 survivor (1M), 5 old (5M), 0 humongous (0M), 24 free (24M)
}
Event: 0.960 {heap Before GC invocations=3 (full 0):
 garbage-first heap   total reserved 1505280K, committed 30720K, used 16947K [0x00000000a4200000, 0x0000000100000000)
  region size 1M, 11 eden (11M), 1 survivor (1M), 5 old (5M), 2 humongous (2M), 11 free (11M)
}
Event: 0.964 {heap After GC invocations=4 (full 0):
 garbage-first heap   total reserved 1505280K, committed 30720K, used 6992K [0x00000000a4200000, 0x0000000100000000)
  region size 1M, 0 eden (0M), 2 survivor (2M), 5 old (5M), 1 humongous (1M), 22 free (22M)
}
Event: 1.454 {heap Before GC invocations=4 (full 0):
 garbage-first heap   total reserved 1505280K, committed 30720K, used 17232K [0x00000000a4200000, 0x0000000100000000)
  region size 1M, 11 eden (11M), 2 survivor (2M), 5 old (5M), 1 humongous (1M), 11 free (11M)
}
Event: 1.460 {heap After GC invocations=5 (full 0):
 garbage-first heap   total reserved 1505280K, committed 30720K, used 9148K [0x00000000a4200000, 0x0000000100000000)
  region size 1M, 0 eden (0M), 2 survivor (2M), 7 old (7M), 1 humongous (1M), 20 free (20M)
}
Event: 1.946 {heap Before GC invocations=5 (full 0):
 garbage-first heap   total reserved 1505280K, committed 30720K, used 20412K [0x00000000a4200000, 0x0000000100000000)
  region size 1M, 11 eden (11M), 2 survivor (2M), 7 old (7M), 1 humongous (1M), 9 free (9M)
}
Event: 1.956 {heap After GC invocations=6 (full 0):
 garbage-first heap   total reserved 1505280K, committed 30720K, used 10849K [0x00000000a4200000, 0x0000000100000000)
  region size 1M, 0 eden (0M), 2 survivor (2M), 9 old (9M), 1 humongous (1M), 18 free (18M)
}
Event: 2.146 {heap Before GC invocations=6 (full 0):
 garbage-first heap   total reserved 1505280K, committed 30720K, used 21089K [0x00000000a4200000, 0x0000000100000000)
  region size 1M, 10 eden (10M), 2 survivor (2M), 9 old (9M), 1 humongous (1M), 8 free (8M)
}
Event: 2.153 {heap After GC invocations=7 (full 0):
 garbage-first heap   total reserved 1505280K, committed 30720K, used 13165K [0x00000000a4200000, 0x0000000100000000)
  region size 1M, 0 eden (0M), 2 survivor (2M), 11 old (11M), 1 humongous (1M), 16 free (16M)
}
Event: 2.214 {heap Before GC invocations=7 (full 0):
 garbage-first heap   total reserved 1505280K, committed 30720K, used 22381K [0x00000000a4200000, 0x0000000100000000)
  region size 1M, 9 eden (9M), 2 survivor (2M), 11 old (11M), 1 humongous (1M), 7 free (7M)
}
Event: 2.220 {heap After GC invocations=8 (full 0):
 garbage-first heap   total reserved 1505280K, committed 30720K, used 14967K [0x00000000a4200000, 0x0000000100000000)
  region size 1M, 0 eden (0M), 2 survivor (2M), 13 old (13M), 1 humongous (1M), 14 free (14M)
}
Event: 2.815 {heap Before GC invocations=8 (full 0):
 garbage-first heap   total reserved 1505280K, committed 30720K, used 23159K [0x00000000a4200000, 0x0000000100000000)
  region size 1M, 8 eden (8M), 2 survivor (2M), 13 old (13M), 1 humongous (1M), 6 free (6M)
}
Event: 2.823 {heap After GC invocations=9 (full 0):
 garbage-first heap   total reserved 1505280K, committed 30720K, used 15694K [0x00000000a4200000, 0x0000000100000000)
  region size 1M, 0 eden (0M), 1 survivor (1M), 15 old (15M), 1 humongous (1M), 13 free (13M)
}
Event: 3.233 {heap Before GC invocations=10 (full 0):
 garbage-first heap   total reserved 1505280K, committed 30720K, used 23886K [0x00000000a4200000, 0x0000000100000000)
  region size 1M, 8 eden (8M), 1 survivor (1M), 15 old (15M), 1 humongous (1M), 5 free (5M)
}
Event: 3.236 {heap After GC invocations=11 (full 0):
 garbage-first heap   total reserved 1505280K, committed 92160K, used 16254K [0x00000000a4200000, 0x0000000100000000)
  region size 1M, 0 eden (0M), 2 survivor (2M), 15 old (15M), 1 humongous (1M), 72 free (72M)
}

Metaspace Usage History (20 events):
Event: 0.258 {metaspace Before GC invocations=0 (full 0):
 Metaspace       used 1703K, committed 1856K, reserved 1114112K
  class space    used 139K, committed 192K, reserved 1048576K
}
Event: 0.263 {metaspace After GC invocations=1 (full 0):
 Metaspace       used 1703K, committed 1856K, reserved 1114112K
  class space    used 139K, committed 192K, reserved 1048576K
}
Event: 0.333 {metaspace Before GC invocations=1 (full 0):
 Metaspace       used 1900K, committed 1984K, reserved 1114112K
  class space    used 163K, committed 192K, reserved 1048576K
}
Event: 0.336 {metaspace After GC invocations=2 (full 0):
 Metaspace       used 1900K, committed 1984K, reserved 1114112K
  class space    used 163K, committed 192K, reserved 1048576K
}
Event: 0.359 {metaspace Before GC invocations=2 (full 0):
 Metaspace       used 1912K, committed 1984K, reserved 1114112K
  class space    used 163K, committed 192K, reserved 1048576K
}
Event: 0.361 {metaspace After GC invocations=3 (full 0):
 Metaspace       used 1912K, committed 1984K, reserved 1114112K
  class space    used 163K, committed 192K, reserved 1048576K
}
Event: 0.960 {metaspace Before GC invocations=3 (full 0):
 Metaspace       used 5076K, committed 5184K, reserved 1114112K
  class space    used 517K, committed 576K, reserved 1048576K
}
Event: 0.964 {metaspace After GC invocations=4 (full 0):
 Metaspace       used 5076K, committed 5184K, reserved 1114112K
  class space    used 517K, committed 576K, reserved 1048576K
}
Event: 1.454 {metaspace Before GC invocations=4 (full 0):
 Metaspace       used 8051K, committed 8320K, reserved 1114112K
  class space    used 847K, committed 960K, reserved 1048576K
}
Event: 1.460 {metaspace After GC invocations=5 (full 0):
 Metaspace       used 8051K, committed 8320K, reserved 1114112K
  class space    used 847K, committed 960K, reserved 1048576K
}
Event: 1.946 {metaspace Before GC invocations=5 (full 0):
 Metaspace       used 10506K, committed 10688K, reserved 1114112K
  class space    used 1127K, committed 1216K, reserved 1048576K
}
Event: 1.956 {metaspace After GC invocations=6 (full 0):
 Metaspace       used 10506K, committed 10688K, reserved 1114112K
  class space    used 1127K, committed 1216K, reserved 1048576K
}
Event: 2.146 {metaspace Before GC invocations=6 (full 0):
 Metaspace       used 10714K, committed 10944K, reserved 1114112K
  class space    used 1127K, committed 1216K, reserved 1048576K
}
Event: 2.153 {metaspace After GC invocations=7 (full 0):
 Metaspace       used 10714K, committed 10944K, reserved 1114112K
  class space    used 1127K, committed 1216K, reserved 1048576K
}
Event: 2.214 {metaspace Before GC invocations=7 (full 0):
 Metaspace       used 10761K, committed 10944K, reserved 1114112K
  class space    used 1127K, committed 1216K, reserved 1048576K
}
Event: 2.220 {metaspace After GC invocations=8 (full 0):
 Metaspace       used 10761K, committed 10944K, reserved 1114112K
  class space    used 1127K, committed 1216K, reserved 1048576K
}
Event: 2.815 {metaspace Before GC invocations=8 (full 0):
 Metaspace       used 14596K, committed 14912K, reserved 1114112K
  class space    used 1619K, committed 1792K, reserved 1048576K
}
Event: 2.823 {metaspace After GC invocations=9 (full 0):
 Metaspace       used 14596K, committed 14912K, reserved 1114112K
  class space    used 1619K, committed 1792K, reserved 1048576K
}
Event: 3.233 {metaspace Before GC invocations=10 (full 0):
 Metaspace       used 16650K, committed 16960K, reserved 1114112K
  class space    used 1922K, committed 2048K, reserved 1048576K
}
Event: 3.236 {metaspace After GC invocations=11 (full 0):
 Metaspace       used 16650K, committed 16960K, reserved 1114112K
  class space    used 1922K, committed 2048K, reserved 1048576K
}

Dll operation events (20 events):
Event: 0.012 Attempting to load shared library C:\Program Files\Java\jdk-26.0.1\bin\java.dll
Event: 0.014 Loaded shared library C:\Program Files\Java\jdk-26.0.1\bin\java.dll
Event: 0.064 Attempting to load shared library C:\Program Files\Java\jdk-26.0.1\bin\net.dll
Event: 0.064 Loaded shared library C:\Program Files\Java\jdk-26.0.1\bin\net.dll
Event: 0.067 Attempting to load shared library C:\Program Files\Java\jdk-26.0.1\bin\nio.dll
Event: 0.067 Loaded shared library C:\Program Files\Java\jdk-26.0.1\bin\nio.dll
Event: 0.071 Attempting to load shared library C:\Program Files\Java\jdk-26.0.1\bin\zip.dll
Event: 0.072 Loaded shared library C:\Program Files\Java\jdk-26.0.1\bin\zip.dll
Event: 0.115 Attempting to load shared library C:\Program Files\Java\jdk-26.0.1\bin\management.dll
Event: 0.116 Loaded shared library C:\Program Files\Java\jdk-26.0.1\bin\management.dll
Event: 0.124 Attempting to load shared library C:\Program Files\Java\jdk-26.0.1\bin\management_ext.dll
Event: 0.126 Loaded shared library C:\Program Files\Java\jdk-26.0.1\bin\management_ext.dll
Event: 0.178 Attempting to load shared library C:\Program Files\Java\jdk-26.0.1\bin\jimage.dll
Event: 0.178 Loaded shared library C:\Program Files\Java\jdk-26.0.1\bin\jimage.dll
Event: 0.238 Attempting to load shared library C:\Program Files\Java\jdk-26.0.1\bin\verify.dll
Event: 0.239 Loaded shared library C:\Program Files\Java\jdk-26.0.1\bin\verify.dll
Event: 2.376 Attempting to load shared library C:\Program Files\Java\jdk-26.0.1\bin\extnet.dll
Event: 2.378 Loaded shared library C:\Program Files\Java\jdk-26.0.1\bin\extnet.dll
Event: 2.625 Attempting to load shared library C:\Program Files\Java\jdk-26.0.1\bin\sunmscapi.dll
Event: 2.630 Loaded shared library C:\Program Files\Java\jdk-26.0.1\bin\sunmscapi.dll

Deoptimization events (20 events):
Event: 6.651 Thread 0x0000029c7bdd1df0 Uncommon trap: trap_request=0xffffff66 fr.pc=0x0000029c10798540 relative=0x0000000000000240
Event: 6.651 Thread 0x0000029c7bdd1df0 Uncommon trap: reason=loop_limit_check action=maybe_recompile pc=0x0000029c10798540 method=java.math.BigInteger.implMulAdd([I[IIII)I @ 26 c2
Event: 6.651 Thread 0x0000029c7bdd1df0 DEOPT PACKING pc=0x0000029c10798540 sp=0x000000d3f95fa8e0
Event: 6.651 Thread 0x0000029c7bdd1df0 DEOPT UNPACKING pc=0x0000029c10243582 sp=0x000000d3f95fa830 mode 2
Event: 8.908 Thread 0x0000029c1b542db0 Uncommon trap: trap_request=0xffffffbe fr.pc=0x0000029c107a4680 relative=0x0000000000000700
Event: 8.908 Thread 0x0000029c1b542db0 Uncommon trap: reason=profile_predicate action=maybe_recompile pc=0x0000029c107a4680 method=java.util.regex.Pattern$Start.match(Ljava/util/regex/Matcher;ILjava/lang/CharSequence;)Z @ 34 c2
Event: 8.908 Thread 0x0000029c1b542db0 DEOPT PACKING pc=0x0000029c107a4680 sp=0x000000d3fa9ff250
Event: 8.908 Thread 0x0000029c1b542db0 DEOPT UNPACKING pc=0x0000029c10243582 sp=0x000000d3fa9ff148 mode 2
Event: 8.909 Thread 0x0000029c1b542db0 Uncommon trap: trap_request=0xffffffbe fr.pc=0x0000029c107a4680 relative=0x0000000000000700
Event: 8.909 Thread 0x0000029c1b542db0 Uncommon trap: reason=profile_predicate action=maybe_recompile pc=0x0000029c107a4680 method=java.util.regex.Pattern$Start.match(Ljava/util/regex/Matcher;ILjava/lang/CharSequence;)Z @ 34 c2
Event: 8.909 Thread 0x0000029c1b542db0 DEOPT PACKING pc=0x0000029c107a4680 sp=0x000000d3fa9ff250
Event: 8.909 Thread 0x0000029c1b542db0 DEOPT UNPACKING pc=0x0000029c10243582 sp=0x000000d3fa9ff148 mode 2
Event: 8.909 Thread 0x0000029c1b542db0 Uncommon trap: trap_request=0xffffffbe fr.pc=0x0000029c107a4680 relative=0x0000000000000700
Event: 8.909 Thread 0x0000029c1b542db0 Uncommon trap: reason=profile_predicate action=maybe_recompile pc=0x0000029c107a4680 method=java.util.regex.Pattern$Start.match(Ljava/util/regex/Matcher;ILjava/lang/CharSequence;)Z @ 34 c2
Event: 8.909 Thread 0x0000029c1b542db0 DEOPT PACKING pc=0x0000029c107a4680 sp=0x000000d3fa9ff250
Event: 8.909 Thread 0x0000029c1b542db0 DEOPT UNPACKING pc=0x0000029c10243582 sp=0x000000d3fa9ff148 mode 2
Event: 8.909 Thread 0x0000029c1b542db0 Uncommon trap: trap_request=0xffffffbe fr.pc=0x0000029c107a4680 relative=0x0000000000000700
Event: 8.909 Thread 0x0000029c1b542db0 Uncommon trap: reason=profile_predicate action=maybe_recompile pc=0x0000029c107a4680 method=java.util.regex.Pattern$Start.match(Ljava/util/regex/Matcher;ILjava/lang/CharSequence;)Z @ 34 c2
Event: 8.909 Thread 0x0000029c1b542db0 DEOPT PACKING pc=0x0000029c107a4680 sp=0x000000d3fa9ff250
Event: 8.909 Thread 0x0000029c1b542db0 DEOPT UNPACKING pc=0x0000029c10243582 sp=0x000000d3fa9ff148 mode 2

Classes loaded (20 events):
Event: 7.005 Loading class sun/util/logging/resources/logging_en_PH
Event: 7.005 Loading class sun/util/logging/resources/logging_en_PH done
Event: 7.005 Loading class java/util/Formatter$DateTime
Event: 7.007 Loading class java/util/Formatter$DateTime done
Event: 7.007 Loading class java/time/ZonedDateTime$1
Event: 7.009 Loading class java/time/ZonedDateTime$1 done
Event: 18.136 Loading class java/lang/Throwable$WrappedPrintWriter
Event: 18.136 Loading class java/lang/Throwable$PrintStreamOrWriter
Event: 18.137 Loading class java/lang/Throwable$PrintStreamOrWriter done
Event: 18.137 Loading class java/lang/Throwable$WrappedPrintWriter done
Event: 18.137 Loading class java/lang/StackTraceElement$HashedModules
Event: 18.138 Loading class java/lang/StackTraceElement$HashedModules done
Event: 18.224 Loading class java/io/UnsupportedEncodingException
Event: 18.224 Loading class java/io/UnsupportedEncodingException done
Event: 18.224 Loading class java/net/URLEncoder
Event: 18.225 Loading class java/net/URLEncoder done
Event: 18.225 Loading class jdk/internal/util/ImmutableBitSetPredicate
Event: 18.226 Loading class jdk/internal/util/ImmutableBitSetPredicate done
Event: 18.226 Loading class jdk/internal/util/ImmutableBitSetPredicate$SmallImmutableBitSetPredicate
Event: 18.227 Loading class jdk/internal/util/ImmutableBitSetPredicate$SmallImmutableBitSetPredicate done

Classes unloaded (0 events):
No events

Classes redefined (0 events):
No events

Internal exceptions (20 events):
Event: 2.855 Thread 0x0000029c7bdd1df0 Exception <a 'java/lang/IncompatibleClassChangeError'{0x00000000a5d920d8}: Found class java.lang.Object, but interface was expected> (0x00000000a5d920d8) 
thrown [s\open\src\hotspot\share\interpreter\linkResolver.cpp, line 871]
Event: 2.857 Thread 0x0000029c7bdd1df0 Exception <a 'java/lang/NoSuchMethodError'{0x00000000a5da8ba0}: 'int java.lang.invoke.DirectMethodHandle$Holder.invokeSpecialIFC(java.lang.Object, java.lang.Object, java.lang.Object, java.lang.Object)'> (0x00000000a5da8ba0) 
thrown [s\open\src\hotspot\share\interpreter\linkResolver.cpp, line 804]
Event: 2.867 Thread 0x0000029c7bdd1df0 Exception <a 'java/lang/NoSuchMethodError'{0x00000000a5de2c18}: 'java.lang.Object java.lang.invoke.DirectMethodHandle$Holder.invokeVirtual(java.lang.Object, java.lang.Object, java.lang.Object, java.lang.Object)'> (0x00000000a5de2c18) 
thrown [s\open\src\hotspot\share\interpreter\linkResolver.cpp, line 804]
Event: 2.903 Thread 0x0000029c20abc630 Exception <a 'java/net/ConnectException'{0x00000000a5c66f20}: Connection refused: getsockopt> (0x00000000a5c66f20) 
thrown [s\open\src\hotspot\share\prims\jni.cpp, line 532]
Event: 2.916 Thread 0x0000029c20abc630 Exception <a 'java/net/ConnectException'{0x00000000a5c68128}: Connection refused: getsockopt> (0x00000000a5c68128) 
thrown [s\open\src\hotspot\share\prims\jni.cpp, line 532]
Event: 2.938 Thread 0x0000029c20abc630 Exception <a 'java/net/ConnectException'{0x00000000a5c68fc8}: Connection refused: getsockopt> (0x00000000a5c68fc8) 
thrown [s\open\src\hotspot\share\prims\jni.cpp, line 532]
Event: 3.022 Thread 0x0000029c7bdd1df0 Exception <a 'java/lang/NoSuchMethodError'{0x00000000a5cde528}: 'double java.lang.invoke.DirectMethodHandle$Holder.invokeVirtual(java.lang.Object, java.lang.Object)'> (0x00000000a5cde528) 
thrown [s\open\src\hotspot\share\interpreter\linkResolver.cpp, line 804]
Event: 3.024 Thread 0x0000029c7bdd1df0 Exception <a 'java/lang/NoSuchMethodError'{0x00000000a5cea238}: 'float java.lang.invoke.DirectMethodHandle$Holder.invokeVirtual(java.lang.Object, java.lang.Object)'> (0x00000000a5cea238) 
thrown [s\open\src\hotspot\share\interpreter\linkResolver.cpp, line 804]
Event: 3.026 Thread 0x0000029c7bdd1df0 Exception <a 'java/lang/NoSuchMethodError'{0x00000000a5b055f8}: 'long java.lang.invoke.DirectMethodHandle$Holder.invokeVirtual(java.lang.Object, java.lang.Object)'> (0x00000000a5b055f8) 
thrown [s\open\src\hotspot\share\interpreter\linkResolver.cpp, line 804]
Event: 3.093 Thread 0x0000029c7bdd1df0 Exception <a 'java/lang/NoSuchMethodError'{0x00000000a5931630}: 'java.lang.Object java.lang.invoke.DirectMethodHandle$Holder.newInvokeSpecial(java.lang.Object, java.lang.Object, int, int)'> (0x00000000a5931630) 
thrown [s\open\src\hotspot\share\interpreter\linkResolver.cpp, line 804]
Event: 3.096 Thread 0x0000029c7bdd1df0 Exception <a 'java/lang/NoSuchMethodError'{0x00000000a5942780}: 'void java.lang.invoke.DirectMethodHandle$Holder.invokeStatic(java.lang.Object, java.lang.Object, int)'> (0x00000000a5942780) 
thrown [s\open\src\hotspot\share\interpreter\linkResolver.cpp, line 804]
Event: 3.204 Thread 0x0000029c20c38520 Exception <a 'java/lang/NoSuchMethodError'{0x00000000a5636f90}: 'java.lang.Object java.lang.invoke.DirectMethodHandle$Holder.invokeSpecial(java.lang.Object, java.lang.Object, java.lang.Object, java.lang.Object, java.lang.Object, int)'> (0x00000000a5636f90) 
thrown [s\open\src\hotspot\share\interpreter\linkResolver.cpp, line 804]
Event: 3.216 Thread 0x0000029c20c38520 Exception <a 'java/lang/IncompatibleClassChangeError'{0x00000000a567bb00}: Found class java.lang.Object, but interface was expected> (0x00000000a567bb00) 
thrown [s\open\src\hotspot\share\interpreter\linkResolver.cpp, line 871]
Event: 3.233 Thread 0x0000029c20c38520 Exception <a 'java/lang/NoSuchMethodError'{0x00000000a56f7ff8}: 'void java.lang.invoke.DirectMethodHandle$Holder.invokeSpecial(java.lang.Object, java.lang.Object, java.lang.Object, java.lang.Object, java.lang.Object)'> (0x00000000a56f7ff8) 
thrown [s\open\src\hotspot\share\interpreter\linkResolver.cpp, line 804]
Event: 3.247 Thread 0x0000029c20c38520 Exception <a 'java/lang/NoSuchMethodError'{0x00000000a9943ed0}: 'long java.lang.invoke.DirectMethodHandle$Holder.invokeStatic(java.lang.Object, long, long)'> (0x00000000a9943ed0) 
thrown [s\open\src\hotspot\share\interpreter\linkResolver.cpp, line 804]
Event: 3.254 Thread 0x0000029c20b4a9b0 Exception <a 'java/lang/NoSuchMethodError'{0x00000000a9992560}: 'int java.lang.invoke.DirectMethodHandle$Holder.invokeStatic(java.lang.Object, int, java.lang.Object)'> (0x00000000a9992560) 
thrown [s\open\src\hotspot\share\interpreter\linkResolver.cpp, line 804]
Event: 6.559 Thread 0x0000029c20c38520 Exception <a 'java/lang/NoSuchMethodError'{0x00000000a97b9520}: 'long java.lang.invoke.DirectMethodHandle$Holder.invokeStatic(java.lang.Object, java.lang.Object)'> (0x00000000a97b9520) 
thrown [s\open\src\hotspot\share\interpreter\linkResolver.cpp, line 804]
Event: 6.588 Thread 0x0000029c20c38520 Exception <a 'java/lang/NoSuchMethodError'{0x00000000a9622e88}: 'void java.lang.invoke.DirectMethodHandle$Holder.invokeSpecial(java.lang.Object, java.lang.Object, java.lang.Object, java.lang.Object, java.lang.Object, java.lang.Object, java.lang.Object)'> (0x00000000a9622e88) 
thrown [s\open\src\hotspot\share\interpreter\linkResolver.cpp, line 804]
Event: 6.669 Thread 0x0000029c7bdd1df0 Exception <a 'java/lang/NoSuchMethodError'{0x00000000a9315da8}: 'java.lang.Object java.lang.invoke.DirectMethodHandle$Holder.invokeSpecialIFC(java.lang.Object, java.lang.Object, java.lang.Object)'> (0x00000000a9315da8) 
thrown [s\open\src\hotspot\share\interpreter\linkResolver.cpp, line 804]
Event: 6.992 Thread 0x0000029c7bdd1df0 Exception <a 'java/lang/ClassNotFoundException'{0x00000000a8f6df68}: sun/util/logging/resources/spi/loggingProvider> (0x00000000a8f6df68) 
thrown [s\open\src\hotspot\share\classfile\systemDictionary.cpp, line 329]

VM Operations (20 events):
Event: 2.717 Executing non-safepoint VM operation: HandshakeAllThreads (Deoptimize)
Event: 2.717 Executing non-safepoint VM operation: HandshakeAllThreads (Deoptimize) done
Event: 2.789 Executing non-safepoint VM operation: HandshakeAllThreads (Deoptimize)
Event: 2.789 Executing non-safepoint VM operation: HandshakeAllThreads (Deoptimize) done
Event: 2.815 Executing safepoint VM operation: G1CollectForAllocation (G1 Evacuation Pause)
Event: 2.823 Executing safepoint VM operation: G1CollectForAllocation (G1 Evacuation Pause) done
Event: 2.838 Executing safepoint VM operation: G1PauseRemark
Event: 2.842 Executing safepoint VM operation: G1PauseRemark done
Event: 2.848 Executing safepoint VM operation: G1PauseCleanup
Event: 2.848 Executing safepoint VM operation: G1PauseCleanup done
Event: 2.992 Executing non-safepoint VM operation: HandshakeAllThreads (Deoptimize)
Event: 2.992 Executing non-safepoint VM operation: HandshakeAllThreads (Deoptimize) done
Event: 3.049 Executing non-safepoint VM operation: HandshakeAllThreads (Deoptimize)
Event: 3.049 Executing non-safepoint VM operation: HandshakeAllThreads (Deoptimize) done
Event: 3.233 Executing safepoint VM operation: G1CollectForAllocation (G1 Evacuation Pause)
Event: 3.237 Executing safepoint VM operation: G1CollectForAllocation (G1 Evacuation Pause) done
Event: 6.494 Executing non-safepoint VM operation: HandshakeAllThreads (Deoptimize)
Event: 6.494 Executing non-safepoint VM operation: HandshakeAllThreads (Deoptimize) done
Event: 6.551 Executing non-safepoint VM operation: HandshakeAllThreads (Deoptimize)
Event: 6.551 Executing non-safepoint VM operation: HandshakeAllThreads (Deoptimize) done

Memory protections (0 events):
No events

Nmethod flushes (0 events):
No events

Events (20 events):
Event: 0.105 Thread 0x0000029c7bdd1df0 Thread added: 0x0000029c1b3c1520
Event: 0.229 Thread 0x0000029c7bdd1df0 Thread added: 0x0000029c1b542db0
Event: 2.469 Thread 0x0000029c7bdd1df0 Thread added: 0x0000029c20dae710
Event: 2.793 Thread 0x0000029c7bdd1df0 Thread added: 0x0000029c20b4a200
Event: 2.799 Thread 0x0000029c7bdd1df0 Thread added: 0x0000029c20b4a9b0
Event: 2.804 Thread 0x0000029c20b4a9b0 Thread added: 0x0000029c20b4d170
Event: 2.882 Thread 0x0000029c7bdd1df0 Thread added: 0x0000029c20ab6870
Event: 2.885 Thread 0x0000029c7bdd1df0 Thread added: 0x0000029c20abb690
Event: 2.886 Thread 0x0000029c7bdd1df0 Thread added: 0x0000029c20abce00
Event: 2.889 Thread 0x0000029c20abb690 Thread added: 0x0000029c20abc630
Event: 2.991 Thread 0x0000029c20abc630 Thread added: 0x0000029c20c37d50
Event: 3.190 Thread 0x0000029c7bdd1df0 Thread added: 0x0000029c20c38520
Event: 3.260 Thread 0x0000029c20b4a9b0 Thread added: 0x0000029c20c394c0
Event: 3.262 Thread 0x0000029c20b4a9b0 Thread added: 0x0000029c20c3a460
Event: 6.800 Thread 0x0000029c20b4d170 Thread added: 0x0000029c20c37580
Event: 6.802 Thread 0x0000029c7bdd1df0 Thread added: 0x0000029c20c3bbd0
Event: 6.807 Thread 0x0000029c20b4d170 Thread added: 0x0000029c20c3ac30
Event: 6.807 Thread 0x0000029c20b4d170 Thread added: 0x0000029c20c3cb70
Event: 12.994 Thread 0x0000029c20c37d50 Thread exited: 0x0000029c20c37d50
Event: 19.578 Thread 0x0000029c7f772420 Thread added: 0x0000029c20d79890


Dynamic libraries:
0x00007ff644550000 - 0x00007ff644560000 	C:\Program Files\Java\jdk-26.0.1\bin\java.exe
0x00007ffd82840000 - 0x00007ffd82aa6000 	C:\WINDOWS\SYSTEM32\ntdll.dll
0x00007ffd80900000 - 0x00007ffd809c9000 	C:\WINDOWS\System32\KERNEL32.DLL
0x00007ffd7fbe0000 - 0x00007ffd7ffdf000 	C:\WINDOWS\System32\KERNELBASE.dll
0x00007ffd80190000 - 0x00007ffd802dc000 	C:\WINDOWS\System32\ucrtbase.dll
0x00007ffd6a810000 - 0x00007ffd6a82e000 	C:\Program Files\Java\jdk-26.0.1\bin\VCRUNTIME140.dll
0x00007ffd5aa40000 - 0x00007ffd5aa57000 	C:\Program Files\Java\jdk-26.0.1\bin\jli.dll
0x00007ffd81550000 - 0x00007ffd81716000 	C:\WINDOWS\System32\USER32.dll
0x00007ffd63fa0000 - 0x00007ffd64231000 	C:\WINDOWS\WinSxS\amd64_microsoft.windows.common-controls_6595b64144ccf1df_6.0.26100.8972_none_3e0da176e32f9d4b\COMCTL32.dll
0x00007ffd800b0000 - 0x00007ffd800d7000 	C:\WINDOWS\System32\win32u.dll
0x00007ffd81800000 - 0x00007ffd818a9000 	C:\WINDOWS\System32\msvcrt.dll
0x00007ffd808d0000 - 0x00007ffd808fb000 	C:\WINDOWS\System32\GDI32.dll
0x00007ffd80440000 - 0x00007ffd80569000 	C:\WINDOWS\System32\gdi32full.dll
0x00007ffd800e0000 - 0x00007ffd80183000 	C:\WINDOWS\System32\msvcp_win.dll
0x00007ffd81380000 - 0x00007ffd813b2000 	C:\WINDOWS\System32\IMM32.DLL
0x00007ffd7b8f0000 - 0x00007ffd7b8fc000 	C:\Program Files\Java\jdk-26.0.1\bin\vcruntime140_1.dll
0x00007ffd1e7d0000 - 0x00007ffd1e85d000 	C:\Program Files\Java\jdk-26.0.1\bin\msvcp140.dll
0x00007ffce1490000 - 0x00007ffce235e000 	C:\Program Files\Java\jdk-26.0.1\bin\server\jvm.dll
0x00007ffd80690000 - 0x00007ffd8074c000 	C:\WINDOWS\System32\ADVAPI32.dll
0x00007ffd81900000 - 0x00007ffd819a9000 	C:\WINDOWS\System32\sechost.dll
0x00007ffd824b0000 - 0x00007ffd825c8000 	C:\WINDOWS\System32\RPCRT4.dll
0x00007ffd812f0000 - 0x00007ffd81372000 	C:\WINDOWS\System32\WS2_32.dll
0x00007ffd7f8b0000 - 0x00007ffd7f90e000 	C:\WINDOWS\SYSTEM32\POWRPROF.dll
0x00007ffd757a0000 - 0x00007ffd757ab000 	C:\WINDOWS\SYSTEM32\VERSION.dll
0x00007ffd762a0000 - 0x00007ffd762d6000 	C:\WINDOWS\SYSTEM32\WINMM.dll
0x00007ffd7f890000 - 0x00007ffd7f8a5000 	C:\WINDOWS\SYSTEM32\UMPDC.dll
0x00007ffd7e740000 - 0x00007ffd7e75b000 	C:\WINDOWS\SYSTEM32\kernel.appcore.dll
0x00007ffd74890000 - 0x00007ffd7489a000 	C:\Program Files\Java\jdk-26.0.1\bin\jimage.dll
0x00007ffd7cfb0000 - 0x00007ffd7d1f2000 	C:\WINDOWS\SYSTEM32\DBGHELP.DLL
0x00007ffd80f60000 - 0x00007ffd812e5000 	C:\WINDOWS\System32\combase.dll
0x00007ffd81720000 - 0x00007ffd817f9000 	C:\WINDOWS\System32\OLEAUT32.dll
0x00007ffd611d0000 - 0x00007ffd6120b000 	C:\WINDOWS\SYSTEM32\dbgcore.DLL
0x00007ffd80380000 - 0x00007ffd8042c000 	C:\WINDOWS\System32\bcryptPrimitives.dll
0x00007ffd63400000 - 0x00007ffd6341f000 	C:\Program Files\Java\jdk-26.0.1\bin\java.dll
0x00007ffd825d0000 - 0x00007ffd82769000 	C:\WINDOWS\System32\ole32.dll
0x00007ffd819b0000 - 0x00007ffd82138000 	C:\WINDOWS\System32\SHELL32.dll
0x00007ffd7d380000 - 0x00007ffd7dc1b000 	C:\WINDOWS\SYSTEM32\windows.storage.dll
0x00007ffd80570000 - 0x00007ffd80669000 	C:\WINDOWS\System32\SHCORE.dll
0x00007ffd80e70000 - 0x00007ffd80ed6000 	C:\WINDOWS\System32\shlwapi.dll
0x00007ffd7f970000 - 0x00007ffd7f999000 	C:\WINDOWS\SYSTEM32\profapi.dll
0x00007ffd591a0000 - 0x00007ffd591b2000 	C:\Program Files\Java\jdk-26.0.1\bin\net.dll
0x00007ffd7ecf0000 - 0x00007ffd7ed5c000 	C:\WINDOWS\system32\mswsock.dll
0x00007ffd58f70000 - 0x00007ffd58f86000 	C:\Program Files\Java\jdk-26.0.1\bin\nio.dll
0x00007ffd58e20000 - 0x00007ffd58e37000 	C:\Program Files\Java\jdk-26.0.1\bin\zip.dll
0x00007ffd599a0000 - 0x00007ffd599aa000 	C:\Program Files\Java\jdk-26.0.1\bin\management.dll
0x00007ffd59990000 - 0x00007ffd5999c000 	C:\Program Files\Java\jdk-26.0.1\bin\management_ext.dll
0x00007ffd818b0000 - 0x00007ffd818b8000 	C:\WINDOWS\System32\PSAPI.DLL
0x00007ffd72f10000 - 0x00007ffd72f20000 	C:\Program Files\Java\jdk-26.0.1\bin\verify.dll
0x00007ffd7efe0000 - 0x00007ffd7effb000 	C:\WINDOWS\SYSTEM32\CRYPTSP.dll
0x00007ffd7e6a0000 - 0x00007ffd7e6d9000 	C:\WINDOWS\system32\rsaenh.dll
0x00007ffd7eda0000 - 0x00007ffd7edd2000 	C:\WINDOWS\SYSTEM32\USERENV.dll
0x00007ffd7f940000 - 0x00007ffd7f96a000 	C:\WINDOWS\SYSTEM32\bcrypt.dll
0x00007ffd7f000000 - 0x00007ffd7f00c000 	C:\WINDOWS\SYSTEM32\CRYPTBASE.dll
0x00007ffd7e0f0000 - 0x00007ffd7e123000 	C:\WINDOWS\SYSTEM32\IPHLPAPI.DLL
0x00007ffd80e60000 - 0x00007ffd80e6a000 	C:\WINDOWS\System32\NSI.dll
0x00007ffd6a850000 - 0x00007ffd6a859000 	C:\Program Files\Java\jdk-26.0.1\bin\extnet.dll
0x00007ffd7e180000 - 0x00007ffd7e2d8000 	C:\WINDOWS\SYSTEM32\DNSAPI.dll
0x00007ffd7eaf0000 - 0x00007ffd7eafd000 	C:\WINDOWS\SYSTEM32\DSPARSE.dll
0x00007ffd75f60000 - 0x00007ffd75f6b000 	C:\Windows\System32\rasadhlp.dll
0x00007ffd79740000 - 0x00007ffd797c6000 	C:\WINDOWS\System32\fwpuclnt.dll
0x00007ffd586d0000 - 0x00007ffd586de000 	C:\Program Files\Java\jdk-26.0.1\bin\sunmscapi.dll
0x00007ffd7fa50000 - 0x00007ffd7fbce000 	C:\WINDOWS\System32\CRYPT32.dll
0x00007ffd7f220000 - 0x00007ffd7f250000 	C:\WINDOWS\SYSTEM32\ncrypt.dll
0x00007ffd7f1d0000 - 0x00007ffd7f20f000 	C:\WINDOWS\SYSTEM32\NTASN1.dll
0x00007ffd75d40000 - 0x00007ffd75d48000 	C:\WINDOWS\system32\wshunix.dll

JVMTI agents: none

dbghelp: loaded successfully - version: 4.0.5 - missing functions: none
symbol engine: initialized successfully - sym options: 0x614 - pdb path: .;C:\Program Files\Java\jdk-26.0.1\bin;C:\WINDOWS\SYSTEM32;C:\WINDOWS\WinSxS\amd64_microsoft.windows.common-controls_6595b64144ccf1df_6.0.26100.8972_none_3e0da176e32f9d4b;C:\Program Files\Java\jdk-26.0.1\bin\server

VM Arguments:
java_command: C:\Users\jerome\AppData\Local\Temp\surefire5729128303972880593\surefirebooter4520143341370348717.jar C:\Users\jerome\AppData\Local\Temp\surefire5729128303972880593 2026-08-03T00-30-14_971-jvmRun1 surefire13304360017993100165tmp surefire_018357521550992106609tmp
java_class_path (initial): C:\Users\jerome\AppData\Local\Temp\surefire5729128303972880593\surefirebooter4520143341370348717.jar
Launcher Type: SUN_STANDARD

[Global flags]
     bool AOTAdapterCaching                        = false                                  {diagnostic} {ergonomic}
     bool AOTInvokeDynamicLinking                  = false                                  {diagnostic} {ergonomic}
     bool AOTRecordTraining                        = false                                  {diagnostic} {ergonomic}
     bool AOTReplayTraining                        = false                                  {diagnostic} {ergonomic}
     bool AOTStubCaching                           = false                                  {diagnostic} {ergonomic}
     intx CICompilerCount                          = 4                                         {product} {ergonomic}
     uint ConcGCThreads                            = 2                                         {product} {ergonomic}
     uint G1ConcRefinementThreads                  = 8                                         {product} {ergonomic}
     uint G1EagerReclaimRemSetThreshold            = 10                                   {experimental} {ergonomic}
   size_t G1HeapRegionSize                         = 1048576                                   {product} {ergonomic}
     uint G1RemSetArrayOfCardsEntries              = 10                                   {experimental} {ergonomic}
     uint G1RemSetHowlMaxNumBuckets                = 8                                    {experimental} {ergonomic}
     uint G1RemSetHowlNumBuckets                   = 4                                    {experimental} {ergonomic}
   size_t InitialHeapSize                          = 8388608                                   {product} {ergonomic}
     bool IntelJccErratumMitigation                = false                             {ARCH diagnostic} {ergonomic}
   size_t MarkStackSize                            = 4194304                                   {product} {ergonomic}
   size_t MarkStackSizeMax                         = 536870912                                 {product} {ergonomic}
   size_t MaxHeapSize                              = 1541406720                                {product} {ergonomic}
   size_t MaxNewSize                               = 924844032                                 {product} {ergonomic}
 uint64_t MaxRAM                                   = 6162739200                                {product} {ergonomic}
   size_t MinHeapDeltaBytes                        = 1048576                                   {product} {ergonomic}
   size_t MinHeapSize                              = 8388608                                   {product} {ergonomic}
   size_t NonNMethodCodeHeapSize                   = 5898240                                {pd product} {ergonomic}
   size_t NonProfiledCodeHeapSize                  = 122945536                              {pd product} {ergonomic}
   size_t ProfiledCodeHeapSize                     = 122945536                              {pd product} {ergonomic}
   size_t ReservedCodeCacheSize                    = 251789312                              {pd product} {ergonomic}
     bool SegmentedCodeCache                       = true                                      {product} {ergonomic}
   size_t SoftMaxHeapSize                          = 1541406720                             {manageable} {ergonomic}
     bool UseCompressedOops                        = true                           {product lp64_product} {ergonomic}
     bool UseCondCardMark                          = true                                      {product} {ergonomic}
     bool UseFastUnorderedTimeStamps               = true                                 {experimental} {ergonomic}
     bool UseG1GC                                  = true                                      {product} {ergonomic}
     bool UseLargePagesIndividualAllocation        = false                                  {pd product} {ergonomic}
      int X86ICacheSync                            = 3                                 {ARCH diagnostic} {ergonomic}

Logging:
Log output configuration:
 #0: stdout all=warning uptime,level,tags foldmultilines=false
 #1: stderr all=off uptime,level,tags foldmultilines=false

Release file:
IMPLEMENTOR="Oracle Corporation" 
JAVA_RUNTIME_VERSION="26.0.1+8-34" 
JAVA_VERSION="26.0.1" 
JAVA_VERSION_DATE="2026-04-21" 
LIBC="default" 
MODULES="java.base java.compiler java.datatransfer java.xml java.prefs java.desktop java.instrument java.logging java.management java.security.sasl java.naming java.rmi java.management.rmi java.net.http java.scripting java.security.jgss java.transaction.xa java.sql java.sql.rowset java.xml.crypto java.se java.smartcardio jdk.accessibility jdk.internal.jvmstat jdk.attach jdk.charsets jdk.internal.opt jdk.zipfs jdk.compiler jdk.crypto.cryptoki jdk.crypto.ec jdk.crypto.mscapi jdk.dynalink jdk.internal.ed jdk.editpad jdk.internal.vm.ci jdk.graal.compiler jdk.graal.compiler.management jdk.hotspot.agent jdk.httpserver jdk.incubator.vector jdk.internal.le jdk.internal.md jdk.jartool jdk.javadoc jdk.jcmd jdk.management jdk.management.agent jdk.jconsole jdk.jdeps jdk.jdwp.agent jdk.jdi jdk.jfr jdk.jlink jdk.jpackage jdk.jshell jdk.jstatd jdk.localedata jdk.management.jfr jdk.naming.dns jdk.naming.rmi jdk.net jdk.nio.mapmode jdk.sctp jdk.security.auth jdk.security.jgss jdk.unsupported jdk.unsupported.desktop jdk.xml.dom" 
OS_ARCH="x86_64" 
OS_NAME="Windows" 
SOURCE=".:git:8fcde8268d22 open:git:fcc00fc4aee7" 

Environment Variables:
JAVA_HOME=C:\Program Files\Java\jdk-26.0.1
PATH=C:\Program Files\Common Files\Oracle\Java\javapath;C:\WINDOWS\system32;C:\WINDOWS;C:\WINDOWS\System32\Wbem;C:\WINDOWS\System32\WindowsPowerShell\v1.0\;C:\WINDOWS\System32\OpenSSH\;C:\Program Files\Git\cmd;C:\Program Files (x86)\Microsoft SQL Server\160\DTS\Binn\;C:\Program Files\Microsoft SQL Server\150\Tools\Binn\;C:\Program Files\Microsoft SQL Server\Client SDK\ODBC\170\Tools\Binn\;C:\Program Files (x86)\Microsoft SQL Server\160\Tools\Binn\;C:\Program Files\Microsoft SQL Server\160\Tools\Binn\;C:\Program Files\Microsoft SQL Server\160\DTS\Binn\;C:\Program Files\dotnet\;C:\xampp\php;C:\ProgramData\ComposerSetup\bin;C:\flutter\bin;C:\Program Files (x86)\Windows Kits\10\Windows Performance Toolkit\;C:\Users\jerome\AppData\Local\Android\Sdk\platform-tools;C:\Program Files\Java\jdk-26.0.1\bin;C:\Program Files\apache-maven-3.9.16\bin;C:\Users\jerome\AppData\Local\Microsoft\WindowsApps;C:\Users\jerome\AppData\Local\GitHubDesktop\bin;C:\Users\jerome\AppData\Local\Programs\Microsoft VS Code\bin;C:\Users\jerome\.dotnet\tools;C:\Users\jerome\AppData\Roaming\Composer\vendor\bin;C:\flutter\bin;C:\Users\jerome\AppData\Local\Android\Sdk\platform-tools;
USERNAME=jerome
OS=Windows_NT
PROCESSOR_IDENTIFIER=AMD64 Family 23 Model 160 Stepping 0, AuthenticAMD
TMP=C:\Users\jerome\AppData\Local\Temp
TEMP=C:\Users\jerome\AppData\Local\Temp




Compilation memory statistics disabled.

Periodic native trim disabled

---------------  S Y S T E M  ---------------

OS:
 Windows 11 , 64 bit Build 26100 (10.0.26100.8972)
OS uptime: 1 days 9:03 hours
Hyper-V role detected

CPU: total 8 (initial active 8) (4 cores per cpu, 2 threads per core) family 23 model 160 stepping 0 microcode 0x8a00006, cx8, cmov, fxsr, ht, mmx, 3dnowpref, sse, sse2, sse3, ssse3, sse4a, sse4.1, sse4.2, popcnt, lzcnt, tsc, tscinvbit, avx, avx2, aes, clmul, bmi1, bmi2, adx, sha, fma, vzeroupper, clflush, clflushopt, clwb, hv, rdtscp, rdpid, f16c
Processor Information for the first 8 processors :
  Max Mhz: 2401, Current Mhz: 2401, Mhz Limit: 2401

Memory: 4k page, system-wide physical 5877M (566M free)
TotalPageFile size 24309M (AvailPageFile size 0M)
current process WorkingSet (physical memory assigned to process): 126M, peak: 131M
current process commit charge ("private bytes"): 210M, peak: 250M

vm_info: Java HotSpot(TM) 64-Bit Server VM (26.0.1+8-34) for windows-amd64 JRE (26.0.1+8-34), built on 2026-03-10T17:24:10Z with MS VC++ 17.13 (VS2022)

END.
