#
# There is insufficient memory for the Java Runtime Environment to continue.
# Native memory allocation (malloc) failed to allocate 1220760 bytes. Error detail: Chunk::new
# Possible reasons:
#   The system is out of physical RAM or swap space
#   This process is running with CompressedOops enabled, and the Java Heap may be blocking the growth of the native heap
# Possible solutions:
#   Reduce memory load on the system
#   Increase physical memory or swap space
#   Check if swap backing store is full
#   Decrease Java heap size (-Xmx/-Xms)
#   Decrease number of Java threads
#   Decrease Java thread stack sizes (-Xss)
#   Set larger code cache with -XX:ReservedCodeCacheSize=
#   JVM is running with Unscaled Compressed Oops mode in which the Java heap is
#     placed in the first 4GB address space. The Java Heap base address is the
#     maximum limit for the native heap growth. Please use -XX:HeapBaseMinAddress
#     to set the Java Heap base and to place the Java Heap above 4GB virtual address.
# This output file may be truncated or incomplete.
#
#  Out of Memory Error (arena.cpp:193), pid=19632, tid=9272
#
# JRE version: Java(TM) SE Runtime Environment (26.0.1+8) (build 26.0.1+8-34)
# Java VM: Java HotSpot(TM) 64-Bit Server VM (26.0.1+8-34, mixed mode, sharing, tiered, compressed oops, compressed class ptrs, g1 gc, windows-amd64)
# No core dump will be written. Minidumps are not enabled by default on client versions of Windows
#

---------------  S U M M A R Y ------------

Command Line: --enable-native-access=ALL-UNNAMED -Dclassworlds.conf=C:\Users\jerome\.vscode\extensions\oracle.oracle-java-26.0.0\nbcode\java\maven\bin\m2.conf -Dmaven.home=C:\Users\jerome\.vscode\extensions\oracle.oracle-java-26.0.0\nbcode\java\maven -Dlibrary.jansi.path=C:\Users\jerome\.vscode\extensions\oracle.oracle-java-26.0.0\nbcode\java\maven\lib\jansi-native -Dmaven.multiModuleProjectDirectory=C:\Users\jerome\automation org.codehaus.plexus.classworlds.launcher.Launcher -Dtest=tests.TC19_ViewCartBrandProductsTest#verifyViewCartBrandProducts -Dmaven.ext.class.path=C:\Users\jerome\.vscode\extensions\oracle.oracle-java-26.0.0\nbcode\java\maven-nblib\netbeans-eventspy.jar --no-transfer-progress process-test-classes surefire:test

Host: AMD Ryzen 3 7320U with Radeon Graphics         , 8 cores, 5G,  Windows 11 , 64 bit Build 26100 (10.0.26100.8972)
Time: Mon Aug  3 00:32:06 2026 Malay Peninsula Standard Time elapsed time: 21.069691 seconds (0d 0h 0m 21s)

---------------  T H R E A D  ---------------

Current thread (0x0000022d3a01ea30):  JavaThread "C2 CompilerThread0" daemon [_thread_in_native, id=9272, stack(0x000000b4e3800000,0x000000b4e3900000) (1024K)]


Current CompileTask:
C2:21069 5716       4       sun.nio.cs.UTF_8::updatePositions (23 bytes)

Stack: [0x000000b4e3800000,0x000000b4e3900000]
Native frames: (J=compiled Java code, j=interpreted, Vv=VM code, C=native code)
V  [jvm.dll+0x7d5879]  (no source info available)
V  [jvm.dll+0x7a37dd]  (no source info available)
V  [jvm.dll+0x9b0c10]  (no source info available)
V  [jvm.dll+0x9b3061]  (no source info available)
V  [jvm.dll+0x9b3773]  (no source info available)
V  [jvm.dll+0x30df76]  (no source info available)
V  [jvm.dll+0x11d8a6]  (no source info available)
V  [jvm.dll+0x11dbce]  (no source info available)
V  [jvm.dll+0x1afbe6]  (no source info available)
V  [jvm.dll+0x3ca822]  (no source info available)
V  [jvm.dll+0x7de462]  (no source info available)
V  [jvm.dll+0x2d1647]  (no source info available)
V  [jvm.dll+0x2d05bf]  (no source info available)
V  [jvm.dll+0x246820]  (no source info available)
V  [jvm.dll+0x2e06dc]  (no source info available)
V  [jvm.dll+0x2de8bd]  (no source info available)
V  [jvm.dll+0x4a3ff1]  (no source info available)
V  [jvm.dll+0x94f649]  (no source info available)
V  [jvm.dll+0x7d7358]  (no source info available)
C  [ucrtbase.dll+0x2cd30]  (no source info available)
C  [KERNEL32.DLL+0x2ccb7]  (no source info available)
C  [ntdll.dll+0xaad6c]  (no source info available)

Lock stack of current Java thread (top to bottom):


---------------  P R O C E S S  ---------------

Threads class SMR info:
_java_thread_list=0x0000022d413a3460, length=16, elements={
0x0000022d1b2969c0, 0x0000022d3a002390, 0x0000022d3a002b40, 0x0000022d3a00f2b0,
0x0000022d3a010500, 0x0000022d3a011c20, 0x0000022d3a017490, 0x0000022d3a01ea30,
0x0000022d3a028940, 0x0000022d3a17b490, 0x0000022d3a17f0b0, 0x0000022d40c28890,
0x0000022d40c29040, 0x0000022d3f96de50, 0x0000022d3f9724a0, 0x0000022d3f973440
}

Java Threads: ( => current thread )
  0x0000022d1b2969c0 JavaThread "main"                              [_thread_in_native, id=8672, stack(0x000000b4e2900000,0x000000b4e2a00000) (1024K)]
  0x0000022d3a002390 JavaThread "Reference Handler"          daemon [_thread_blocked, id=19868, stack(0x000000b4e3200000,0x000000b4e3300000) (1024K)]
  0x0000022d3a002b40 JavaThread "Finalizer"                  daemon [_thread_blocked, id=11576, stack(0x000000b4e3300000,0x000000b4e3400000) (1024K)]
  0x0000022d3a00f2b0 JavaThread "Signal Dispatcher"          daemon [_thread_blocked, id=15764, stack(0x000000b4e3400000,0x000000b4e3500000) (1024K)]
  0x0000022d3a010500 JavaThread "Attach Listener"            daemon [_thread_blocked, id=23988, stack(0x000000b4e3500000,0x000000b4e3600000) (1024K)]
  0x0000022d3a011c20 JavaThread "Service Thread"             daemon [_thread_blocked, id=21916, stack(0x000000b4e3600000,0x000000b4e3700000) (1024K)]
  0x0000022d3a017490 JavaThread "Monitor Deflation Thread"   daemon [_thread_blocked, id=20140, stack(0x000000b4e3700000,0x000000b4e3800000) (1024K)]
=>0x0000022d3a01ea30 JavaThread "C2 CompilerThread0"         daemon [_thread_in_native, id=9272, stack(0x000000b4e3800000,0x000000b4e3900000) (1024K)]
  0x0000022d3a028940 JavaThread "C1 CompilerThread0"         daemon [_thread_blocked, id=14436, stack(0x000000b4e3900000,0x000000b4e3a00000) (1024K)]
  0x0000022d3a17b490 JavaThread "Notification Thread"        daemon [_thread_blocked, id=18092, stack(0x000000b4e3a00000,0x000000b4e3b00000) (1024K)]
  0x0000022d3a17f0b0 JavaThread "Common-Cleaner"             daemon [_thread_blocked, id=15328, stack(0x000000b4e3b00000,0x000000b4e3c00000) (1024K)]
  0x0000022d40c28890 JavaThread "resolver-1"                 daemon [_thread_blocked, id=5664, stack(0x000000b4e4500000,0x000000b4e4600000) (1024K)]
  0x0000022d40c29040 JavaThread "resolver-2"                 daemon [_thread_blocked, id=7108, stack(0x000000b4e4600000,0x000000b4e4700000) (1024K)]
  0x0000022d3f96de50 JavaThread "resolver-3"                 daemon [_thread_blocked, id=18996, stack(0x000000b4e4700000,0x000000b4e4800000) (1024K)]
  0x0000022d3f9724a0 JavaThread "resolver-4"                 daemon [_thread_blocked, id=23740, stack(0x000000b4e4800000,0x000000b4e4900000) (1024K)]
  0x0000022d3f973440 JavaThread "resolver-5"                 daemon [_thread_blocked, id=14780, stack(0x000000b4e4900000,0x000000b4e4a00000) (1024K)]
Total: 16

Other Threads:
  0x0000022d1d781800 VMThread "VM Thread"                           [id=22340, stack(0x000000b4e3100000,0x000000b4e3200000) (1024K)]
  0x0000022d1d772990 WatcherThread "VM Periodic Task Thread"        [id=23820, stack(0x000000b4e3000000,0x000000b4e3100000) (1024K)]
  0x0000022d1d707450 WorkerThread "GC Thread#0"                     [id=11164, stack(0x000000b4e2a00000,0x000000b4e2b00000) (1024K)]
  0x0000022d3a4860e0 WorkerThread "GC Thread#1"                     [id=15488, stack(0x000000b4e3d00000,0x000000b4e3e00000) (1024K)]
  0x0000022d3ad96880 WorkerThread "GC Thread#2"                     [id=976, stack(0x000000b4e3c00000,0x000000b4e3d00000) (1024K)]
  0x0000022d3f6f4a60 WorkerThread "GC Thread#3"                     [id=15688, stack(0x000000b4e4000000,0x000000b4e4100000) (1024K)]
  0x0000022d3fa79030 WorkerThread "GC Thread#4"                     [id=20532, stack(0x000000b4e3f00000,0x000000b4e4000000) (1024K)]
  0x0000022d3fa79450 WorkerThread "GC Thread#5"                     [id=11788, stack(0x000000b4e4100000,0x000000b4e4200000) (1024K)]
  0x0000022d3fa1ee20 WorkerThread "GC Thread#6"                     [id=17876, stack(0x000000b4e4200000,0x000000b4e4300000) (1024K)]
  0x0000022d3fa1f240 WorkerThread "GC Thread#7"                     [id=17872, stack(0x000000b4e4300000,0x000000b4e4400000) (1024K)]
  0x0000022d1d7198b0 ConcurrentGCThread "G1 Main Marker"            [id=22200, stack(0x000000b4e2b00000,0x000000b4e2c00000) (1024K)]
  0x0000022d1d71b320 WorkerThread "G1 Conc#0"                       [id=3952, stack(0x000000b4e2c00000,0x000000b4e2d00000) (1024K)]
  0x0000022d1d75f260 WorkerThread "G1 Refinement Workers#0"         [id=21420, stack(0x000000b4e2e00000,0x000000b4e2f00000) (1024K)]
  0x0000022d1d75c790 ConcurrentGCThread "G1 Refine Control"         [id=6596, stack(0x000000b4e2d00000,0x000000b4e2e00000) (1024K)]
  0x0000022d1d760a20 ConcurrentGCThread "G1 Service"                [id=10936, stack(0x000000b4e2f00000,0x000000b4e3000000) (1024K)]
Total: 15

Threads with active compile tasks:
C2 CompilerThread0  21182 5716       4       sun.nio.cs.UTF_8::updatePositions (23 bytes)
Total: 1

VM state: not at safepoint (normal execution)

VM Mutex/Monitor currently owned by a thread: None

Heap address: 0x00000000a4200000, size: 1470 MB, Compressed Oops mode: 32-bit

CDS archive(s) mapped at: [0x0000000020000000-0x0000000020de0000-0x0000000020de0000), size 14548992, SharedBaseAddress: 0x0000000020000000, ArchiveRelocationMode: 1.
Compressed class space mapped at: 0x0000000021000000-0x0000000061000000, reserved size: 1073741824
UseCompressedClassPointers 1, UseCompactObjectHeaders 0
Narrow klass pointer bits 32, Max shift 3
Narrow klass base: 0x0000000020000000, Narrow klass shift: 0
Encoding Range: [0x0000000020000000 - 0x0000000120000000), (4294967296 bytes)
Klass Range:    [0x0000000020000000 - 0x0000000061000000), (1090519040 bytes)
Klass ID Range:  [8 - 1090519033) (1090519025)
Protection zone: [0x0000000020000000 - 0x0000000020010000), (65536 bytes)

GC Precious Log:
 CardTable entry size: 512
 Card Set container configuration: InlinePtr #cards 5 size 8 Array Of Cards #cards 10 size 36 Howl #buckets 4 coarsen threshold 1843 Howl Bitmap #cards 512 size 80 coarsen threshold 460 Card regions per heap region 1 cards per card region 2048
 CPUs: 8 total, 8 available
 Memory: 5877M
 Large Page Support: Disabled
 NUMA Support: Disabled
 Compressed Oops: Enabled (32-bit)
 Heap Region Size: 1M
 Heap Min Capacity: 8M
 Heap Initial Capacity: 8M
 Heap Max Capacity: 1470M
 Pre-touch: Disabled
 Parallel Workers: 8
 Concurrent Workers: 2
 Concurrent Refinement Workers: 8
 Periodic GC: Disabled

Heap:
 garbage-first heap   total reserved 1505280K, committed 41984K, used 29140K [0x00000000a4200000, 0x0000000100000000)
  region size 1M, 14 eden (14M), 2 survivor (2M), 15 old (15M), 0 humongous (0M), 10 free (10M)

Heap Regions: E=young(eden), S=young(survivor), O=old, HS=humongous(starts), HC=humongous(continues), CS=collection set, F=free, TAMS=top-at-mark-start, PB=parsable bottom
|    0|0x00000000a4200000, 0x00000000a4300000, 0x00000000a4300000|100%| O|  |TAMS 0x00000000a4200000| PB 0x00000000a4200000| Untracked |  0
|    1|0x00000000a4300000, 0x00000000a4400000, 0x00000000a4400000|100%| O|  |TAMS 0x00000000a4300000| PB 0x00000000a4300000| Untracked |  0
|    2|0x00000000a4400000, 0x00000000a4500000, 0x00000000a4500000|100%| O|  |TAMS 0x00000000a4400000| PB 0x00000000a4400000| Untracked |  0
|    3|0x00000000a4500000, 0x00000000a4600000, 0x00000000a4600000|100%| O|  |TAMS 0x00000000a4500000| PB 0x00000000a4500000| Untracked |  0
|    4|0x00000000a4600000, 0x00000000a4700000, 0x00000000a4700000|100%| O|  |TAMS 0x00000000a4600000| PB 0x00000000a4600000| Untracked |  0
|    5|0x00000000a4700000, 0x00000000a4800000, 0x00000000a4800000|100%| O|  |TAMS 0x00000000a4700000| PB 0x00000000a4700000| Untracked |  0
|    6|0x00000000a4800000, 0x00000000a4900000, 0x00000000a4900000|100%| O|  |TAMS 0x00000000a4800000| PB 0x00000000a4800000| Untracked |  0
|    7|0x00000000a4900000, 0x00000000a4a00000, 0x00000000a4a00000|100%| O|  |TAMS 0x00000000a4900000| PB 0x00000000a4900000| Untracked |  0
|    8|0x00000000a4a00000, 0x00000000a4b00000, 0x00000000a4b00000|100%| O|  |TAMS 0x00000000a4a00000| PB 0x00000000a4a00000| Untracked |  0
|    9|0x00000000a4b00000, 0x00000000a4b58080, 0x00000000a4c00000| 34%| O|  |TAMS 0x00000000a4b00000| PB 0x00000000a4b00000| Untracked |  0
|   10|0x00000000a4c00000, 0x00000000a4d00000, 0x00000000a4d00000|100%| O|  |TAMS 0x00000000a4c00000| PB 0x00000000a4c00000| Untracked |  0
|   11|0x00000000a4d00000, 0x00000000a4e00000, 0x00000000a4e00000|100%| O|  |TAMS 0x00000000a4d00000| PB 0x00000000a4d00000| Untracked |  0
|   12|0x00000000a4e00000, 0x00000000a4e00000, 0x00000000a4f00000|  0%| F|  |TAMS 0x00000000a4e00000| PB 0x00000000a4e00000| Untracked |  0
|   13|0x00000000a4f00000, 0x00000000a5000000, 0x00000000a5000000|100%| O|  |TAMS 0x00000000a4f00000| PB 0x00000000a4f00000| Untracked |  0
|   14|0x00000000a5000000, 0x00000000a5000000, 0x00000000a5100000|  0%| F|  |TAMS 0x00000000a5000000| PB 0x00000000a5000000| Untracked |  0
|   15|0x00000000a5100000, 0x00000000a5100000, 0x00000000a5200000|  0%| F|  |TAMS 0x00000000a5100000| PB 0x00000000a5100000| Untracked |  0
|   16|0x00000000a5200000, 0x00000000a52f42e0, 0x00000000a5300000| 95%| S|CS|TAMS 0x00000000a5200000| PB 0x00000000a5200000| Complete  |  0
|   17|0x00000000a5300000, 0x00000000a5400000, 0x00000000a5400000|100%| S|CS|TAMS 0x00000000a5300000| PB 0x00000000a5300000| Complete  |  0
|   18|0x00000000a5400000, 0x00000000a5400000, 0x00000000a5500000|  0%| F|  |TAMS 0x00000000a5400000| PB 0x00000000a5400000| Untracked |  0
|   19|0x00000000a5500000, 0x00000000a5500000, 0x00000000a5600000|  0%| F|  |TAMS 0x00000000a5500000| PB 0x00000000a5500000| Untracked |  0
|   20|0x00000000a5600000, 0x00000000a5600000, 0x00000000a5700000|  0%| F|  |TAMS 0x00000000a5600000| PB 0x00000000a5600000| Untracked |  0
|   21|0x00000000a5700000, 0x00000000a5700000, 0x00000000a5800000|  0%| F|  |TAMS 0x00000000a5700000| PB 0x00000000a5700000| Untracked |  0
|   22|0x00000000a5800000, 0x00000000a5800000, 0x00000000a5900000|  0%| F|  |TAMS 0x00000000a5800000| PB 0x00000000a5800000| Untracked |  0
|   23|0x00000000a5900000, 0x00000000a5900000, 0x00000000a5a00000|  0%| F|  |TAMS 0x00000000a5900000| PB 0x00000000a5900000| Untracked |  0
|   24|0x00000000a5a00000, 0x00000000a5a00000, 0x00000000a5b00000|  0%| F|  |TAMS 0x00000000a5a00000| PB 0x00000000a5a00000| Untracked |  0
|   25|0x00000000a5b00000, 0x00000000a5b8f790, 0x00000000a5c00000| 56%| E|CS|TAMS 0x00000000a5b00000| PB 0x00000000a5b00000| Complete  |  0
|   26|0x00000000a5c00000, 0x00000000a5d00000, 0x00000000a5d00000|100%| E|CS|TAMS 0x00000000a5c00000| PB 0x00000000a5c00000| Complete  |  0
|   27|0x00000000a5d00000, 0x00000000a5e00000, 0x00000000a5e00000|100%| E|CS|TAMS 0x00000000a5d00000| PB 0x00000000a5d00000| Complete  |  0
|   28|0x00000000a5e00000, 0x00000000a5f00000, 0x00000000a5f00000|100%| E|CS|TAMS 0x00000000a5e00000| PB 0x00000000a5e00000| Complete  |  0
|   29|0x00000000a5f00000, 0x00000000a6000000, 0x00000000a6000000|100%| E|CS|TAMS 0x00000000a5f00000| PB 0x00000000a5f00000| Complete  |  0
|   30|0x00000000a6000000, 0x00000000a6100000, 0x00000000a6100000|100%| E|CS|TAMS 0x00000000a6000000| PB 0x00000000a6000000| Complete  |  0
|   31|0x00000000a6100000, 0x00000000a6200000, 0x00000000a6200000|100%| E|CS|TAMS 0x00000000a6100000| PB 0x00000000a6100000| Complete  |  0
|   32|0x00000000a6200000, 0x00000000a6300000, 0x00000000a6300000|100%| E|CS|TAMS 0x00000000a6200000| PB 0x00000000a6200000| Complete  |  0
|   33|0x00000000a6300000, 0x00000000a6400000, 0x00000000a6400000|100%| E|CS|TAMS 0x00000000a6300000| PB 0x00000000a6300000| Complete  |  0
|   34|0x00000000a6400000, 0x00000000a6500000, 0x00000000a6500000|100%| E|CS|TAMS 0x00000000a6400000| PB 0x00000000a6400000| Complete  |  0
|   35|0x00000000a6500000, 0x00000000a6600000, 0x00000000a6600000|100%| E|CS|TAMS 0x00000000a6500000| PB 0x00000000a6500000| Complete  |  0
|   36|0x00000000a6600000, 0x00000000a6700000, 0x00000000a6700000|100%| E|CS|TAMS 0x00000000a6600000| PB 0x00000000a6600000| Complete  |  0
|   37|0x00000000a6700000, 0x00000000a6800000, 0x00000000a6800000|100%| E|CS|TAMS 0x00000000a6700000| PB 0x00000000a6700000| Complete  |  0
|   38|0x00000000a6800000, 0x00000000a6900000, 0x00000000a6900000|100%| E|CS|TAMS 0x00000000a6800000| PB 0x00000000a6800000| Complete  |  0
| 1468|0x00000000ffe00000, 0x00000000fff00000, 0x00000000fff00000|100%| O|  |TAMS 0x00000000ffe00000| PB 0x00000000ffe00000| Untracked |  0
| 1469|0x00000000fff00000, 0x00000000fff28d80, 0x0000000100000000| 15%| O|  |TAMS 0x00000000fff00000| PB 0x00000000fff00000| Untracked |  0

Card table byte_map: [0x0000022d35c80000,0x0000022d35f60000] _byte_map_base: 0x0000022d3575f000
Refinement table byte_map: [0x0000022d359a0000,0x0000022d35c80000] _byte_map_base: 0x0000022d3547f000

Marking Bits: (CMBitMap*) 0x0000022d1d707bd0
 Bits: [0x0000022d35f60000, 0x0000022d37658000)

Polling page: 0x0000022d1b4a0000

Metaspace:
Metaspace        used 20234K, committed 20608K, reserved 1114112K
 class space     used 2350K, committed 2496K, reserved 1048576K

Usage:
  Non-class:     17.47 MB used.
      Class:      2.30 MB used.
       Both:     19.76 MB used.

Virtual space:
  Non-class space:       64.00 MB reserved,      17.69 MB ( 28%) committed,  1 nodes.
      Class space:        1.00 GB reserved,       2.44 MB ( <1%) committed,  1 nodes.
             Both:        1.06 GB reserved,      20.12 MB (  2%) committed. 

Chunk freelists:
   Non-Class:  14.12 MB
       Class:  13.54 MB
        Both:  27.65 MB

MaxMetaspaceSize: unlimited
CompressedClassSpaceSize: 1.00 GB
Initial GC threshold: 21.00 MB
Current GC threshold: 21.00 MB
CDS: on
 - commit_granule_bytes: 65536.
 - commit_granule_words: 8192.
 - virtual_space_node_default_size: 8388608.
 - enlarge_chunks_in_place: 1.
UseCompressedClassPointers 1, UseCompactObjectHeaders 0
Narrow klass pointer bits 32, Max shift 3
Narrow klass base: 0x0000000020000000, Narrow klass shift: 0
Encoding Range: [0x0000000020000000 - 0x0000000120000000), (4294967296 bytes)
Klass Range:    [0x0000000020000000 - 0x0000000061000000), (1090519040 bytes)
Klass ID Range:  [8 - 1090519033) (1090519025)
Protection zone: [0x0000000020000000 - 0x0000000020010000), (65536 bytes)


Internal statistics:

num_allocs_failed_limit: 0.
num_arena_births: 198.
num_arena_deaths: 0.
num_vsnodes_births: 2.
num_vsnodes_deaths: 0.
num_space_committed: 322.
num_space_uncommitted: 0.
num_chunks_returned_to_freelist: 0.
num_chunks_taken_from_freelist: 906.
num_chunk_merges: 0.
num_chunk_splits: 612.
num_chunks_enlarged: 481.
num_inconsistent_stats: 0.

CodeHeap 'non-profiled nmethods': size=120064Kb used=2213Kb max_used=2213Kb free=117851Kb
 bounds [0x0000022d2de50000, 0x0000022d2e0c0000, 0x0000022d35390000]
CodeHeap 'profiled nmethods': size=120064Kb used=9574Kb max_used=9574Kb free=110489Kb
 bounds [0x0000022d26370000, 0x0000022d26cd0000, 0x0000022d2d8b0000]
CodeHeap 'non-nmethods': size=5760Kb used=1461Kb max_used=1579Kb free=4298Kb
 bounds [0x0000022d2d8b0000, 0x0000022d2db20000, 0x0000022d2de50000]
CodeCache: size=245888Kb, used=13248Kb, max_used=13366Kb, free=232638Kb
 total_blobs=6296, nmethods=5723, adapters=476, full_count=0
Compilation: enabled, stopped_count=0, restarted_count=0

Compilation events (20 events):
Event: 20.047 Thread 0x0000022d3a028940 5711       3       java.lang.System$1::uncheckedEncodeASCII (11 bytes)
Event: 20.048 Thread 0x0000022d3a028940 nmethod 5711 0x0000022d26cc6808 code [0x0000022d26cc6900, 0x0000022d26cc6a38]
Event: 20.048 Thread 0x0000022d3a028940 5712       1       java.util.Calendar::getFirstDayOfWeek (5 bytes)
Event: 20.048 Thread 0x0000022d3a028940 nmethod 5712 0x0000022d2e078b08 code [0x0000022d2e078c00, 0x0000022d2e078cb8]
Event: 20.048 Thread 0x0000022d3a028940 5713       1       java.util.Calendar::getMinimalDaysInFirstWeek (5 bytes)
Event: 20.048 Thread 0x0000022d3a028940 nmethod 5713 0x0000022d2e078e08 code [0x0000022d2e078f00, 0x0000022d2e078fb8]
Event: 20.048 Thread 0x0000022d3a028940 5714       3       sun.nio.cs.StreamEncoder::ensureOpen (18 bytes)
Event: 20.048 Thread 0x0000022d3a028940 nmethod 5714 0x0000022d26cc6b08 code [0x0000022d26cc6c00, 0x0000022d26cc6df8]
Event: 20.048 Thread 0x0000022d3a028940 5715       3       java.io.FileDescriptor$1::getAppend (5 bytes)
Event: 20.048 Thread 0x0000022d3a028940 nmethod 5715 0x0000022d26cc6e08 code [0x0000022d26cc6f00, 0x0000022d26cc7008]
Event: 20.048 Thread 0x0000022d3a01ea30 5716       4       sun.nio.cs.UTF_8::updatePositions (23 bytes)
Event: 20.048 Thread 0x0000022d3a028940 5717   !   3       sun.nio.cs.StreamEncoder::write (78 bytes)
Event: 20.049 Thread 0x0000022d3a028940 nmethod 5717 0x0000022d26cc7108 code [0x0000022d26cc7200, 0x0000022d26cc7a48]
Event: 20.049 Thread 0x0000022d3a028940 5719       3       sun.nio.cs.StreamEncoder::implWrite (145 bytes)
Event: 20.050 Thread 0x0000022d3a028940 nmethod 5719 0x0000022d26cc7a88 code [0x0000022d26cc7b80, 0x0000022d26cc89c0]
Event: 20.050 Thread 0x0000022d3a028940 5718       3       sun.nio.cs.StreamEncoder::implWrite (15 bytes)
Event: 20.050 Thread 0x0000022d3a028940 nmethod 5718 0x0000022d26cc8a08 code [0x0000022d26cc8b00, 0x0000022d26cc8cf8]
Event: 20.052 Thread 0x0000022d3a028940 5722       3       java.text.StringBufFactory$StringBuilderImpl::append (11 bytes)
Event: 20.052 Thread 0x0000022d3a028940 nmethod 5722 0x0000022d26cc8d08 code [0x0000022d26cc8e00, 0x0000022d26cc9030]
Event: 20.769 Thread 0x0000022d3a028940 5723       3       java.util.concurrent.ScheduledThreadPoolExecutor$ScheduledFutureTask::getDelay (16 bytes)

GC Heap Usage History (20 events):
Event: 2.760 {heap Before GC invocations=11 (full 0):
 garbage-first heap   total reserved 1505280K, committed 24576K, used 18957K [0x00000000a4200000, 0x0000000100000000)
  region size 1M, 12 eden (12M), 2 survivor (2M), 6 old (6M), 0 humongous (0M), 4 free (4M)
}
Event: 2.767 {heap After GC invocations=12 (full 0):
 garbage-first heap   total reserved 1505280K, committed 24576K, used 8565K [0x00000000a4200000, 0x0000000100000000)
  region size 1M, 0 eden (0M), 2 survivor (2M), 8 old (8M), 0 humongous (0M), 14 free (14M)
}
Event: 3.202 {heap Before GC invocations=12 (full 0):
 garbage-first heap   total reserved 1505280K, committed 24576K, used 18805K [0x00000000a4200000, 0x0000000100000000)
  region size 1M, 11 eden (11M), 2 survivor (2M), 8 old (8M), 0 humongous (0M), 3 free (3M)
}
Event: 3.208 {heap After GC invocations=13 (full 0):
 garbage-first heap   total reserved 1505280K, committed 24576K, used 9265K [0x00000000a4200000, 0x0000000100000000)
  region size 1M, 0 eden (0M), 1 survivor (1M), 9 old (9M), 0 humongous (0M), 14 free (14M)
}
Event: 3.460 {heap Before GC invocations=13 (full 0):
 garbage-first heap   total reserved 1505280K, committed 24576K, used 19505K [0x00000000a4200000, 0x0000000100000000)
  region size 1M, 11 eden (11M), 1 survivor (1M), 9 old (9M), 0 humongous (0M), 3 free (3M)
}
Event: 3.464 {heap After GC invocations=14 (full 0):
 garbage-first heap   total reserved 1505280K, committed 24576K, used 10038K [0x00000000a4200000, 0x0000000100000000)
  region size 1M, 0 eden (0M), 2 survivor (2M), 9 old (9M), 0 humongous (0M), 13 free (13M)
}
Event: 3.646 {heap Before GC invocations=14 (full 0):
 garbage-first heap   total reserved 1505280K, committed 24576K, used 20278K [0x00000000a4200000, 0x0000000100000000)
  region size 1M, 10 eden (10M), 2 survivor (2M), 9 old (9M), 0 humongous (0M), 3 free (3M)
}
Event: 3.650 {heap After GC invocations=15 (full 0):
 garbage-first heap   total reserved 1505280K, committed 31744K, used 10545K [0x00000000a4200000, 0x0000000100000000)
  region size 1M, 0 eden (0M), 2 survivor (2M), 10 old (10M), 0 humongous (0M), 19 free (19M)
}
Event: 3.869 {heap Before GC invocations=15 (full 0):
 garbage-first heap   total reserved 1505280K, committed 31744K, used 25905K [0x00000000a4200000, 0x0000000100000000)
  region size 1M, 16 eden (16M), 2 survivor (2M), 10 old (10M), 0 humongous (0M), 3 free (3M)
}
Event: 3.874 {heap After GC invocations=16 (full 0):
 garbage-first heap   total reserved 1505280K, committed 31744K, used 11905K [0x00000000a4200000, 0x0000000100000000)
  region size 1M, 0 eden (0M), 3 survivor (3M), 10 old (10M), 0 humongous (0M), 18 free (18M)
}
Event: 4.234 {heap Before GC invocations=16 (full 0):
 garbage-first heap   total reserved 1505280K, committed 31744K, used 27265K [0x00000000a4200000, 0x0000000100000000)
  region size 1M, 15 eden (15M), 3 survivor (3M), 10 old (10M), 0 humongous (0M), 3 free (3M)
}
Event: 4.239 {heap After GC invocations=17 (full 0):
 garbage-first heap   total reserved 1505280K, committed 31744K, used 12146K [0x00000000a4200000, 0x0000000100000000)
  region size 1M, 0 eden (0M), 2 survivor (2M), 11 old (11M), 0 humongous (0M), 18 free (18M)
}
Event: 4.687 {heap Before GC invocations=17 (full 0):
 garbage-first heap   total reserved 1505280K, committed 31744K, used 27506K [0x00000000a4200000, 0x0000000100000000)
  region size 1M, 15 eden (15M), 2 survivor (2M), 11 old (11M), 0 humongous (0M), 3 free (3M)
}
Event: 4.693 {heap After GC invocations=18 (full 0):
 garbage-first heap   total reserved 1505280K, committed 31744K, used 13366K [0x00000000a4200000, 0x0000000100000000)
  region size 1M, 0 eden (0M), 2 survivor (2M), 12 old (12M), 0 humongous (0M), 17 free (17M)
}
Event: 4.984 {heap Before GC invocations=18 (full 0):
 garbage-first heap   total reserved 1505280K, committed 31744K, used 27702K [0x00000000a4200000, 0x0000000100000000)
  region size 1M, 14 eden (14M), 2 survivor (2M), 12 old (12M), 0 humongous (0M), 3 free (3M)
}
Event: 4.989 {heap After GC invocations=19 (full 0):
 garbage-first heap   total reserved 1505280K, committed 41984K, used 14097K [0x00000000a4200000, 0x0000000100000000)
  region size 1M, 0 eden (0M), 1 survivor (1M), 14 old (14M), 0 humongous (0M), 26 free (26M)
}
Event: 5.694 {heap Before GC invocations=19 (full 0):
 garbage-first heap   total reserved 1505280K, committed 41984K, used 36625K [0x00000000a4200000, 0x0000000100000000)
  region size 1M, 23 eden (23M), 1 survivor (1M), 14 old (14M), 0 humongous (0M), 3 free (3M)
}
Event: 5.697 {heap After GC invocations=20 (full 0):
 garbage-first heap   total reserved 1505280K, committed 41984K, used 15285K [0x00000000a4200000, 0x0000000100000000)
  region size 1M, 0 eden (0M), 2 survivor (2M), 14 old (14M), 0 humongous (0M), 25 free (25M)
}
Event: 6.033 {heap Before GC invocations=20 (full 0):
 garbage-first heap   total reserved 1505280K, committed 41984K, used 36789K [0x00000000a4200000, 0x0000000100000000)
  region size 1M, 21 eden (21M), 2 survivor (2M), 14 old (14M), 0 humongous (0M), 4 free (4M)
}
Event: 6.039 {heap After GC invocations=21 (full 0):
 garbage-first heap   total reserved 1505280K, committed 41984K, used 15828K [0x00000000a4200000, 0x0000000100000000)
  region size 1M, 0 eden (0M), 2 survivor (2M), 15 old (15M), 0 humongous (0M), 24 free (24M)
}

Metaspace Usage History (20 events):
Event: 2.760 {metaspace Before GC invocations=11 (full 0):
 Metaspace       used 12823K, committed 13120K, reserved 1114112K
  class space    used 1631K, committed 1792K, reserved 1048576K
}
Event: 2.767 {metaspace After GC invocations=12 (full 0):
 Metaspace       used 12823K, committed 13120K, reserved 1114112K
  class space    used 1631K, committed 1792K, reserved 1048576K
}
Event: 3.202 {metaspace Before GC invocations=12 (full 0):
 Metaspace       used 14865K, committed 15168K, reserved 1114112K
  class space    used 1875K, committed 1984K, reserved 1048576K
}
Event: 3.208 {metaspace After GC invocations=13 (full 0):
 Metaspace       used 14865K, committed 15168K, reserved 1114112K
  class space    used 1875K, committed 1984K, reserved 1048576K
}
Event: 3.460 {metaspace Before GC invocations=13 (full 0):
 Metaspace       used 15232K, committed 15424K, reserved 1114112K
  class space    used 1903K, committed 1984K, reserved 1048576K
}
Event: 3.464 {metaspace After GC invocations=14 (full 0):
 Metaspace       used 15232K, committed 15424K, reserved 1114112K
  class space    used 1903K, committed 1984K, reserved 1048576K
}
Event: 3.646 {metaspace Before GC invocations=14 (full 0):
 Metaspace       used 15353K, committed 15552K, reserved 1114112K
  class space    used 1905K, committed 1984K, reserved 1048576K
}
Event: 3.650 {metaspace After GC invocations=15 (full 0):
 Metaspace       used 15353K, committed 15552K, reserved 1114112K
  class space    used 1905K, committed 1984K, reserved 1048576K
}
Event: 3.869 {metaspace Before GC invocations=15 (full 0):
 Metaspace       used 15531K, committed 15744K, reserved 1114112K
  class space    used 1905K, committed 1984K, reserved 1048576K
}
Event: 3.874 {metaspace After GC invocations=16 (full 0):
 Metaspace       used 15531K, committed 15744K, reserved 1114112K
  class space    used 1905K, committed 1984K, reserved 1048576K
}
Event: 4.234 {metaspace Before GC invocations=16 (full 0):
 Metaspace       used 15838K, committed 16128K, reserved 1114112K
  class space    used 1923K, committed 2048K, reserved 1048576K
}
Event: 4.239 {metaspace After GC invocations=17 (full 0):
 Metaspace       used 15838K, committed 16128K, reserved 1114112K
  class space    used 1923K, committed 2048K, reserved 1048576K
}
Event: 4.687 {metaspace Before GC invocations=17 (full 0):
 Metaspace       used 16767K, committed 17024K, reserved 1114112K
  class space    used 2037K, committed 2176K, reserved 1048576K
}
Event: 4.693 {metaspace After GC invocations=18 (full 0):
 Metaspace       used 16767K, committed 17024K, reserved 1114112K
  class space    used 2037K, committed 2176K, reserved 1048576K
}
Event: 4.984 {metaspace Before GC invocations=18 (full 0):
 Metaspace       used 16918K, committed 17216K, reserved 1114112K
  class space    used 2044K, committed 2176K, reserved 1048576K
}
Event: 4.989 {metaspace After GC invocations=19 (full 0):
 Metaspace       used 16918K, committed 17216K, reserved 1114112K
  class space    used 2044K, committed 2176K, reserved 1048576K
}
Event: 5.694 {metaspace Before GC invocations=19 (full 0):
 Metaspace       used 18061K, committed 18368K, reserved 1114112K
  class space    used 2141K, committed 2304K, reserved 1048576K
}
Event: 5.697 {metaspace After GC invocations=20 (full 0):
 Metaspace       used 18061K, committed 18368K, reserved 1114112K
  class space    used 2141K, committed 2304K, reserved 1048576K
}
Event: 6.033 {metaspace Before GC invocations=20 (full 0):
 Metaspace       used 19108K, committed 19456K, reserved 1114112K
  class space    used 2243K, committed 2368K, reserved 1048576K
}
Event: 6.039 {metaspace After GC invocations=21 (full 0):
 Metaspace       used 19108K, committed 19456K, reserved 1114112K
  class space    used 2243K, committed 2368K, reserved 1048576K
}

Dll operation events (14 events):
Event: 0.011 Attempting to load shared library C:\Program Files\Java\jdk-26.0.1\bin\java.dll
Event: 0.013 Loaded shared library C:\Program Files\Java\jdk-26.0.1\bin\java.dll
Event: 0.066 Attempting to load shared library C:\Program Files\Java\jdk-26.0.1\bin\net.dll
Event: 0.068 Loaded shared library C:\Program Files\Java\jdk-26.0.1\bin\net.dll
Event: 0.071 Attempting to load shared library C:\Program Files\Java\jdk-26.0.1\bin\nio.dll
Event: 0.073 Loaded shared library C:\Program Files\Java\jdk-26.0.1\bin\nio.dll
Event: 0.079 Attempting to load shared library C:\Program Files\Java\jdk-26.0.1\bin\zip.dll
Event: 0.081 Loaded shared library C:\Program Files\Java\jdk-26.0.1\bin\zip.dll
Event: 0.361 Attempting to load shared library C:\Program Files\Java\jdk-26.0.1\bin\jimage.dll
Event: 0.361 Loaded shared library C:\Program Files\Java\jdk-26.0.1\bin\jimage.dll
Event: 0.364 Attempting to load shared library C:\Users\jerome\.vscode\extensions\oracle.oracle-java-26.0.0\nbcode\java\maven\lib\jansi-native\Windows\x86_64\jansi.dll
Event: 0.366 Loaded shared library C:\Users\jerome\.vscode\extensions\oracle.oracle-java-26.0.0\nbcode\java\maven\lib\jansi-native\Windows\x86_64\jansi.dll
Event: 0.391 Attempting to load shared library C:\Program Files\Java\jdk-26.0.1\bin\verify.dll
Event: 0.393 Loaded shared library C:\Program Files\Java\jdk-26.0.1\bin\verify.dll

Deoptimization events (20 events):
Event: 6.249 Thread 0x0000022d1b2969c0 Uncommon trap: trap_request=0xffffffde fr.pc=0x0000022d2df6bbe4 relative=0x0000000000000064
Event: 6.249 Thread 0x0000022d1b2969c0 Uncommon trap: reason=class_check action=maybe_recompile pc=0x0000022d2df6bbe4 method=java.util.Collections$UnmodifiableMap$UnmodifiableEntrySet$1.hasNext()Z @ 4 c2
Event: 6.249 Thread 0x0000022d1b2969c0 DEOPT PACKING pc=0x0000022d2df6bbe4 sp=0x000000b4e29fdd70
Event: 6.249 Thread 0x0000022d1b2969c0 DEOPT UNPACKING pc=0x0000022d2d9d2602 sp=0x000000b4e29fdd00 mode 2
Event: 6.249 Thread 0x0000022d1b2969c0 Uncommon trap: trap_request=0xffffffde fr.pc=0x0000022d2df7a44c relative=0x000000000000024c
Event: 6.249 Thread 0x0000022d1b2969c0 Uncommon trap: reason=class_check action=maybe_recompile pc=0x0000022d2df7a44c method=java.util.Collections$UnmodifiableMap$UnmodifiableEntrySet$1.next()Ljava/util/Map$Entry; @ 8 c2
Event: 6.249 Thread 0x0000022d1b2969c0 DEOPT PACKING pc=0x0000022d2df7a44c sp=0x000000b4e29fdd50
Event: 6.249 Thread 0x0000022d1b2969c0 DEOPT UNPACKING pc=0x0000022d2d9d2602 sp=0x000000b4e29fdc90 mode 2
Event: 6.249 Thread 0x0000022d1b2969c0 Uncommon trap: trap_request=0xffffffde fr.pc=0x0000022d2df79c64 relative=0x0000000000000064
Event: 6.249 Thread 0x0000022d1b2969c0 Uncommon trap: reason=class_check action=maybe_recompile pc=0x0000022d2df79c64 method=java.util.Collections$UnmodifiableMap$UnmodifiableEntrySet$UnmodifiableEntry.getKey()Ljava/lang/Object; @ 4 c2
Event: 6.249 Thread 0x0000022d1b2969c0 DEOPT PACKING pc=0x0000022d2df79c64 sp=0x000000b4e29fdd70
Event: 6.249 Thread 0x0000022d1b2969c0 DEOPT UNPACKING pc=0x0000022d2d9d2602 sp=0x000000b4e29fdd00 mode 2
Event: 6.249 Thread 0x0000022d1b2969c0 Uncommon trap: trap_request=0xffffffde fr.pc=0x0000022d2df79f64 relative=0x0000000000000064
Event: 6.249 Thread 0x0000022d1b2969c0 Uncommon trap: reason=class_check action=maybe_recompile pc=0x0000022d2df79f64 method=java.util.Collections$UnmodifiableMap$UnmodifiableEntrySet$UnmodifiableEntry.getValue()Ljava/lang/Object; @ 4 c2
Event: 6.249 Thread 0x0000022d1b2969c0 DEOPT PACKING pc=0x0000022d2df79f64 sp=0x000000b4e29fdd60
Event: 6.249 Thread 0x0000022d1b2969c0 DEOPT UNPACKING pc=0x0000022d2d9d2602 sp=0x000000b4e29fdcf0 mode 2
Event: 6.963 Thread 0x0000022d41738d60 Uncommon trap: trap_request=0xffffff45 fr.pc=0x0000022d2e0272c8 relative=0x0000000000000848
Event: 6.963 Thread 0x0000022d41738d60 Uncommon trap: reason=unstable_if action=reinterpret pc=0x0000022d2e0272c8 method=java.util.StringTokenizer.nextToken()Ljava/lang/String; @ 5 c2
Event: 6.963 Thread 0x0000022d41738d60 DEOPT PACKING pc=0x0000022d2e0272c8 sp=0x000000b4e4cff180
Event: 6.963 Thread 0x0000022d41738d60 DEOPT UNPACKING pc=0x0000022d2d9d2602 sp=0x000000b4e4cff150 mode 2

Classes loaded (20 events):
Event: 6.291 Loading class jdk/internal/logger/LazyLoggers$LazyLoggerFactories
Event: 6.291 Loading class jdk/internal/logger/LazyLoggers$LazyLoggerFactories done
Event: 6.291 Loading class jdk/internal/logger/LoggerFinderLoader
Event: 6.292 Loading class jdk/internal/logger/LoggerFinderLoader done
Event: 6.293 Loading class jdk/internal/logger/LoggerFinderLoader$TemporaryLoggerFinder
Event: 6.293 Loading class jdk/internal/logger/LoggerFinderLoader$TemporaryLoggerFinder done
Event: 6.293 Loading class sun/util/logging/internal/LoggingProviderImpl$JULWrapper
Event: 6.294 Loading class sun/util/logging/PlatformLogger$ConfigurableBridge$LoggerConfiguration
Event: 6.294 Loading class sun/util/logging/PlatformLogger$ConfigurableBridge$LoggerConfiguration done
Event: 6.294 Loading class sun/util/logging/internal/LoggingProviderImpl$JULWrapper done
Event: 6.294 Loading class java/lang/System$Logger$Level
Event: 6.294 Loading class java/lang/System$Logger$Level done
Event: 6.297 Loading class java/io/PrintWriter
Event: 6.297 Loading class java/io/PrintWriter done
Event: 6.961 Loading class java/io/SequenceInputStream
Event: 6.962 Loading class java/io/SequenceInputStream done
Event: 19.729 Loading class java/lang/Throwable$WrappedPrintWriter
Event: 19.729 Loading class java/lang/Throwable$PrintStreamOrWriter
Event: 19.729 Loading class java/lang/Throwable$PrintStreamOrWriter done
Event: 19.729 Loading class java/lang/Throwable$WrappedPrintWriter done

Classes unloaded (0 events):
No events

Classes redefined (0 events):
No events

Internal exceptions (20 events):
Event: 3.319 Thread 0x0000022d1b2969c0 Implicit null exception at 0x0000022d2df31d20 to 0x0000022d2df32a1c
Event: 3.320 Thread 0x0000022d1b2969c0 Implicit null exception at 0x0000022d2defa7c8 to 0x0000022d2defa99c
Event: 3.320 Thread 0x0000022d1b2969c0 Implicit null exception at 0x0000022d2df3c539 to 0x0000022d2df3cb98
Event: 3.928 Thread 0x0000022d1b2969c0 Implicit null exception at 0x0000022d2dfa9a68 to 0x0000022d2dfa9c54
Event: 3.928 Thread 0x0000022d1b2969c0 Implicit null exception at 0x0000022d2df97268 to 0x0000022d2df97448
Event: 3.928 Thread 0x0000022d1b2969c0 Implicit null exception at 0x0000022d2de9809d to 0x0000022d2de98115
Event: 4.005 Thread 0x0000022d1b2969c0 Exception <a 'java/lang/NoSuchMethodError'{0x00000000a594d6a0}: 'java.lang.Object java.lang.invoke.DirectMethodHandle$Holder.newInvokeSpecial(java.lang.Object, java.lang.Object, java.lang.Object, java.lang.Object, java.lang.Object, java.lang.Object, java.lang.Object)'> (0x00000000a594d6a0) 
thrown [s\open\src\hotspot\share\interpreter\linkResolver.cpp, line 804]
Event: 4.624 Thread 0x0000022d1b2969c0 Exception <a 'java/lang/NoSuchMethodError'{0x00000000a52eb980}: 'int java.lang.invoke.DirectMethodHandle$Holder.invokeVirtual(java.lang.Object, java.lang.Object)'> (0x00000000a52eb980) 
thrown [s\open\src\hotspot\share\interpreter\linkResolver.cpp, line 804]
Event: 4.663 Thread 0x0000022d1b2969c0 Exception <a 'java/lang/NoSuchMethodError'{0x00000000a5025730}: 'void java.lang.invoke.Invokers$Holder.invokeExact_MT(java.lang.Object, java.lang.Object, int, java.lang.Object)'> (0x00000000a5025730) 
thrown [s\open\src\hotspot\share\interpreter\linkResolver.cpp, line 804]
Event: 4.841 Thread 0x0000022d1b2969c0 Implicit null exception at 0x0000022d2df01936 to 0x0000022d2df02408
Event: 5.739 Thread 0x0000022d1b2969c0 Exception <a 'java/lang/NoSuchMethodError'{0x00000000a651e9f8}: 'java.lang.String org.apache.maven.execution.MavenExecutionRequest.getFailureBehavior()'> (0x00000000a651e9f8) 
thrown [s\open\src\hotspot\share\interpreter\linkResolver.cpp, line 900]
Event: 5.762 Thread 0x0000022d40eef0d0 Exception <a 'java/lang/NoSuchMethodError'{0x00000000a630c510}: 'java.lang.Object java.lang.invoke.DirectMethodHandle$Holder.invokeStatic(java.lang.Object, long, java.lang.Object)'> (0x00000000a630c510) 
thrown [s\open\src\hotspot\share\interpreter\linkResolver.cpp, line 804]
Event: 5.762 Thread 0x0000022d40eef0d0 Exception <a 'java/lang/NoSuchMethodError'{0x00000000a63143b0}: 'java.lang.Object java.lang.invoke.DirectMethodHandle$Holder.invokeStaticInit(java.lang.Object, long, java.lang.Object)'> (0x00000000a63143b0) 
thrown [s\open\src\hotspot\share\interpreter\linkResolver.cpp, line 804]
Event: 5.764 Thread 0x0000022d40eef0d0 Exception <a 'java/lang/NoSuchMethodError'{0x00000000a6323660}: 'java.lang.Object java.lang.invoke.DirectMethodHandle$Holder.newInvokeSpecial(java.lang.Object, long)'> (0x00000000a6323660) 
thrown [s\open\src\hotspot\share\interpreter\linkResolver.cpp, line 804]
Event: 5.770 Thread 0x0000022d40eef0d0 Exception <a 'java/lang/NoSuchMethodError'{0x00000000a632d478}: 'long java.lang.invoke.DirectMethodHandle$Holder.invokeInterface(java.lang.Object, java.lang.Object)'> (0x00000000a632d478) 
thrown [s\open\src\hotspot\share\interpreter\linkResolver.cpp, line 804]
Event: 5.771 Thread 0x0000022d40eef0d0 Exception <a 'java/lang/NoSuchMethodError'{0x00000000a6335700}: 'java.lang.Object java.lang.invoke.DirectMethodHandle$Holder.invokeStatic(java.lang.Object, long)'> (0x00000000a6335700) 
thrown [s\open\src\hotspot\share\interpreter\linkResolver.cpp, line 804]
Event: 5.773 Thread 0x0000022d40eef0d0 Exception <a 'java/lang/NoSuchMethodError'{0x00000000a63b73a8}: 'long java.lang.invoke.DelegatingMethodHandle$Holder.reinvoke_L(java.lang.Object, java.lang.Object)'> (0x00000000a63b73a8) 
thrown [s\open\src\hotspot\share\interpreter\linkResolver.cpp, line 804]
Event: 5.832 Thread 0x0000022d1b2969c0 Exception <a 'java/lang/NoSuchMethodError'{0x00000000a62ad7a8}: 'java.lang.Object java.lang.invoke.DirectMethodHandle$Holder.invokeStaticInit(java.lang.Object, java.lang.Object, int, int, int, int)'> (0x00000000a62ad7a8) 
thrown [s\open\src\hotspot\share\interpreter\linkResolver.cpp, line 804]
Event: 5.880 Thread 0x0000022d1b2969c0 Exception <a 'java/lang/NoSuchMethodError'{0x00000000a5f4c4a0}: 'int java.lang.invoke.DirectMethodHandle$Holder.invokeSpecialIFC(java.lang.Object, java.lang.Object, java.lang.Object, java.lang.Object)'> (0x00000000a5f4c4a0) 
thrown [s\open\src\hotspot\share\interpreter\linkResolver.cpp, line 804]
Event: 6.288 Thread 0x0000022d1b2969c0 Exception <a 'java/lang/NoSuchMethodError'{0x00000000a5dbb8c0}: 'void java.lang.invoke.DirectMethodHandle$Holder.invokeStatic(java.lang.Object, long)'> (0x00000000a5dbb8c0) 
thrown [s\open\src\hotspot\share\interpreter\linkResolver.cpp, line 804]

VM Operations (20 events):
Event: 4.662 Executing non-safepoint VM operation: HandshakeAllThreads (Deoptimize)
Event: 4.662 Executing non-safepoint VM operation: HandshakeAllThreads (Deoptimize) done
Event: 4.687 Executing safepoint VM operation: G1CollectForAllocation (G1 Evacuation Pause)
Event: 4.693 Executing safepoint VM operation: G1CollectForAllocation (G1 Evacuation Pause) done
Event: 4.984 Executing safepoint VM operation: G1CollectForAllocation (G1 Evacuation Pause)
Event: 4.989 Executing safepoint VM operation: G1CollectForAllocation (G1 Evacuation Pause) done
Event: 5.694 Executing safepoint VM operation: G1CollectForAllocation (G1 Evacuation Pause)
Event: 5.697 Executing safepoint VM operation: G1CollectForAllocation (G1 Evacuation Pause) done
Event: 5.708 Executing non-safepoint VM operation: HandshakeAllThreads (Deoptimize)
Event: 5.708 Executing non-safepoint VM operation: HandshakeAllThreads (Deoptimize) done
Event: 5.807 Executing non-safepoint VM operation: HandshakeAllThreads (Deoptimize)
Event: 5.807 Executing non-safepoint VM operation: HandshakeAllThreads (Deoptimize) done
Event: 5.818 Executing non-safepoint VM operation: HandshakeAllThreads (Deoptimize)
Event: 5.818 Executing non-safepoint VM operation: HandshakeAllThreads (Deoptimize) done
Event: 5.931 Executing non-safepoint VM operation: HandshakeAllThreads (Deoptimize)
Event: 5.931 Executing non-safepoint VM operation: HandshakeAllThreads (Deoptimize) done
Event: 5.932 Executing non-safepoint VM operation: HandshakeAllThreads (Deoptimize)
Event: 5.932 Executing non-safepoint VM operation: HandshakeAllThreads (Deoptimize) done
Event: 6.033 Executing safepoint VM operation: G1CollectForAllocation (G1 Evacuation Pause)
Event: 6.039 Executing safepoint VM operation: G1CollectForAllocation (G1 Evacuation Pause) done

Memory protections (0 events):
No events

Nmethod flushes (0 events):
No events

Events (20 events):
Event: 1.104 Thread 0x0000022d3a028940 Thread added: 0x0000022d3f07c590
Event: 1.133 Thread 0x0000022d3a01ea30 Thread added: 0x0000022d3f171590
Event: 2.215 Thread 0x0000022d3f171590 Thread exited: 0x0000022d3f171590
Event: 3.699 Thread 0x0000022d3a028940 Thread added: 0x0000022d3fb15300
Event: 5.710 Thread 0x0000022d1b2969c0 Thread added: 0x0000022d40eef0d0
Event: 5.775 Thread 0x0000022d40eef0d0 Thread exited: 0x0000022d40eef0d0
Event: 5.933 Thread 0x0000022d1b2969c0 Thread added: 0x0000022d40c28890
Event: 5.933 Thread 0x0000022d1b2969c0 Thread added: 0x0000022d40c29040
Event: 5.933 Thread 0x0000022d1b2969c0 Thread added: 0x0000022d3f96de50
Event: 6.136 Thread 0x0000022d1b2969c0 Thread added: 0x0000022d3f9724a0
Event: 6.137 Thread 0x0000022d1b2969c0 Thread added: 0x0000022d3f973440
Event: 6.168 Thread 0x0000022d1b2969c0 Thread added: 0x0000022d3f9743e0
Event: 6.180 Thread 0x0000022d1b2969c0 Thread added: 0x0000022d3f974bb0
Event: 6.241 Thread 0x0000022d1b2969c0 Thread added: 0x0000022d41738d60
Event: 6.298 Thread 0x0000022d1b2969c0 Thread added: 0x0000022d41737dc0
Event: 6.298 Thread 0x0000022d1b2969c0 Thread added: 0x0000022d41736e20
Event: 6.298 Thread 0x0000022d1b2969c0 Thread added: 0x0000022d41739530
Event: 6.869 Thread 0x0000022d3fb15300 Thread exited: 0x0000022d3fb15300
Event: 6.869 Thread 0x0000022d3f07c590 Thread exited: 0x0000022d3f07c590
Event: 20.082 Thread 0x0000022d41738d60 Thread exited: 0x0000022d41738d60


Dynamic libraries:
0x00007ff76f1c0000 - 0x00007ff76f1d0000 	C:\Program Files\Java\jdk-26.0.1\bin\java.exe
0x00007ffd82840000 - 0x00007ffd82aa6000 	C:\WINDOWS\SYSTEM32\ntdll.dll
0x00007ffd80900000 - 0x00007ffd809c9000 	C:\WINDOWS\System32\KERNEL32.DLL
0x00007ffd7fbe0000 - 0x00007ffd7ffdf000 	C:\WINDOWS\System32\KERNELBASE.dll
0x00007ffd80190000 - 0x00007ffd802dc000 	C:\WINDOWS\System32\ucrtbase.dll
0x00007ffd6a810000 - 0x00007ffd6a82e000 	C:\Program Files\Java\jdk-26.0.1\bin\VCRUNTIME140.dll
0x00007ffd5aa40000 - 0x00007ffd5aa57000 	C:\Program Files\Java\jdk-26.0.1\bin\jli.dll
0x00007ffd81550000 - 0x00007ffd81716000 	C:\WINDOWS\System32\USER32.dll
0x00007ffd63fa0000 - 0x00007ffd64231000 	C:\WINDOWS\WinSxS\amd64_microsoft.windows.common-controls_6595b64144ccf1df_6.0.26100.8972_none_3e0da176e32f9d4b\COMCTL32.dll
0x00007ffd800b0000 - 0x00007ffd800d7000 	C:\WINDOWS\System32\win32u.dll
0x00007ffd808d0000 - 0x00007ffd808fb000 	C:\WINDOWS\System32\GDI32.dll
0x00007ffd81800000 - 0x00007ffd818a9000 	C:\WINDOWS\System32\msvcrt.dll
0x00007ffd80440000 - 0x00007ffd80569000 	C:\WINDOWS\System32\gdi32full.dll
0x00007ffd800e0000 - 0x00007ffd80183000 	C:\WINDOWS\System32\msvcp_win.dll
0x00007ffd81380000 - 0x00007ffd813b2000 	C:\WINDOWS\System32\IMM32.DLL
0x00007ffd7b8f0000 - 0x00007ffd7b8fc000 	C:\Program Files\Java\jdk-26.0.1\bin\vcruntime140_1.dll
0x00007ffd1e7d0000 - 0x00007ffd1e85d000 	C:\Program Files\Java\jdk-26.0.1\bin\msvcp140.dll
0x00007ffce1490000 - 0x00007ffce235e000 	C:\Program Files\Java\jdk-26.0.1\bin\server\jvm.dll
0x00007ffd80690000 - 0x00007ffd8074c000 	C:\WINDOWS\System32\ADVAPI32.dll
0x00007ffd81900000 - 0x00007ffd819a9000 	C:\WINDOWS\System32\sechost.dll
0x00007ffd824b0000 - 0x00007ffd825c8000 	C:\WINDOWS\System32\RPCRT4.dll
0x00007ffd812f0000 - 0x00007ffd81372000 	C:\WINDOWS\System32\WS2_32.dll
0x00007ffd762a0000 - 0x00007ffd762d6000 	C:\WINDOWS\SYSTEM32\WINMM.dll
0x00007ffd757a0000 - 0x00007ffd757ab000 	C:\WINDOWS\SYSTEM32\VERSION.dll
0x00007ffd7f8b0000 - 0x00007ffd7f90e000 	C:\WINDOWS\SYSTEM32\POWRPROF.dll
0x00007ffd7f890000 - 0x00007ffd7f8a5000 	C:\WINDOWS\SYSTEM32\UMPDC.dll
0x00007ffd7e740000 - 0x00007ffd7e75b000 	C:\WINDOWS\SYSTEM32\kernel.appcore.dll
0x00007ffd74890000 - 0x00007ffd7489a000 	C:\Program Files\Java\jdk-26.0.1\bin\jimage.dll
0x00007ffd7cfb0000 - 0x00007ffd7d1f2000 	C:\WINDOWS\SYSTEM32\DBGHELP.DLL
0x00007ffd80f60000 - 0x00007ffd812e5000 	C:\WINDOWS\System32\combase.dll
0x00007ffd81720000 - 0x00007ffd817f9000 	C:\WINDOWS\System32\OLEAUT32.dll
0x00007ffd611d0000 - 0x00007ffd6120b000 	C:\WINDOWS\SYSTEM32\dbgcore.DLL
0x00007ffd80380000 - 0x00007ffd8042c000 	C:\WINDOWS\System32\bcryptPrimitives.dll
0x00007ffd63400000 - 0x00007ffd6341f000 	C:\Program Files\Java\jdk-26.0.1\bin\java.dll
0x00007ffd825d0000 - 0x00007ffd82769000 	C:\WINDOWS\System32\ole32.dll
0x00007ffd819b0000 - 0x00007ffd82138000 	C:\WINDOWS\System32\SHELL32.dll
0x00007ffd7d380000 - 0x00007ffd7dc1b000 	C:\WINDOWS\SYSTEM32\windows.storage.dll
0x00007ffd80570000 - 0x00007ffd80669000 	C:\WINDOWS\System32\SHCORE.dll
0x00007ffd80e70000 - 0x00007ffd80ed6000 	C:\WINDOWS\System32\shlwapi.dll
0x00007ffd7f970000 - 0x00007ffd7f999000 	C:\WINDOWS\SYSTEM32\profapi.dll
0x00007ffd591a0000 - 0x00007ffd591b2000 	C:\Program Files\Java\jdk-26.0.1\bin\net.dll
0x00007ffd7ecf0000 - 0x00007ffd7ed5c000 	C:\WINDOWS\system32\mswsock.dll
0x00007ffd58f70000 - 0x00007ffd58f86000 	C:\Program Files\Java\jdk-26.0.1\bin\nio.dll
0x00007ffd58e20000 - 0x00007ffd58e37000 	C:\Program Files\Java\jdk-26.0.1\bin\zip.dll
0x00007ffd5a510000 - 0x00007ffd5a534000 	C:\Users\jerome\.vscode\extensions\oracle.oracle-java-26.0.0\nbcode\java\maven\lib\jansi-native\Windows\x86_64\jansi.dll
0x00007ffd72f10000 - 0x00007ffd72f20000 	C:\Program Files\Java\jdk-26.0.1\bin\verify.dll
0x00007ffd7efe0000 - 0x00007ffd7effb000 	C:\WINDOWS\SYSTEM32\CRYPTSP.dll
0x00007ffd7e6a0000 - 0x00007ffd7e6d9000 	C:\WINDOWS\system32\rsaenh.dll
0x00007ffd7eda0000 - 0x00007ffd7edd2000 	C:\WINDOWS\SYSTEM32\USERENV.dll
0x00007ffd7f940000 - 0x00007ffd7f96a000 	C:\WINDOWS\SYSTEM32\bcrypt.dll
0x00007ffd7f000000 - 0x00007ffd7f00c000 	C:\WINDOWS\SYSTEM32\CRYPTBASE.dll
0x00007ffd7e0f0000 - 0x00007ffd7e123000 	C:\WINDOWS\SYSTEM32\IPHLPAPI.DLL
0x00007ffd80e60000 - 0x00007ffd80e6a000 	C:\WINDOWS\System32\NSI.dll

JVMTI agents: none

dbghelp: loaded successfully - version: 4.0.5 - missing functions: none
symbol engine: initialized successfully - sym options: 0x614 - pdb path: .;C:\Program Files\Java\jdk-26.0.1\bin;C:\WINDOWS\SYSTEM32;C:\WINDOWS\WinSxS\amd64_microsoft.windows.common-controls_6595b64144ccf1df_6.0.26100.8972_none_3e0da176e32f9d4b;C:\Program Files\Java\jdk-26.0.1\bin\server;C:\Users\jerome\.vscode\extensions\oracle.oracle-java-26.0.0\nbcode\java\maven\lib\jansi-native\Windows\x86_64

VM Arguments:
jvm_args: --enable-native-access=ALL-UNNAMED -Dclassworlds.conf=C:\Users\jerome\.vscode\extensions\oracle.oracle-java-26.0.0\nbcode\java\maven\bin\m2.conf -Dmaven.home=C:\Users\jerome\.vscode\extensions\oracle.oracle-java-26.0.0\nbcode\java\maven -Dlibrary.jansi.path=C:\Users\jerome\.vscode\extensions\oracle.oracle-java-26.0.0\nbcode\java\maven\lib\jansi-native -Dmaven.multiModuleProjectDirectory=C:\Users\jerome\automation 
java_command: org.codehaus.plexus.classworlds.launcher.Launcher -Dtest=tests.TC19_ViewCartBrandProductsTest#verifyViewCartBrandProducts -Dmaven.ext.class.path=C:\Users\jerome\.vscode\extensions\oracle.oracle-java-26.0.0\nbcode\java\maven-nblib\netbeans-eventspy.jar --no-transfer-progress process-test-classes surefire:test
java_class_path (initial): C:\Users\jerome\.vscode\extensions\oracle.oracle-java-26.0.0\nbcode\java\maven\boot\plexus-classworlds-2.9.0.jar
Launcher Type: SUN_STANDARD

[Global flags]
     bool AOTAdapterCaching                        = false                                  {diagnostic} {ergonomic}
     bool AOTInvokeDynamicLinking                  = false                                  {diagnostic} {ergonomic}
     bool AOTRecordTraining                        = false                                  {diagnostic} {ergonomic}
     bool AOTReplayTraining                        = false                                  {diagnostic} {ergonomic}
     bool AOTStubCaching                           = false                                  {diagnostic} {ergonomic}
     intx CICompilerCount                          = 4                                         {product} {ergonomic}
     uint ConcGCThreads                            = 2                                         {product} {ergonomic}
     uint G1ConcRefinementThreads                  = 8                                         {product} {ergonomic}
     uint G1EagerReclaimRemSetThreshold            = 10                                   {experimental} {ergonomic}
   size_t G1HeapRegionSize                         = 1048576                                   {product} {ergonomic}
     uint G1RemSetArrayOfCardsEntries              = 10                                   {experimental} {ergonomic}
     uint G1RemSetHowlMaxNumBuckets                = 8                                    {experimental} {ergonomic}
     uint G1RemSetHowlNumBuckets                   = 4                                    {experimental} {ergonomic}
   size_t InitialHeapSize                          = 8388608                                   {product} {ergonomic}
     bool IntelJccErratumMitigation                = false                             {ARCH diagnostic} {ergonomic}
   size_t MarkStackSize                            = 4194304                                   {product} {ergonomic}
   size_t MarkStackSizeMax                         = 536870912                                 {product} {ergonomic}
   size_t MaxHeapSize                              = 1541406720                                {product} {ergonomic}
   size_t MaxNewSize                               = 924844032                                 {product} {ergonomic}
 uint64_t MaxRAM                                   = 6162739200                                {product} {ergonomic}
   size_t MinHeapDeltaBytes                        = 1048576                                   {product} {ergonomic}
   size_t MinHeapSize                              = 8388608                                   {product} {ergonomic}
   size_t NonNMethodCodeHeapSize                   = 5898240                                {pd product} {ergonomic}
   size_t NonProfiledCodeHeapSize                  = 122945536                              {pd product} {ergonomic}
   size_t ProfiledCodeHeapSize                     = 122945536                              {pd product} {ergonomic}
   size_t ReservedCodeCacheSize                    = 251789312                              {pd product} {ergonomic}
     bool SegmentedCodeCache                       = true                                      {product} {ergonomic}
   size_t SoftMaxHeapSize                          = 1541406720                             {manageable} {ergonomic}
     bool UseCompressedOops                        = true                           {product lp64_product} {ergonomic}
     bool UseCondCardMark                          = true                                      {product} {ergonomic}
     bool UseFastUnorderedTimeStamps               = true                                 {experimental} {ergonomic}
     bool UseG1GC                                  = true                                      {product} {ergonomic}
     bool UseLargePagesIndividualAllocation        = false                                  {pd product} {ergonomic}
      int X86ICacheSync                            = 3                                 {ARCH diagnostic} {ergonomic}

Logging:
Log output configuration:
 #0: stdout all=warning uptime,level,tags foldmultilines=false
 #1: stderr all=off uptime,level,tags foldmultilines=false

Release file:
IMPLEMENTOR="Oracle Corporation" 
JAVA_RUNTIME_VERSION="26.0.1+8-34" 
JAVA_VERSION="26.0.1" 
JAVA_VERSION_DATE="2026-04-21" 
LIBC="default" 
MODULES="java.base java.compiler java.datatransfer java.xml java.prefs java.desktop java.instrument java.logging java.management java.security.sasl java.naming java.rmi java.management.rmi java.net.http java.scripting java.security.jgss java.transaction.xa java.sql java.sql.rowset java.xml.crypto java.se java.smartcardio jdk.accessibility jdk.internal.jvmstat jdk.attach jdk.charsets jdk.internal.opt jdk.zipfs jdk.compiler jdk.crypto.cryptoki jdk.crypto.ec jdk.crypto.mscapi jdk.dynalink jdk.internal.ed jdk.editpad jdk.internal.vm.ci jdk.graal.compiler jdk.graal.compiler.management jdk.hotspot.agent jdk.httpserver jdk.incubator.vector jdk.internal.le jdk.internal.md jdk.jartool jdk.javadoc jdk.jcmd jdk.management jdk.management.agent jdk.jconsole jdk.jdeps jdk.jdwp.agent jdk.jdi jdk.jfr jdk.jlink jdk.jpackage jdk.jshell jdk.jstatd jdk.localedata jdk.management.jfr jdk.naming.dns jdk.naming.rmi jdk.net jdk.nio.mapmode jdk.sctp jdk.security.auth jdk.security.jgss jdk.unsupported jdk.unsupported.desktop jdk.xml.dom" 
OS_ARCH="x86_64" 
OS_NAME="Windows" 
SOURCE=".:git:8fcde8268d22 open:git:fcc00fc4aee7" 

Environment Variables:
JAVA_HOME=C:\Program Files\Java\jdk-26.0.1
PATH=C:\Program Files\Common Files\Oracle\Java\javapath;C:\WINDOWS\system32;C:\WINDOWS;C:\WINDOWS\System32\Wbem;C:\WINDOWS\System32\WindowsPowerShell\v1.0\;C:\WINDOWS\System32\OpenSSH\;C:\Program Files\Git\cmd;C:\Program Files (x86)\Microsoft SQL Server\160\DTS\Binn\;C:\Program Files\Microsoft SQL Server\150\Tools\Binn\;C:\Program Files\Microsoft SQL Server\Client SDK\ODBC\170\Tools\Binn\;C:\Program Files (x86)\Microsoft SQL Server\160\Tools\Binn\;C:\Program Files\Microsoft SQL Server\160\Tools\Binn\;C:\Program Files\Microsoft SQL Server\160\DTS\Binn\;C:\Program Files\dotnet\;C:\xampp\php;C:\ProgramData\ComposerSetup\bin;C:\flutter\bin;C:\Program Files (x86)\Windows Kits\10\Windows Performance Toolkit\;C:\Users\jerome\AppData\Local\Android\Sdk\platform-tools;C:\Program Files\Java\jdk-26.0.1\bin;C:\Program Files\apache-maven-3.9.16\bin;C:\Users\jerome\AppData\Local\Microsoft\WindowsApps;C:\Users\jerome\AppData\Local\GitHubDesktop\bin;C:\Users\jerome\AppData\Local\Programs\Microsoft VS Code\bin;C:\Users\jerome\.dotnet\tools;C:\Users\jerome\AppData\Roaming\Composer\vendor\bin;C:\flutter\bin;C:\Users\jerome\AppData\Local\Android\Sdk\platform-tools;
USERNAME=jerome
OS=Windows_NT
PROCESSOR_IDENTIFIER=AMD64 Family 23 Model 160 Stepping 0, AuthenticAMD
TMP=C:\Users\jerome\AppData\Local\Temp
TEMP=C:\Users\jerome\AppData\Local\Temp




Compilation memory statistics disabled.

Periodic native trim disabled

---------------  S Y S T E M  ---------------

OS:
 Windows 11 , 64 bit Build 26100 (10.0.26100.8972)
OS uptime: 1 days 9:05 hours
Hyper-V role detected

CPU: total 8 (initial active 8) (4 cores per cpu, 2 threads per core) family 23 model 160 stepping 0 microcode 0x8a00006, cx8, cmov, fxsr, ht, mmx, 3dnowpref, sse, sse2, sse3, ssse3, sse4a, sse4.1, sse4.2, popcnt, lzcnt, tsc, tscinvbit, avx, avx2, aes, clmul, bmi1, bmi2, adx, sha, fma, vzeroupper, clflush, clflushopt, clwb, hv, rdtscp, rdpid, f16c
Processor Information for the first 8 processors :
  Max Mhz: 2401, Current Mhz: 2401, Mhz Limit: 2401

Memory: 4k page, system-wide physical 5877M (370M free)
TotalPageFile size 24309M (AvailPageFile size 127M)
current process WorkingSet (physical memory assigned to process): 131M, peak: 161M
current process commit charge ("private bytes"): 169M, peak: 222M

vm_info: Java HotSpot(TM) 64-Bit Server VM (26.0.1+8-34) for windows-amd64 JRE (26.0.1+8-34), built on 2026-03-10T17:24:10Z with MS VC++ 17.13 (VS2022)

END.
