#
# There is insufficient memory for the Java Runtime Environment to continue.
# Native memory allocation (malloc) failed to allocate 1627672 bytes. Error detail: Chunk::new
# Possible reasons:
#   The system is out of physical RAM or swap space
#   This process is running with CompressedOops enabled, and the Java Heap may be blocking the growth of the native heap
# Possible solutions:
#   Reduce memory load on the system
#   Increase physical memory or swap space
#   Check if swap backing store is full
#   Decrease Java heap size (-Xmx/-Xms)
#   Decrease number of Java threads
#   Decrease Java thread stack sizes (-Xss)
#   Set larger code cache with -XX:ReservedCodeCacheSize=
#   JVM is running with Unscaled Compressed Oops mode in which the Java heap is
#     placed in the first 4GB address space. The Java Heap base address is the
#     maximum limit for the native heap growth. Please use -XX:HeapBaseMinAddress
#     to set the Java Heap base and to place the Java Heap above 4GB virtual address.
# This output file may be truncated or incomplete.
#
#  Out of Memory Error (arena.cpp:193), pid=22144, tid=10612
#
# JRE version: Java(TM) SE Runtime Environment (26.0.1+8) (build 26.0.1+8-34)
# Java VM: Java HotSpot(TM) 64-Bit Server VM (26.0.1+8-34, mixed mode, sharing, tiered, compressed oops, compressed class ptrs, g1 gc, windows-amd64)
# No core dump will be written. Minidumps are not enabled by default on client versions of Windows
#

---------------  S U M M A R Y ------------

Command Line: C:\Users\jerome\AppData\Local\Temp\surefire5194995822520734629\surefirebooter11470344629592777051.jar C:\Users\jerome\AppData\Local\Temp\surefire5194995822520734629 2026-08-03T00-29-07_402-jvmRun1 surefire9824801448607264056tmp surefire_0113589433424154912tmp

Host: AMD Ryzen 3 7320U with Radeon Graphics         , 8 cores, 5G,  Windows 11 , 64 bit Build 26100 (10.0.26100.8972)
Time: Mon Aug  3 00:29:17 2026 Malay Peninsula Standard Time elapsed time: 9.235363 seconds (0d 0h 0m 9s)

---------------  T H R E A D  ---------------

Current thread (0x0000024abb05d870):  JavaThread "C2 CompilerThread0" daemon [_thread_in_native, id=10612, stack(0x0000006fd3600000,0x0000006fd3700000) (1024K)]


Current CompileTask:
C2:9235 2845       4       java.util.HashMap::putVal (300 bytes)

Stack: [0x0000006fd3600000,0x0000006fd3700000]
Native frames: (J=compiled Java code, j=interpreted, Vv=VM code, C=native code)
V  [jvm.dll+0x7d5879]  (no source info available)
V  [jvm.dll+0x7a37dd]  (no source info available)
V  [jvm.dll+0x9b0c10]  (no source info available)
V  [jvm.dll+0x9b3061]  (no source info available)
V  [jvm.dll+0x9b3773]  (no source info available)
V  [jvm.dll+0x30df76]  (no source info available)
V  [jvm.dll+0x11d8a6]  (no source info available)
V  [jvm.dll+0x11dbce]  (no source info available)
V  [jvm.dll+0x1afbe6]  (no source info available)
V  [jvm.dll+0x3ca822]  (no source info available)
V  [jvm.dll+0x7de462]  (no source info available)
V  [jvm.dll+0x2d1647]  (no source info available)
V  [jvm.dll+0x2d05bf]  (no source info available)
V  [jvm.dll+0x246820]  (no source info available)
V  [jvm.dll+0x2e06dc]  (no source info available)
V  [jvm.dll+0x2de8bd]  (no source info available)
V  [jvm.dll+0x4a3ff1]  (no source info available)
V  [jvm.dll+0x94f649]  (no source info available)
V  [jvm.dll+0x7d7358]  (no source info available)
C  [ucrtbase.dll+0x2cd30]  (no source info available)
C  [KERNEL32.DLL+0x2ccb7]  (no source info available)
C  [ntdll.dll+0xaad6c]  (no source info available)

Lock stack of current Java thread (top to bottom):


---------------  P R O C E S S  ---------------

Threads class SMR info:
_java_thread_list=0x0000024ac02700c0, length=29, elements={
0x0000024a9c399730, 0x0000024abb056290, 0x0000024abb056ce0, 0x0000024abb058ab0,
0x0000024abb0594e0, 0x0000024abb059c90, 0x0000024abb05c450, 0x0000024abb05d870,
0x0000024abb05e2d0, 0x0000024abb11dde0, 0x0000024abb11e810, 0x0000024abb1b6490,
0x0000024abb26fd60, 0x0000024ac02ebbc0, 0x0000024ac0605a60, 0x0000024ac060a230,
0x0000024ac0611210, 0x0000024ac03121c0, 0x0000024ac0312990, 0x0000024ac0313160,
0x0000024ac03150a0, 0x0000024ac06febd0, 0x0000024ac06fd460, 0x0000024ac06fbcf0,
0x0000024ac06fdc30, 0x0000024ac0700b10, 0x0000024ac0701ab0, 0x0000024ac0702280,
0x0000024ac0702a50
}

Java Threads: ( => current thread )
  0x0000024a9c399730 JavaThread "main"                              [_thread_in_native, id=24524, stack(0x0000006fd2700000,0x0000006fd2800000) (1024K)]
  0x0000024abb056290 JavaThread "Reference Handler"          daemon [_thread_blocked, id=20704, stack(0x0000006fd3000000,0x0000006fd3100000) (1024K)]
  0x0000024abb056ce0 JavaThread "Finalizer"                  daemon [_thread_blocked, id=8688, stack(0x0000006fd3100000,0x0000006fd3200000) (1024K)]
  0x0000024abb058ab0 JavaThread "Signal Dispatcher"          daemon [_thread_blocked, id=8728, stack(0x0000006fd3200000,0x0000006fd3300000) (1024K)]
  0x0000024abb0594e0 JavaThread "Attach Listener"            daemon [_thread_blocked, id=23528, stack(0x0000006fd3300000,0x0000006fd3400000) (1024K)]
  0x0000024abb059c90 JavaThread "Service Thread"             daemon [_thread_blocked, id=18128, stack(0x0000006fd3400000,0x0000006fd3500000) (1024K)]
  0x0000024abb05c450 JavaThread "Monitor Deflation Thread"   daemon [_thread_blocked, id=15568, stack(0x0000006fd3500000,0x0000006fd3600000) (1024K)]
=>0x0000024abb05d870 JavaThread "C2 CompilerThread0"         daemon [_thread_in_native, id=10612, stack(0x0000006fd3600000,0x0000006fd3700000) (1024K)]
  0x0000024abb05e2d0 JavaThread "C1 CompilerThread0"         daemon [_thread_blocked, id=5852, stack(0x0000006fd3700000,0x0000006fd3800000) (1024K)]
  0x0000024abb11dde0 JavaThread "Notification Thread"        daemon [_thread_blocked, id=20476, stack(0x0000006fd3800000,0x0000006fd3900000) (1024K)]
  0x0000024abb11e810 JavaThread "Common-Cleaner"             daemon [_thread_blocked, id=4280, stack(0x0000006fd3900000,0x0000006fd3a00000) (1024K)]
  0x0000024abb1b6490 JavaThread "surefire-forkedjvm-command-thread" daemon [_thread_in_native, id=19664, stack(0x0000006fd3a00000,0x0000006fd3b00000) (1024K)]
  0x0000024abb26fd60 JavaThread "surefire-forkedjvm-ping-30s" daemon [_thread_in_native, id=14452, stack(0x0000006fd3b00000,0x0000006fd3c00000) (1024K)]
  0x0000024ac02ebbc0 JavaThread "ForkJoinPool.commonPool-worker-1" daemon [_thread_blocked, id=23716, stack(0x0000006fd4300000,0x0000006fd4400000) (1024K)]
  0x0000024ac0605a60 JavaThread "VirtualThread-unblocker"    daemon [_thread_blocked, id=2260, stack(0x0000006fd4400000,0x0000006fd4500000) (1024K)]
  0x0000024ac060a230 JavaThread "ForkJoinPool-1-worker-1"    daemon [_thread_in_native, id=892, stack(0x0000006fd4500000,0x0000006fd4600000) (1024K)]
  0x0000024ac0611210 JavaThread "ForkJoinPool-1-worker-2"    daemon [_thread_in_native, id=10636, stack(0x0000006fd4600000,0x0000006fd4700000) (1024K)]
  0x0000024ac03121c0 JavaThread "External Process Output Forwarder - C:\Users\jerome\.cache\selenium\chromedriver\win64\150.0.7871.124\chromedriver.exe" daemon [_thread_in_native, id=2216, stack(0x0000006fd4800000,0x0000006fd4900000) (1024K)]
  0x0000024ac0312990 JavaThread "Driver Service Executor"    daemon [_thread_blocked, id=14836, stack(0x0000006fd4900000,0x0000006fd4a00000) (1024K)]
  0x0000024ac0313160 JavaThread "Driver Service Executor"    daemon [_thread_in_native, id=17680, stack(0x0000006fd4a00000,0x0000006fd4b00000) (1024K)]
  0x0000024ac03150a0 JavaThread "UrlChecker-2"               daemon [_thread_blocked, id=20816, stack(0x0000006fd4b00000,0x0000006fd4c00000) (1024K)]
  0x0000024ac06febd0 JavaThread "Keep-Alive-Timer"           daemon [_thread_blocked, id=19892, stack(0x0000006fd4d00000,0x0000006fd4e00000) (1024K)]
  0x0000024ac06fd460 JavaThread "pool-1-thread-1"                   [_thread_blocked, id=24288, stack(0x0000006fd4e00000,0x0000006fd4f00000) (1024K)]
  0x0000024ac06fbcf0 JavaThread "pool-1-thread-2"                   [_thread_blocked, id=7076, stack(0x0000006fd4f00000,0x0000006fd5000000) (1024K)]
  0x0000024ac06fdc30 JavaThread "pool-1-thread-3"                   [_thread_blocked, id=19144, stack(0x0000006fd5000000,0x0000006fd5100000) (1024K)]
  0x0000024ac0700b10 JavaThread "ForkJoinPool-1-worker-3"    daemon [_thread_blocked, id=23904, stack(0x0000006fd5100000,0x0000006fd5200000) (1024K)]
  0x0000024ac0701ab0 JavaThread "pool-2-thread-1"                   [_thread_blocked, id=24504, stack(0x0000006fd5200000,0x0000006fd5300000) (1024K)]
  0x0000024ac0702280 JavaThread "pool-2-thread-2"                   [_thread_blocked, id=2208, stack(0x0000006fd5300000,0x0000006fd5400000) (1024K)]
  0x0000024ac0702a50 JavaThread "pool-2-thread-3"                   [_thread_blocked, id=7728, stack(0x0000006fd5400000,0x0000006fd5500000) (1024K)]
Total: 29

Other Threads:
  0x0000024a9e7be8c0 VMThread "VM Thread"                           [id=18728, stack(0x0000006fd2f00000,0x0000006fd3000000) (1024K)]
  0x0000024a9e74ec50 WatcherThread "VM Periodic Task Thread"        [id=616, stack(0x0000006fd2e00000,0x0000006fd2f00000) (1024K)]
  0x0000024a9e737b00 WorkerThread "GC Thread#0"                     [id=8208, stack(0x0000006fd2800000,0x0000006fd2900000) (1024K)]
  0x0000024abb374800 WorkerThread "GC Thread#1"                     [id=22424, stack(0x0000006fd3c00000,0x0000006fd3d00000) (1024K)]
  0x0000024ac0038790 WorkerThread "GC Thread#2"                     [id=16992, stack(0x0000006fd3d00000,0x0000006fd3e00000) (1024K)]
  0x0000024ac0038bb0 WorkerThread "GC Thread#3"                     [id=9264, stack(0x0000006fd3e00000,0x0000006fd3f00000) (1024K)]
  0x0000024abbe75680 WorkerThread "GC Thread#4"                     [id=24052, stack(0x0000006fd3f00000,0x0000006fd4000000) (1024K)]
  0x0000024abbe75aa0 WorkerThread "GC Thread#5"                     [id=18912, stack(0x0000006fd4000000,0x0000006fd4100000) (1024K)]
  0x0000024ac025bd10 WorkerThread "GC Thread#6"                     [id=10064, stack(0x0000006fd4100000,0x0000006fd4200000) (1024K)]
  0x0000024ac025c130 WorkerThread "GC Thread#7"                     [id=6524, stack(0x0000006fd4200000,0x0000006fd4300000) (1024K)]
  0x0000024a9e74a000 ConcurrentGCThread "G1 Main Marker"            [id=24072, stack(0x0000006fd2900000,0x0000006fd2a00000) (1024K)]
  0x0000024a9e74bfe0 WorkerThread "G1 Conc#0"                       [id=23824, stack(0x0000006fd2a00000,0x0000006fd2b00000) (1024K)]
  0x0000024abb25bfc0 WorkerThread "G1 Conc#1"                       [id=24232, stack(0x0000006fd4700000,0x0000006fd4800000) (1024K)]
  0x0000024a9e78fe40 WorkerThread "G1 Refinement Workers#0"         [id=21888, stack(0x0000006fd2c00000,0x0000006fd2d00000) (1024K)]
  0x0000024a9e78d870 ConcurrentGCThread "G1 Refine Control"         [id=7036, stack(0x0000006fd2b00000,0x0000006fd2c00000) (1024K)]
  0x0000024a9e7987d0 ConcurrentGCThread "G1 Service"                [id=24008, stack(0x0000006fd2d00000,0x0000006fd2e00000) (1024K)]
Total: 16

Threads with active compile tasks:
C2 CompilerThread0  9376 2845       4       java.util.HashMap::putVal (300 bytes)
Total: 1

VM state: not at safepoint (normal execution)

VM Mutex/Monitor currently owned by a thread: None

Heap address: 0x00000000a4200000, size: 1470 MB, Compressed Oops mode: 32-bit

CDS archive(s) mapped at: [0x0000000015000000-0x0000000015de0000-0x0000000015de0000), size 14548992, SharedBaseAddress: 0x0000000015000000, ArchiveRelocationMode: 1.
Compressed class space mapped at: 0x0000000016000000-0x0000000056000000, reserved size: 1073741824
UseCompressedClassPointers 1, UseCompactObjectHeaders 0
Narrow klass pointer bits 32, Max shift 3
Narrow klass base: 0x0000000015000000, Narrow klass shift: 0
Encoding Range: [0x0000000015000000 - 0x0000000115000000), (4294967296 bytes)
Klass Range:    [0x0000000015000000 - 0x0000000056000000), (1090519040 bytes)
Klass ID Range:  [8 - 1090519033) (1090519025)
Protection zone: [0x0000000015000000 - 0x0000000015010000), (65536 bytes)

GC Precious Log:
 CardTable entry size: 512
 Card Set container configuration: InlinePtr #cards 5 size 8 Array Of Cards #cards 10 size 36 Howl #buckets 4 coarsen threshold 1843 Howl Bitmap #cards 512 size 80 coarsen threshold 460 Card regions per heap region 1 cards per card region 2048
 CPUs: 8 total, 8 available
 Memory: 5877M
 Large Page Support: Disabled
 NUMA Support: Disabled
 Compressed Oops: Enabled (32-bit)
 Heap Region Size: 1M
 Heap Min Capacity: 8M
 Heap Initial Capacity: 8M
 Heap Max Capacity: 1470M
 Pre-touch: Disabled
 Parallel Workers: 8
 Concurrent Workers: 2
 Concurrent Refinement Workers: 8
 Periodic GC: Disabled

Heap:
 garbage-first heap   total reserved 1505280K, committed 92160K, used 24372K [0x00000000a4200000, 0x0000000100000000)
  region size 1M, 10 eden (10M), 2 survivor (2M), 15 old (15M), 1 humongous (1M), 62 free (62M)

Heap Regions: E=young(eden), S=young(survivor), O=old, HS=humongous(starts), HC=humongous(continues), CS=collection set, F=free, TAMS=top-at-mark-start, PB=parsable bottom
|    0|0x00000000a4200000, 0x00000000a4300000, 0x00000000a4300000|100%| O|  |TAMS 0x00000000a4200000| PB 0x00000000a4200000| Untracked |  0
|    1|0x00000000a4300000, 0x00000000a4400000, 0x00000000a4400000|100%| O|  |TAMS 0x00000000a4300000| PB 0x00000000a4300000| Untracked |  0
|    2|0x00000000a4400000, 0x00000000a4500000, 0x00000000a4500000|100%| O|  |TAMS 0x00000000a4400000| PB 0x00000000a4400000| Untracked |  0
|    3|0x00000000a4500000, 0x00000000a4600000, 0x00000000a4600000|100%|HS|  |TAMS 0x00000000a4500000| PB 0x00000000a4500000| Complete  |  0
|    4|0x00000000a4600000, 0x00000000a4700000, 0x00000000a4700000|100%| O|  |TAMS 0x00000000a4600000| PB 0x00000000a4600000| Untracked |  0
|    5|0x00000000a4700000, 0x00000000a4800000, 0x00000000a4800000|100%| O|  |TAMS 0x00000000a4700000| PB 0x00000000a4700000| Untracked |  0
|    6|0x00000000a4800000, 0x00000000a4900000, 0x00000000a4900000|100%| O|  |TAMS 0x00000000a4800000| PB 0x00000000a4800000| Untracked |  0
|    7|0x00000000a4900000, 0x00000000a4a00000, 0x00000000a4a00000|100%| O|  |TAMS 0x00000000a4900000| PB 0x00000000a4900000| Untracked |  0
|    8|0x00000000a4a00000, 0x00000000a4b00000, 0x00000000a4b00000|100%| O|  |TAMS 0x00000000a4a00000| PB 0x00000000a4a00000| Untracked |  0
|    9|0x00000000a4b00000, 0x00000000a4c00000, 0x00000000a4c00000|100%| O|  |TAMS 0x00000000a4b00000| PB 0x00000000a4b00000| Untracked |  0
|   10|0x00000000a4c00000, 0x00000000a4d00000, 0x00000000a4d00000|100%| O|  |TAMS 0x00000000a4c00000| PB 0x00000000a4c00000| Untracked |  0
|   11|0x00000000a4d00000, 0x00000000a4e00000, 0x00000000a4e00000|100%| O|  |TAMS 0x00000000a4d00000| PB 0x00000000a4d00000| Untracked |  0
|   12|0x00000000a4e00000, 0x00000000a4f00000, 0x00000000a4f00000|100%| O|  |TAMS 0x00000000a4e00000| PB 0x00000000a4e00000| Untracked |  0
|   13|0x00000000a4f00000, 0x00000000a4f5ef50, 0x00000000a5000000| 37%| O|  |TAMS 0x00000000a4f00000| PB 0x00000000a4f00000| Untracked |  0
|   14|0x00000000a5000000, 0x00000000a5000000, 0x00000000a5100000|  0%| F|  |TAMS 0x00000000a5000000| PB 0x00000000a5000000| Untracked |  0
|   15|0x00000000a5100000, 0x00000000a5100000, 0x00000000a5200000|  0%| F|  |TAMS 0x00000000a5100000| PB 0x00000000a5100000| Untracked |  0
|   16|0x00000000a5200000, 0x00000000a5200000, 0x00000000a5300000|  0%| F|  |TAMS 0x00000000a5200000| PB 0x00000000a5200000| Untracked |  0
|   17|0x00000000a5300000, 0x00000000a5345630, 0x00000000a5400000| 27%| S|CS|TAMS 0x00000000a5300000| PB 0x00000000a5300000| Complete  |  0
|   18|0x00000000a5400000, 0x00000000a5500000, 0x00000000a5500000|100%| S|CS|TAMS 0x00000000a5400000| PB 0x00000000a5400000| Complete  |  0
|   19|0x00000000a5500000, 0x00000000a5500000, 0x00000000a5600000|  0%| F|  |TAMS 0x00000000a5500000| PB 0x00000000a5500000| Untracked |  0
|   20|0x00000000a5600000, 0x00000000a5600000, 0x00000000a5700000|  0%| F|  |TAMS 0x00000000a5600000| PB 0x00000000a5600000| Untracked |  0
|   21|0x00000000a5700000, 0x00000000a5700000, 0x00000000a5800000|  0%| F|  |TAMS 0x00000000a5700000| PB 0x00000000a5700000| Untracked |  0
|   22|0x00000000a5800000, 0x00000000a5800000, 0x00000000a5900000|  0%| F|  |TAMS 0x00000000a5800000| PB 0x00000000a5800000| Untracked |  0
|   23|0x00000000a5900000, 0x00000000a5900000, 0x00000000a5a00000|  0%| F|  |TAMS 0x00000000a5900000| PB 0x00000000a5900000| Untracked |  0
|   24|0x00000000a5a00000, 0x00000000a5a00000, 0x00000000a5b00000|  0%| F|  |TAMS 0x00000000a5a00000| PB 0x00000000a5a00000| Untracked |  0
|   25|0x00000000a5b00000, 0x00000000a5b00000, 0x00000000a5c00000|  0%| F|  |TAMS 0x00000000a5b00000| PB 0x00000000a5b00000| Untracked |  0
|   26|0x00000000a5c00000, 0x00000000a5c00000, 0x00000000a5d00000|  0%| F|  |TAMS 0x00000000a5c00000| PB 0x00000000a5c00000| Untracked |  0
|   27|0x00000000a5d00000, 0x00000000a5d00000, 0x00000000a5e00000|  0%| F|  |TAMS 0x00000000a5d00000| PB 0x00000000a5d00000| Untracked |  0
|   28|0x00000000a5e00000, 0x00000000a5e00000, 0x00000000a5f00000|  0%| F|  |TAMS 0x00000000a5e00000| PB 0x00000000a5e00000| Untracked |  0
|   29|0x00000000a5f00000, 0x00000000a5f00000, 0x00000000a6000000|  0%| F|  |TAMS 0x00000000a5f00000| PB 0x00000000a5f00000| Untracked |  0
|   30|0x00000000a6000000, 0x00000000a6000000, 0x00000000a6100000|  0%| F|  |TAMS 0x00000000a6000000| PB 0x00000000a6000000| Untracked |  0
|   31|0x00000000a6100000, 0x00000000a6100000, 0x00000000a6200000|  0%| F|  |TAMS 0x00000000a6100000| PB 0x00000000a6100000| Untracked |  0
|   32|0x00000000a6200000, 0x00000000a6200000, 0x00000000a6300000|  0%| F|  |TAMS 0x00000000a6200000| PB 0x00000000a6200000| Untracked |  0
|   33|0x00000000a6300000, 0x00000000a6300000, 0x00000000a6400000|  0%| F|  |TAMS 0x00000000a6300000| PB 0x00000000a6300000| Untracked |  0
|   34|0x00000000a6400000, 0x00000000a6400000, 0x00000000a6500000|  0%| F|  |TAMS 0x00000000a6400000| PB 0x00000000a6400000| Untracked |  0
|   35|0x00000000a6500000, 0x00000000a6500000, 0x00000000a6600000|  0%| F|  |TAMS 0x00000000a6500000| PB 0x00000000a6500000| Untracked |  0
|   36|0x00000000a6600000, 0x00000000a6600000, 0x00000000a6700000|  0%| F|  |TAMS 0x00000000a6600000| PB 0x00000000a6600000| Untracked |  0
|   37|0x00000000a6700000, 0x00000000a6700000, 0x00000000a6800000|  0%| F|  |TAMS 0x00000000a6700000| PB 0x00000000a6700000| Untracked |  0
|   38|0x00000000a6800000, 0x00000000a6800000, 0x00000000a6900000|  0%| F|  |TAMS 0x00000000a6800000| PB 0x00000000a6800000| Untracked |  0
|   39|0x00000000a6900000, 0x00000000a6900000, 0x00000000a6a00000|  0%| F|  |TAMS 0x00000000a6900000| PB 0x00000000a6900000| Untracked |  0
|   40|0x00000000a6a00000, 0x00000000a6a00000, 0x00000000a6b00000|  0%| F|  |TAMS 0x00000000a6a00000| PB 0x00000000a6a00000| Untracked |  0
|   41|0x00000000a6b00000, 0x00000000a6b00000, 0x00000000a6c00000|  0%| F|  |TAMS 0x00000000a6b00000| PB 0x00000000a6b00000| Untracked |  0
|   42|0x00000000a6c00000, 0x00000000a6c00000, 0x00000000a6d00000|  0%| F|  |TAMS 0x00000000a6c00000| PB 0x00000000a6c00000| Untracked |  0
|   43|0x00000000a6d00000, 0x00000000a6d00000, 0x00000000a6e00000|  0%| F|  |TAMS 0x00000000a6d00000| PB 0x00000000a6d00000| Untracked |  0
|   44|0x00000000a6e00000, 0x00000000a6e00000, 0x00000000a6f00000|  0%| F|  |TAMS 0x00000000a6e00000| PB 0x00000000a6e00000| Untracked |  0
|   45|0x00000000a6f00000, 0x00000000a6f00000, 0x00000000a7000000|  0%| F|  |TAMS 0x00000000a6f00000| PB 0x00000000a6f00000| Untracked |  0
|   46|0x00000000a7000000, 0x00000000a7000000, 0x00000000a7100000|  0%| F|  |TAMS 0x00000000a7000000| PB 0x00000000a7000000| Untracked |  0
|   47|0x00000000a7100000, 0x00000000a7100000, 0x00000000a7200000|  0%| F|  |TAMS 0x00000000a7100000| PB 0x00000000a7100000| Untracked |  0
|   48|0x00000000a7200000, 0x00000000a7200000, 0x00000000a7300000|  0%| F|  |TAMS 0x00000000a7200000| PB 0x00000000a7200000| Untracked |  0
|   49|0x00000000a7300000, 0x00000000a7300000, 0x00000000a7400000|  0%| F|  |TAMS 0x00000000a7300000| PB 0x00000000a7300000| Untracked |  0
|   50|0x00000000a7400000, 0x00000000a7400000, 0x00000000a7500000|  0%| F|  |TAMS 0x00000000a7400000| PB 0x00000000a7400000| Untracked |  0
|   51|0x00000000a7500000, 0x00000000a7500000, 0x00000000a7600000|  0%| F|  |TAMS 0x00000000a7500000| PB 0x00000000a7500000| Untracked |  0
|   52|0x00000000a7600000, 0x00000000a7600000, 0x00000000a7700000|  0%| F|  |TAMS 0x00000000a7600000| PB 0x00000000a7600000| Untracked |  0
|   53|0x00000000a7700000, 0x00000000a7700000, 0x00000000a7800000|  0%| F|  |TAMS 0x00000000a7700000| PB 0x00000000a7700000| Untracked |  0
|   54|0x00000000a7800000, 0x00000000a7800000, 0x00000000a7900000|  0%| F|  |TAMS 0x00000000a7800000| PB 0x00000000a7800000| Untracked |  0
|   55|0x00000000a7900000, 0x00000000a7900000, 0x00000000a7a00000|  0%| F|  |TAMS 0x00000000a7900000| PB 0x00000000a7900000| Untracked |  0
|   56|0x00000000a7a00000, 0x00000000a7a00000, 0x00000000a7b00000|  0%| F|  |TAMS 0x00000000a7a00000| PB 0x00000000a7a00000| Untracked |  0
|   57|0x00000000a7b00000, 0x00000000a7b00000, 0x00000000a7c00000|  0%| F|  |TAMS 0x00000000a7b00000| PB 0x00000000a7b00000| Untracked |  0
|   58|0x00000000a7c00000, 0x00000000a7c00000, 0x00000000a7d00000|  0%| F|  |TAMS 0x00000000a7c00000| PB 0x00000000a7c00000| Untracked |  0
|   59|0x00000000a7d00000, 0x00000000a7d00000, 0x00000000a7e00000|  0%| F|  |TAMS 0x00000000a7d00000| PB 0x00000000a7d00000| Untracked |  0
|   60|0x00000000a7e00000, 0x00000000a7e00000, 0x00000000a7f00000|  0%| F|  |TAMS 0x00000000a7e00000| PB 0x00000000a7e00000| Untracked |  0
|   61|0x00000000a7f00000, 0x00000000a7f00000, 0x00000000a8000000|  0%| F|  |TAMS 0x00000000a7f00000| PB 0x00000000a7f00000| Untracked |  0
|   62|0x00000000a8000000, 0x00000000a8000000, 0x00000000a8100000|  0%| F|  |TAMS 0x00000000a8000000| PB 0x00000000a8000000| Untracked |  0
|   63|0x00000000a8100000, 0x00000000a8100000, 0x00000000a8200000|  0%| F|  |TAMS 0x00000000a8100000| PB 0x00000000a8100000| Untracked |  0
|   64|0x00000000a8200000, 0x00000000a8200000, 0x00000000a8300000|  0%| F|  |TAMS 0x00000000a8200000| PB 0x00000000a8200000| Untracked |  0
|   65|0x00000000a8300000, 0x00000000a8300000, 0x00000000a8400000|  0%| F|  |TAMS 0x00000000a8300000| PB 0x00000000a8300000| Untracked |  0
|   66|0x00000000a8400000, 0x00000000a8400000, 0x00000000a8500000|  0%| F|  |TAMS 0x00000000a8400000| PB 0x00000000a8400000| Untracked |  0
|   67|0x00000000a8500000, 0x00000000a8500000, 0x00000000a8600000|  0%| F|  |TAMS 0x00000000a8500000| PB 0x00000000a8500000| Untracked |  0
|   68|0x00000000a8600000, 0x00000000a8600000, 0x00000000a8700000|  0%| F|  |TAMS 0x00000000a8600000| PB 0x00000000a8600000| Untracked |  0
|   69|0x00000000a8700000, 0x00000000a8700000, 0x00000000a8800000|  0%| F|  |TAMS 0x00000000a8700000| PB 0x00000000a8700000| Untracked |  0
|   70|0x00000000a8800000, 0x00000000a8800000, 0x00000000a8900000|  0%| F|  |TAMS 0x00000000a8800000| PB 0x00000000a8800000| Untracked |  0
|   71|0x00000000a8900000, 0x00000000a8900000, 0x00000000a8a00000|  0%| F|  |TAMS 0x00000000a8900000| PB 0x00000000a8900000| Untracked |  0
|   72|0x00000000a8a00000, 0x00000000a8a00000, 0x00000000a8b00000|  0%| F|  |TAMS 0x00000000a8a00000| PB 0x00000000a8a00000| Untracked |  0
|   73|0x00000000a8b00000, 0x00000000a8b00000, 0x00000000a8c00000|  0%| F|  |TAMS 0x00000000a8b00000| PB 0x00000000a8b00000| Untracked |  0
|   74|0x00000000a8c00000, 0x00000000a8c00000, 0x00000000a8d00000|  0%| F|  |TAMS 0x00000000a8c00000| PB 0x00000000a8c00000| Untracked |  0
|   75|0x00000000a8d00000, 0x00000000a8d00000, 0x00000000a8e00000|  0%| F|  |TAMS 0x00000000a8d00000| PB 0x00000000a8d00000| Untracked |  0
|   76|0x00000000a8e00000, 0x00000000a8e00000, 0x00000000a8f00000|  0%| F|  |TAMS 0x00000000a8e00000| PB 0x00000000a8e00000| Untracked |  0
|   77|0x00000000a8f00000, 0x00000000a8f00000, 0x00000000a9000000|  0%| F|  |TAMS 0x00000000a8f00000| PB 0x00000000a8f00000| Untracked |  0
|   78|0x00000000a9000000, 0x00000000a90ea3a8, 0x00000000a9100000| 91%| E|CS|TAMS 0x00000000a9000000| PB 0x00000000a9000000| Complete  |  0
|   79|0x00000000a9100000, 0x00000000a9200000, 0x00000000a9200000|100%| E|CS|TAMS 0x00000000a9100000| PB 0x00000000a9100000| Complete  |  0
|   80|0x00000000a9200000, 0x00000000a9300000, 0x00000000a9300000|100%| E|CS|TAMS 0x00000000a9200000| PB 0x00000000a9200000| Complete  |  0
|   81|0x00000000a9300000, 0x00000000a9400000, 0x00000000a9400000|100%| E|CS|TAMS 0x00000000a9300000| PB 0x00000000a9300000| Complete  |  0
|   82|0x00000000a9400000, 0x00000000a9500000, 0x00000000a9500000|100%| E|CS|TAMS 0x00000000a9400000| PB 0x00000000a9400000| Complete  |  0
|   83|0x00000000a9500000, 0x00000000a9600000, 0x00000000a9600000|100%| E|CS|TAMS 0x00000000a9500000| PB 0x00000000a9500000| Complete  |  0
|   84|0x00000000a9600000, 0x00000000a9700000, 0x00000000a9700000|100%| E|CS|TAMS 0x00000000a9600000| PB 0x00000000a9600000| Complete  |  0
|   85|0x00000000a9700000, 0x00000000a9800000, 0x00000000a9800000|100%| E|CS|TAMS 0x00000000a9700000| PB 0x00000000a9700000| Complete  |  0
|   86|0x00000000a9800000, 0x00000000a9900000, 0x00000000a9900000|100%| E|CS|TAMS 0x00000000a9800000| PB 0x00000000a9800000| Complete  |  0
|   87|0x00000000a9900000, 0x00000000a9a00000, 0x00000000a9a00000|100%| E|CS|TAMS 0x00000000a9900000| PB 0x00000000a9900000| Complete  |  0
| 1468|0x00000000ffe00000, 0x00000000fff00000, 0x00000000fff00000|100%| O|  |TAMS 0x00000000ffe00000| PB 0x00000000ffe00000| Untracked |  0
| 1469|0x00000000fff00000, 0x00000000fff28d80, 0x0000000100000000| 15%| O|Cm|TAMS 0x00000000fff00000| PB 0x00000000fff00000| Complete  |  0

Card table byte_map: [0x0000024ab69d0000,0x0000024ab6cb0000] _byte_map_base: 0x0000024ab64af000
Refinement table byte_map: [0x0000024ab6cb0000,0x0000024ab6f90000] _byte_map_base: 0x0000024ab678f000

Marking Bits: (CMBitMap*) 0x0000024a9e738280
 Bits: [0x0000024ab6f90000, 0x0000024ab8688000)

Polling page: 0x0000024a9c560000

Metaspace:
Metaspace        used 18123K, committed 18432K, reserved 1114112K
 class space     used 2134K, committed 2304K, reserved 1048576K

Usage:
  Non-class:     15.62 MB used.
      Class:      2.08 MB used.
       Both:     17.70 MB used.

Virtual space:
  Non-class space:       64.00 MB reserved,      15.75 MB ( 25%) committed,  1 nodes.
      Class space:        1.00 GB reserved,       2.25 MB ( <1%) committed,  1 nodes.
             Both:        1.06 GB reserved,      18.00 MB (  2%) committed. 

Chunk freelists:
   Non-Class:  15.62 MB
       Class:  13.73 MB
        Both:  29.36 MB

MaxMetaspaceSize: unlimited
CompressedClassSpaceSize: 1.00 GB
Initial GC threshold: 21.00 MB
Current GC threshold: 24.38 MB
CDS: on
 - commit_granule_bytes: 65536.
 - commit_granule_words: 8192.
 - virtual_space_node_default_size: 8388608.
 - enlarge_chunks_in_place: 1.
UseCompressedClassPointers 1, UseCompactObjectHeaders 0
Narrow klass pointer bits 32, Max shift 3
Narrow klass base: 0x0000000015000000, Narrow klass shift: 0
Encoding Range: [0x0000000015000000 - 0x0000000115000000), (4294967296 bytes)
Klass Range:    [0x0000000015000000 - 0x0000000056000000), (1090519040 bytes)
Klass ID Range:  [8 - 1090519033) (1090519025)
Protection zone: [0x0000000015000000 - 0x0000000015010000), (65536 bytes)


Internal statistics:

num_allocs_failed_limit: 0.
num_arena_births: 254.
num_arena_deaths: 0.
num_vsnodes_births: 2.
num_vsnodes_deaths: 0.
num_space_committed: 288.
num_space_uncommitted: 0.
num_chunks_returned_to_freelist: 0.
num_chunks_taken_from_freelist: 740.
num_chunk_merges: 0.
num_chunk_splits: 439.
num_chunks_enlarged: 300.
num_inconsistent_stats: 0.

CodeHeap 'non-profiled nmethods': size=120064Kb used=907Kb max_used=907Kb free=119156Kb
 bounds [0x0000024aaee80000, 0x0000024aaf0f0000, 0x0000024ab63c0000]
CodeHeap 'profiled nmethods': size=120064Kb used=4784Kb max_used=4784Kb free=115279Kb
 bounds [0x0000024aa73a0000, 0x0000024aa7850000, 0x0000024aae8e0000]
CodeHeap 'non-nmethods': size=5760Kb used=1498Kb max_used=1588Kb free=4261Kb
 bounds [0x0000024aae8e0000, 0x0000024aaeb50000, 0x0000024aaee80000]
CodeCache: size=245888Kb, used=7189Kb, max_used=7279Kb, free=238696Kb
 total_blobs=3530, nmethods=2924, adapters=509, full_count=0
Compilation: enabled, stopped_count=0, restarted_count=0

Compilation events (20 events):
Event: 8.141 Thread 0x0000024abb05d870 2836 %     4       java.math.BigInteger::subtract @ 14 (130 bytes)
Event: 8.173 Thread 0x0000024abb05d870 nmethod 2836% 0x0000024aaef60888 code [0x0000024aaef60980, 0x0000024aaef60fe0]
Event: 8.173 Thread 0x0000024abb05d870 2841       4       java.lang.Number::<init> (5 bytes)
Event: 8.174 Thread 0x0000024abb05d870 nmethod 2841 0x0000024aaef61008 code [0x0000024aaef61100, 0x0000024aaef61168]
Event: 8.215 Thread 0x0000024abb05d870 2844       4       java.util.regex.Pattern::has (15 bytes)
Event: 8.216 Thread 0x0000024abb05d870 nmethod 2844 0x0000024aaef61308 code [0x0000024aaef61400, 0x0000024aaef61470]
Event: 8.216 Thread 0x0000024abb05d870 2845       4       java.util.HashMap::putVal (300 bytes)
Event: 8.223 Thread 0x0000024abb05e2d0 2846       3       java.lang.String::split (242 bytes)
Event: 8.226 Thread 0x0000024abb05e2d0 nmethod 2846 0x0000024aa7824188 code [0x0000024aa7824280, 0x0000024aa7826700]
Event: 8.226 Thread 0x0000024abb05e2d0 2847       3       java.util.Arrays::spliterator (10 bytes)
Event: 8.226 Thread 0x0000024abb05e2d0 nmethod 2847 0x0000024aa7826708 code [0x0000024aa7826800, 0x0000024aa7826910]
Event: 8.226 Thread 0x0000024abb05e2d0 2848       3       java.util.Spliterators::spliterator (25 bytes)
Event: 8.227 Thread 0x0000024abb05e2d0 nmethod 2848 0x0000024aa7826a08 code [0x0000024aa7826b00, 0x0000024aa7826e40]
Event: 8.227 Thread 0x0000024abb05e2d0 2849       3       java.util.Arrays::stream (8 bytes)
Event: 8.227 Thread 0x0000024abb05e2d0 nmethod 2849 0x0000024aa7826e88 code [0x0000024aa7826f80, 0x0000024aa7827198]
Event: 8.227 Thread 0x0000024abb05e2d0 2850       3       java.util.Arrays::stream (11 bytes)
Event: 8.227 Thread 0x0000024abb05e2d0 nmethod 2850 0x0000024aa7827208 code [0x0000024aa7827300, 0x0000024aa78274a8]
Event: 8.228 Thread 0x0000024abb05e2d0 2851       3       java.util.stream.ReduceOps$3ReducingSink::accept (15 bytes)
Event: 9.228 Thread 0x0000024abb05e2d0 nmethod 2851 0x0000024aa7827508 code [0x0000024aa7827600, 0x0000024aa78277d0]
Event: 9.228 Thread 0x0000024abb05e2d0 2853       3       org.openqa.selenium.remote.codec.AbstractHttpCommandCodec$CommandSpec::lambda$new$0 (13 bytes)

GC Heap Usage History (20 events):
Event: 0.342 {heap Before GC invocations=0 (full 0):
 garbage-first heap   total reserved 1505280K, committed 10240K, used 4259K [0x00000000a4200000, 0x0000000100000000)
  region size 1M, 4 eden (4M), 0 survivor (0M), 2 old (2M), 0 humongous (0M), 4 free (4M)
}
Event: 0.346 {heap After GC invocations=1 (full 0):
 garbage-first heap   total reserved 1505280K, committed 10240K, used 2456K [0x00000000a4200000, 0x0000000100000000)
  region size 1M, 0 eden (0M), 1 survivor (1M), 3 old (3M), 0 humongous (0M), 6 free (6M)
}
Event: 0.432 {heap Before GC invocations=1 (full 0):
 garbage-first heap   total reserved 1505280K, committed 10240K, used 3480K [0x00000000a4200000, 0x0000000100000000)
  region size 1M, 2 eden (2M), 1 survivor (1M), 3 old (3M), 0 humongous (0M), 4 free (4M)
}
Event: 0.437 {heap After GC invocations=2 (full 0):
 garbage-first heap   total reserved 1505280K, committed 10240K, used 4211K [0x00000000a4200000, 0x0000000100000000)
  region size 1M, 0 eden (0M), 1 survivor (1M), 4 old (4M), 0 humongous (0M), 5 free (5M)
}
Event: 0.462 {heap Before GC invocations=2 (full 0):
 garbage-first heap   total reserved 1505280K, committed 10240K, used 4211K [0x00000000a4200000, 0x0000000100000000)
  region size 1M, 1 eden (1M), 1 survivor (1M), 4 old (4M), 0 humongous (0M), 4 free (4M)
}
Event: 0.464 {heap After GC invocations=3 (full 0):
 garbage-first heap   total reserved 1505280K, committed 30720K, used 4587K [0x00000000a4200000, 0x0000000100000000)
  region size 1M, 0 eden (0M), 1 survivor (1M), 5 old (5M), 0 humongous (0M), 24 free (24M)
}
Event: 1.183 {heap Before GC invocations=3 (full 0):
 garbage-first heap   total reserved 1505280K, committed 30720K, used 16875K [0x00000000a4200000, 0x0000000100000000)
  region size 1M, 11 eden (11M), 1 survivor (1M), 5 old (5M), 2 humongous (2M), 11 free (11M)
}
Event: 1.187 {heap After GC invocations=4 (full 0):
 garbage-first heap   total reserved 1505280K, committed 30720K, used 7158K [0x00000000a4200000, 0x0000000100000000)
  region size 1M, 0 eden (0M), 2 survivor (2M), 5 old (5M), 1 humongous (1M), 22 free (22M)
}
Event: 1.713 {heap Before GC invocations=4 (full 0):
 garbage-first heap   total reserved 1505280K, committed 30720K, used 17398K [0x00000000a4200000, 0x0000000100000000)
  region size 1M, 11 eden (11M), 2 survivor (2M), 5 old (5M), 1 humongous (1M), 11 free (11M)
}
Event: 1.719 {heap After GC invocations=5 (full 0):
 garbage-first heap   total reserved 1505280K, committed 30720K, used 9241K [0x00000000a4200000, 0x0000000100000000)
  region size 1M, 0 eden (0M), 2 survivor (2M), 7 old (7M), 1 humongous (1M), 20 free (20M)
}
Event: 2.247 {heap Before GC invocations=5 (full 0):
 garbage-first heap   total reserved 1505280K, committed 30720K, used 20505K [0x00000000a4200000, 0x0000000100000000)
  region size 1M, 11 eden (11M), 2 survivor (2M), 7 old (7M), 1 humongous (1M), 9 free (9M)
}
Event: 2.255 {heap After GC invocations=6 (full 0):
 garbage-first heap   total reserved 1505280K, committed 30720K, used 11128K [0x00000000a4200000, 0x0000000100000000)
  region size 1M, 0 eden (0M), 2 survivor (2M), 9 old (9M), 1 humongous (1M), 18 free (18M)
}
Event: 2.406 {heap Before GC invocations=6 (full 0):
 garbage-first heap   total reserved 1505280K, committed 30720K, used 21368K [0x00000000a4200000, 0x0000000100000000)
  region size 1M, 10 eden (10M), 2 survivor (2M), 9 old (9M), 1 humongous (1M), 8 free (8M)
}
Event: 2.411 {heap After GC invocations=7 (full 0):
 garbage-first heap   total reserved 1505280K, committed 30720K, used 13285K [0x00000000a4200000, 0x0000000100000000)
  region size 1M, 0 eden (0M), 2 survivor (2M), 11 old (11M), 1 humongous (1M), 16 free (16M)
}
Event: 2.495 {heap Before GC invocations=7 (full 0):
 garbage-first heap   total reserved 1505280K, committed 30720K, used 22501K [0x00000000a4200000, 0x0000000100000000)
  region size 1M, 9 eden (9M), 2 survivor (2M), 11 old (11M), 1 humongous (1M), 7 free (7M)
}
Event: 2.501 {heap After GC invocations=8 (full 0):
 garbage-first heap   total reserved 1505280K, committed 30720K, used 14967K [0x00000000a4200000, 0x0000000100000000)
  region size 1M, 0 eden (0M), 2 survivor (2M), 13 old (13M), 1 humongous (1M), 14 free (14M)
}
Event: 3.304 {heap Before GC invocations=8 (full 0):
 garbage-first heap   total reserved 1505280K, committed 30720K, used 23159K [0x00000000a4200000, 0x0000000100000000)
  region size 1M, 8 eden (8M), 2 survivor (2M), 13 old (13M), 1 humongous (1M), 6 free (6M)
}
Event: 3.310 {heap After GC invocations=9 (full 0):
 garbage-first heap   total reserved 1505280K, committed 30720K, used 15860K [0x00000000a4200000, 0x0000000100000000)
  region size 1M, 0 eden (0M), 1 survivor (1M), 15 old (15M), 1 humongous (1M), 13 free (13M)
}
Event: 3.828 {heap Before GC invocations=10 (full 0):
 garbage-first heap   total reserved 1505280K, committed 30720K, used 24052K [0x00000000a4200000, 0x0000000100000000)
  region size 1M, 8 eden (8M), 1 survivor (1M), 15 old (15M), 1 humongous (1M), 5 free (5M)
}
Event: 3.831 {heap After GC invocations=11 (full 0):
 garbage-first heap   total reserved 1505280K, committed 92160K, used 16180K [0x00000000a4200000, 0x0000000100000000)
  region size 1M, 0 eden (0M), 2 survivor (2M), 15 old (15M), 1 humongous (1M), 72 free (72M)
}

Metaspace Usage History (20 events):
Event: 0.342 {metaspace Before GC invocations=0 (full 0):
 Metaspace       used 1739K, committed 1856K, reserved 1114112K
  class space    used 146K, committed 192K, reserved 1048576K
}
Event: 0.346 {metaspace After GC invocations=1 (full 0):
 Metaspace       used 1739K, committed 1856K, reserved 1114112K
  class space    used 146K, committed 192K, reserved 1048576K
}
Event: 0.432 {metaspace Before GC invocations=1 (full 0):
 Metaspace       used 1905K, committed 1984K, reserved 1114112K
  class space    used 163K, committed 192K, reserved 1048576K
}
Event: 0.437 {metaspace After GC invocations=2 (full 0):
 Metaspace       used 1905K, committed 1984K, reserved 1114112K
  class space    used 163K, committed 192K, reserved 1048576K
}
Event: 0.462 {metaspace Before GC invocations=2 (full 0):
 Metaspace       used 1914K, committed 1984K, reserved 1114112K
  class space    used 163K, committed 192K, reserved 1048576K
}
Event: 0.464 {metaspace After GC invocations=3 (full 0):
 Metaspace       used 1914K, committed 1984K, reserved 1114112K
  class space    used 163K, committed 192K, reserved 1048576K
}
Event: 1.183 {metaspace Before GC invocations=3 (full 0):
 Metaspace       used 4964K, committed 5120K, reserved 1114112K
  class space    used 510K, committed 576K, reserved 1048576K
}
Event: 1.187 {metaspace After GC invocations=4 (full 0):
 Metaspace       used 4964K, committed 5120K, reserved 1114112K
  class space    used 510K, committed 576K, reserved 1048576K
}
Event: 1.713 {metaspace Before GC invocations=4 (full 0):
 Metaspace       used 8054K, committed 8320K, reserved 1114112K
  class space    used 848K, committed 960K, reserved 1048576K
}
Event: 1.719 {metaspace After GC invocations=5 (full 0):
 Metaspace       used 8054K, committed 8320K, reserved 1114112K
  class space    used 848K, committed 960K, reserved 1048576K
}
Event: 2.247 {metaspace Before GC invocations=5 (full 0):
 Metaspace       used 10511K, committed 10688K, reserved 1114112K
  class space    used 1128K, committed 1216K, reserved 1048576K
}
Event: 2.255 {metaspace After GC invocations=6 (full 0):
 Metaspace       used 10511K, committed 10688K, reserved 1114112K
  class space    used 1128K, committed 1216K, reserved 1048576K
}
Event: 2.406 {metaspace Before GC invocations=6 (full 0):
 Metaspace       used 10725K, committed 10944K, reserved 1114112K
  class space    used 1128K, committed 1216K, reserved 1048576K
}
Event: 2.411 {metaspace After GC invocations=7 (full 0):
 Metaspace       used 10725K, committed 10944K, reserved 1114112K
  class space    used 1128K, committed 1216K, reserved 1048576K
}
Event: 2.495 {metaspace Before GC invocations=7 (full 0):
 Metaspace       used 10782K, committed 11008K, reserved 1114112K
  class space    used 1131K, committed 1216K, reserved 1048576K
}
Event: 2.501 {metaspace After GC invocations=8 (full 0):
 Metaspace       used 10782K, committed 11008K, reserved 1114112K
  class space    used 1131K, committed 1216K, reserved 1048576K
}
Event: 3.304 {metaspace Before GC invocations=8 (full 0):
 Metaspace       used 14604K, committed 14912K, reserved 1114112K
  class space    used 1620K, committed 1792K, reserved 1048576K
}
Event: 3.310 {metaspace After GC invocations=9 (full 0):
 Metaspace       used 14604K, committed 14912K, reserved 1114112K
  class space    used 1620K, committed 1792K, reserved 1048576K
}
Event: 3.828 {metaspace Before GC invocations=10 (full 0):
 Metaspace       used 16658K, committed 16960K, reserved 1114112K
  class space    used 1924K, committed 2048K, reserved 1048576K
}
Event: 3.831 {metaspace After GC invocations=11 (full 0):
 Metaspace       used 16658K, committed 16960K, reserved 1114112K
  class space    used 1924K, committed 2048K, reserved 1048576K
}

Dll operation events (20 events):
Event: 0.014 Attempting to load shared library C:\Program Files\Java\jdk-26.0.1\bin\java.dll
Event: 0.018 Loaded shared library C:\Program Files\Java\jdk-26.0.1\bin\java.dll
Event: 0.077 Attempting to load shared library C:\Program Files\Java\jdk-26.0.1\bin\net.dll
Event: 0.079 Loaded shared library C:\Program Files\Java\jdk-26.0.1\bin\net.dll
Event: 0.082 Attempting to load shared library C:\Program Files\Java\jdk-26.0.1\bin\nio.dll
Event: 0.083 Loaded shared library C:\Program Files\Java\jdk-26.0.1\bin\nio.dll
Event: 0.088 Attempting to load shared library C:\Program Files\Java\jdk-26.0.1\bin\zip.dll
Event: 0.090 Loaded shared library C:\Program Files\Java\jdk-26.0.1\bin\zip.dll
Event: 0.143 Attempting to load shared library C:\Program Files\Java\jdk-26.0.1\bin\management.dll
Event: 0.146 Loaded shared library C:\Program Files\Java\jdk-26.0.1\bin\management.dll
Event: 0.155 Attempting to load shared library C:\Program Files\Java\jdk-26.0.1\bin\management_ext.dll
Event: 0.161 Loaded shared library C:\Program Files\Java\jdk-26.0.1\bin\management_ext.dll
Event: 0.237 Attempting to load shared library C:\Program Files\Java\jdk-26.0.1\bin\jimage.dll
Event: 0.237 Loaded shared library C:\Program Files\Java\jdk-26.0.1\bin\jimage.dll
Event: 0.309 Attempting to load shared library C:\Program Files\Java\jdk-26.0.1\bin\verify.dll
Event: 0.311 Loaded shared library C:\Program Files\Java\jdk-26.0.1\bin\verify.dll
Event: 2.777 Attempting to load shared library C:\Program Files\Java\jdk-26.0.1\bin\extnet.dll
Event: 2.787 Loaded shared library C:\Program Files\Java\jdk-26.0.1\bin\extnet.dll
Event: 3.100 Attempting to load shared library C:\Program Files\Java\jdk-26.0.1\bin\sunmscapi.dll
Event: 3.106 Loaded shared library C:\Program Files\Java\jdk-26.0.1\bin\sunmscapi.dll

Deoptimization events (20 events):
Event: 3.689 Thread 0x0000024a9c399730 DEOPT PACKING pc=0x0000024aaef478e8 sp=0x0000006fd27fb990
Event: 3.689 Thread 0x0000024a9c399730 DEOPT UNPACKING pc=0x0000024aaea02602 sp=0x0000006fd27fb920 mode 2
Event: 3.714 Thread 0x0000024a9c399730 Uncommon trap: trap_request=0xffffff5e fr.pc=0x0000024aaef4966c relative=0x000000000000046c
Event: 3.714 Thread 0x0000024a9c399730 Uncommon trap: reason=speculate_class_check action=maybe_recompile pc=0x0000024aaef4966c method=java.lang.String.<init>(Ljava/lang/AbstractStringBuilder;Ljava/lang/Void;)V @ 10 c2
Event: 3.714 Thread 0x0000024a9c399730 DEOPT PACKING pc=0x0000024aaef4966c sp=0x0000006fd27fd6a0
Event: 3.714 Thread 0x0000024a9c399730 DEOPT UNPACKING pc=0x0000024aaea02602 sp=0x0000006fd27fd670 mode 2
Event: 7.900 Thread 0x0000024ac06fd460 Uncommon trap: trap_request=0xffffff45 fr.pc=0x0000024aaef0c6ec relative=0x00000000000001ec
Event: 7.900 Thread 0x0000024ac06fd460 Uncommon trap: reason=unstable_if action=reinterpret pc=0x0000024aaef0c6ec method=java.io.ByteArrayInputStream.read()I @ 8 c2
Event: 7.900 Thread 0x0000024ac06fd460 DEOPT PACKING pc=0x0000024aaef0c6ec sp=0x0000006fd4efc4f0
Event: 7.900 Thread 0x0000024ac06fd460 DEOPT UNPACKING pc=0x0000024aaea02602 sp=0x0000006fd4efc498 mode 2
Event: 7.939 Thread 0x0000024ac06fd460 Uncommon trap: trap_request=0xffffff5e fr.pc=0x0000024aaef4966c relative=0x000000000000046c
Event: 7.939 Thread 0x0000024ac06fd460 Uncommon trap: reason=speculate_class_check action=maybe_recompile pc=0x0000024aaef4966c method=java.lang.String.<init>(Ljava/lang/AbstractStringBuilder;Ljava/lang/Void;)V @ 10 c2
Event: 7.939 Thread 0x0000024ac06fd460 DEOPT PACKING pc=0x0000024aaef4966c sp=0x0000006fd4efda30
Event: 7.939 Thread 0x0000024ac06fd460 DEOPT UNPACKING pc=0x0000024aaea02602 sp=0x0000006fd4efda00 mode 2
Event: 7.990 Thread 0x0000024ac06fd460 DEOPT PACKING pc=0x0000024aa765bdaf sp=0x0000006fd4efd5d0
Event: 7.990 Thread 0x0000024ac06fd460 DEOPT UNPACKING pc=0x0000024aae931a02 sp=0x0000006fd4efcae0 mode 0
Event: 8.078 Thread 0x0000024a9c399730 Uncommon trap: trap_request=0xffffff66 fr.pc=0x0000024aaef5e940 relative=0x0000000000000240
Event: 8.078 Thread 0x0000024a9c399730 Uncommon trap: reason=loop_limit_check action=maybe_recompile pc=0x0000024aaef5e940 method=java.math.BigInteger.implMulAdd([I[IIII)I @ 26 c2
Event: 8.078 Thread 0x0000024a9c399730 DEOPT PACKING pc=0x0000024aaef5e940 sp=0x0000006fd27fa710
Event: 8.078 Thread 0x0000024a9c399730 DEOPT UNPACKING pc=0x0000024aaea02602 sp=0x0000006fd27fa660 mode 2

Classes loaded (20 events):
Event: 7.958 Loading class java/util/stream/FindOps$FindSink$OfLong
Event: 7.960 Loading class java/util/stream/Sink$OfLong
Event: 7.963 Loading class java/util/stream/Sink$OfLong done
Event: 7.963 Loading class java/util/stream/FindOps$FindSink$OfLong done
Event: 7.963 Loading class java/util/OptionalLong
Event: 7.965 Loading class java/util/OptionalLong done
Event: 7.969 Loading class java/util/stream/ReferencePipeline$5$1
Event: 7.969 Loading class java/util/stream/ReferencePipeline$5$1 done
Event: 7.971 Loading class java/lang/invoke/VarHandleBytes$FieldInstanceReadWrite
Event: 7.973 Loading class java/lang/invoke/VarHandleBytes$FieldInstanceReadOnly
Event: 7.975 Loading class java/lang/invoke/VarHandleBytes$FieldInstanceReadOnly done
Event: 7.975 Loading class java/lang/invoke/VarHandleBytes$FieldInstanceReadWrite done
Event: 8.063 Loading class java/math/BigInteger$RecursiveOp
Event: 8.067 Loading class java/util/concurrent/RecursiveTask
Event: 8.067 Loading class java/util/concurrent/RecursiveTask done
Event: 8.067 Loading class java/math/BigInteger$RecursiveOp done
Event: 8.067 Loading class java/math/BigInteger$RecursiveOp$RecursiveSquare
Event: 8.068 Loading class java/math/BigInteger$RecursiveOp$RecursiveSquare done
Event: 8.117 Loading class java/math/MathContext
Event: 8.118 Loading class java/math/MathContext done

Classes unloaded (0 events):
No events

Classes redefined (0 events):
No events

Internal exceptions (20 events):
Event: 3.343 Thread 0x0000024a9c399730 Exception <a 'java/lang/IncompatibleClassChangeError'{0x00000000a5d8d7a0}: Found class java.lang.Object, but interface was expected> (0x00000000a5d8d7a0) 
thrown [s\open\src\hotspot\share\interpreter\linkResolver.cpp, line 871]
Event: 3.346 Thread 0x0000024a9c399730 Exception <a 'java/lang/NoSuchMethodError'{0x00000000a5da4c48}: 'int java.lang.invoke.DirectMethodHandle$Holder.invokeSpecialIFC(java.lang.Object, java.lang.Object, java.lang.Object, java.lang.Object)'> (0x00000000a5da4c48) 
thrown [s\open\src\hotspot\share\interpreter\linkResolver.cpp, line 804]
Event: 3.358 Thread 0x0000024a9c399730 Exception <a 'java/lang/NoSuchMethodError'{0x00000000a5dde5d8}: 'java.lang.Object java.lang.invoke.DirectMethodHandle$Holder.invokeVirtual(java.lang.Object, java.lang.Object, java.lang.Object, java.lang.Object)'> (0x00000000a5dde5d8) 
thrown [s\open\src\hotspot\share\interpreter\linkResolver.cpp, line 804]
Event: 3.442 Thread 0x0000024ac03150a0 Exception <a 'java/net/ConnectException'{0x00000000a5c62dd0}: Connection refused: getsockopt> (0x00000000a5c62dd0) 
thrown [s\open\src\hotspot\share\prims\jni.cpp, line 532]
Event: 3.456 Thread 0x0000024ac03150a0 Exception <a 'java/net/ConnectException'{0x00000000a5c63fd8}: Connection refused: getsockopt> (0x00000000a5c63fd8) 
thrown [s\open\src\hotspot\share\prims\jni.cpp, line 532]
Event: 3.478 Thread 0x0000024ac03150a0 Exception <a 'java/net/ConnectException'{0x00000000a5c64e78}: Connection refused: getsockopt> (0x00000000a5c64e78) 
thrown [s\open\src\hotspot\share\prims\jni.cpp, line 532]
Event: 3.521 Thread 0x0000024ac03150a0 Exception <a 'java/net/ConnectException'{0x00000000a5c65d18}: Connection refused: getsockopt> (0x00000000a5c65d18) 
thrown [s\open\src\hotspot\share\prims\jni.cpp, line 532]
Event: 3.645 Thread 0x0000024a9c399730 Exception <a 'java/lang/NoSuchMethodError'{0x00000000a5cdb4d0}: 'double java.lang.invoke.DirectMethodHandle$Holder.invokeVirtual(java.lang.Object, java.lang.Object)'> (0x00000000a5cdb4d0) 
thrown [s\open\src\hotspot\share\interpreter\linkResolver.cpp, line 804]
Event: 3.647 Thread 0x0000024a9c399730 Exception <a 'java/lang/NoSuchMethodError'{0x00000000a5ce71e0}: 'float java.lang.invoke.DirectMethodHandle$Holder.invokeVirtual(java.lang.Object, java.lang.Object)'> (0x00000000a5ce71e0) 
thrown [s\open\src\hotspot\share\interpreter\linkResolver.cpp, line 804]
Event: 3.650 Thread 0x0000024a9c399730 Exception <a 'java/lang/NoSuchMethodError'{0x00000000a5cfec60}: 'long java.lang.invoke.DirectMethodHandle$Holder.invokeVirtual(java.lang.Object, java.lang.Object)'> (0x00000000a5cfec60) 
thrown [s\open\src\hotspot\share\interpreter\linkResolver.cpp, line 804]
Event: 3.702 Thread 0x0000024a9c399730 Exception <a 'java/lang/NoSuchMethodError'{0x00000000a592bc48}: 'java.lang.Object java.lang.invoke.DirectMethodHandle$Holder.newInvokeSpecial(java.lang.Object, java.lang.Object, int, int)'> (0x00000000a592bc48) 
thrown [s\open\src\hotspot\share\interpreter\linkResolver.cpp, line 804]
Event: 3.707 Thread 0x0000024a9c399730 Exception <a 'java/lang/NoSuchMethodError'{0x00000000a5941750}: 'void java.lang.invoke.DirectMethodHandle$Holder.invokeStatic(java.lang.Object, java.lang.Object, int)'> (0x00000000a5941750) 
thrown [s\open\src\hotspot\share\interpreter\linkResolver.cpp, line 804]
Event: 3.801 Thread 0x0000024ac06fd460 Exception <a 'java/lang/NoSuchMethodError'{0x00000000a562b6c8}: 'java.lang.Object java.lang.invoke.DirectMethodHandle$Holder.invokeSpecial(java.lang.Object, java.lang.Object, java.lang.Object, java.lang.Object, java.lang.Object, int)'> (0x00000000a562b6c8) 
thrown [s\open\src\hotspot\share\interpreter\linkResolver.cpp, line 804]
Event: 3.812 Thread 0x0000024ac06fd460 Exception <a 'java/lang/IncompatibleClassChangeError'{0x00000000a5670238}: Found class java.lang.Object, but interface was expected> (0x00000000a5670238) 
thrown [s\open\src\hotspot\share\interpreter\linkResolver.cpp, line 871]
Event: 3.827 Thread 0x0000024ac06fd460 Exception <a 'java/lang/NoSuchMethodError'{0x00000000a56ec730}: 'void java.lang.invoke.DirectMethodHandle$Holder.invokeSpecial(java.lang.Object, java.lang.Object, java.lang.Object, java.lang.Object, java.lang.Object)'> (0x00000000a56ec730) 
thrown [s\open\src\hotspot\share\interpreter\linkResolver.cpp, line 804]
Event: 3.841 Thread 0x0000024ac06fd460 Exception <a 'java/lang/NoSuchMethodError'{0x00000000a993a468}: 'long java.lang.invoke.DirectMethodHandle$Holder.invokeStatic(java.lang.Object, long, long)'> (0x00000000a993a468) 
thrown [s\open\src\hotspot\share\interpreter\linkResolver.cpp, line 804]
Event: 3.848 Thread 0x0000024ac060a230 Exception <a 'java/lang/NoSuchMethodError'{0x00000000a9993c38}: 'int java.lang.invoke.DirectMethodHandle$Holder.invokeStatic(java.lang.Object, int, java.lang.Object)'> (0x00000000a9993c38) 
thrown [s\open\src\hotspot\share\interpreter\linkResolver.cpp, line 804]
Event: 7.946 Thread 0x0000024ac06fd460 Exception <a 'java/lang/NoSuchMethodError'{0x00000000a978f8b0}: 'long java.lang.invoke.DirectMethodHandle$Holder.invokeStatic(java.lang.Object, java.lang.Object)'> (0x00000000a978f8b0) 
thrown [s\open\src\hotspot\share\interpreter\linkResolver.cpp, line 804]
Event: 7.994 Thread 0x0000024ac06fd460 Exception <a 'java/lang/NoSuchMethodError'{0x00000000a97f95c0}: 'void java.lang.invoke.DirectMethodHandle$Holder.invokeSpecial(java.lang.Object, java.lang.Object, java.lang.Object, java.lang.Object, java.lang.Object, java.lang.Object, java.lang.Object)'> (0x00000000a97f95c0) 
thrown [s\open\src\hotspot\share\interpreter\linkResolver.cpp, line 804]
Event: 8.142 Thread 0x0000024a9c399730 Exception <a 'java/lang/NoSuchMethodError'{0x00000000a94edfd0}: 'java.lang.Object java.lang.invoke.DirectMethodHandle$Holder.invokeSpecialIFC(java.lang.Object, java.lang.Object, java.lang.Object)'> (0x00000000a94edfd0) 
thrown [s\open\src\hotspot\share\interpreter\linkResolver.cpp, line 804]

VM Operations (20 events):
Event: 3.197 Executing non-safepoint VM operation: HandshakeAllThreads (Deoptimize)
Event: 3.197 Executing non-safepoint VM operation: HandshakeAllThreads (Deoptimize) done
Event: 3.280 Executing non-safepoint VM operation: HandshakeAllThreads (Deoptimize)
Event: 3.280 Executing non-safepoint VM operation: HandshakeAllThreads (Deoptimize) done
Event: 3.304 Executing safepoint VM operation: G1CollectForAllocation (G1 Evacuation Pause)
Event: 3.310 Executing safepoint VM operation: G1CollectForAllocation (G1 Evacuation Pause) done
Event: 3.325 Executing safepoint VM operation: G1PauseRemark
Event: 3.328 Executing safepoint VM operation: G1PauseRemark done
Event: 3.333 Executing safepoint VM operation: G1PauseCleanup
Event: 3.333 Executing safepoint VM operation: G1PauseCleanup done
Event: 3.613 Executing non-safepoint VM operation: HandshakeAllThreads (Deoptimize)
Event: 3.613 Executing non-safepoint VM operation: HandshakeAllThreads (Deoptimize) done
Event: 3.669 Executing non-safepoint VM operation: HandshakeAllThreads (Deoptimize)
Event: 3.669 Executing non-safepoint VM operation: HandshakeAllThreads (Deoptimize) done
Event: 3.828 Executing safepoint VM operation: G1CollectForAllocation (G1 Evacuation Pause)
Event: 3.831 Executing safepoint VM operation: G1CollectForAllocation (G1 Evacuation Pause) done
Event: 7.843 Executing non-safepoint VM operation: HandshakeAllThreads (Deoptimize)
Event: 7.844 Executing non-safepoint VM operation: HandshakeAllThreads (Deoptimize) done
Event: 7.933 Executing non-safepoint VM operation: HandshakeAllThreads (Deoptimize)
Event: 7.933 Executing non-safepoint VM operation: HandshakeAllThreads (Deoptimize) done

Memory protections (0 events):
No events

Nmethod flushes (0 events):
No events

Events (20 events):
Event: 0.062 Thread 0x0000024a9c399730 Thread added: 0x0000024abb059c90
Event: 0.062 Thread 0x0000024a9c399730 Thread added: 0x0000024abb05c450
Event: 0.062 Thread 0x0000024a9c399730 Thread added: 0x0000024abb05d870
Event: 0.062 Thread 0x0000024a9c399730 Thread added: 0x0000024abb05e2d0
Event: 0.070 Thread 0x0000024a9c399730 Thread added: 0x0000024abb11dde0
Event: 0.073 Thread 0x0000024a9c399730 Thread added: 0x0000024abb11e810
Event: 0.130 Thread 0x0000024a9c399730 Thread added: 0x0000024abb1b6490
Event: 0.296 Thread 0x0000024a9c399730 Thread added: 0x0000024abb26fd60
Event: 2.952 Thread 0x0000024a9c399730 Thread added: 0x0000024ac02ebbc0
Event: 3.283 Thread 0x0000024a9c399730 Thread added: 0x0000024ac0605a60
Event: 3.288 Thread 0x0000024a9c399730 Thread added: 0x0000024ac060a230
Event: 3.294 Thread 0x0000024ac060a230 Thread added: 0x0000024ac0611210
Event: 3.387 Thread 0x0000024a9c399730 Thread added: 0x0000024ac03121c0
Event: 3.389 Thread 0x0000024a9c399730 Thread added: 0x0000024ac0312990
Event: 3.390 Thread 0x0000024a9c399730 Thread added: 0x0000024ac0313160
Event: 3.395 Thread 0x0000024ac0312990 Thread added: 0x0000024ac03150a0
Event: 3.612 Thread 0x0000024ac03150a0 Thread added: 0x0000024ac06febd0
Event: 3.789 Thread 0x0000024a9c399730 Thread added: 0x0000024ac06fd460
Event: 3.854 Thread 0x0000024ac060a230 Thread added: 0x0000024ac06fbcf0
Event: 3.855 Thread 0x0000024ac060a230 Thread added: 0x0000024ac06fdc30


Dynamic libraries:
0x00007ff644550000 - 0x00007ff644560000 	C:\Program Files\Java\jdk-26.0.1\bin\java.exe
0x00007ffd82840000 - 0x00007ffd82aa6000 	C:\WINDOWS\SYSTEM32\ntdll.dll
0x00007ffd80900000 - 0x00007ffd809c9000 	C:\WINDOWS\System32\KERNEL32.DLL
0x00007ffd7fbe0000 - 0x00007ffd7ffdf000 	C:\WINDOWS\System32\KERNELBASE.dll
0x00007ffd80190000 - 0x00007ffd802dc000 	C:\WINDOWS\System32\ucrtbase.dll
0x00007ffd6a810000 - 0x00007ffd6a82e000 	C:\Program Files\Java\jdk-26.0.1\bin\VCRUNTIME140.dll
0x00007ffd5aa40000 - 0x00007ffd5aa57000 	C:\Program Files\Java\jdk-26.0.1\bin\jli.dll
0x00007ffd81550000 - 0x00007ffd81716000 	C:\WINDOWS\System32\USER32.dll
0x00007ffd63fa0000 - 0x00007ffd64231000 	C:\WINDOWS\WinSxS\amd64_microsoft.windows.common-controls_6595b64144ccf1df_6.0.26100.8972_none_3e0da176e32f9d4b\COMCTL32.dll
0x00007ffd800b0000 - 0x00007ffd800d7000 	C:\WINDOWS\System32\win32u.dll
0x00007ffd81800000 - 0x00007ffd818a9000 	C:\WINDOWS\System32\msvcrt.dll
0x00007ffd808d0000 - 0x00007ffd808fb000 	C:\WINDOWS\System32\GDI32.dll
0x00007ffd80440000 - 0x00007ffd80569000 	C:\WINDOWS\System32\gdi32full.dll
0x00007ffd800e0000 - 0x00007ffd80183000 	C:\WINDOWS\System32\msvcp_win.dll
0x00007ffd81380000 - 0x00007ffd813b2000 	C:\WINDOWS\System32\IMM32.DLL
0x00007ffd7b8f0000 - 0x00007ffd7b8fc000 	C:\Program Files\Java\jdk-26.0.1\bin\vcruntime140_1.dll
0x00007ffd1e7d0000 - 0x00007ffd1e85d000 	C:\Program Files\Java\jdk-26.0.1\bin\msvcp140.dll
0x00007ffce1490000 - 0x00007ffce235e000 	C:\Program Files\Java\jdk-26.0.1\bin\server\jvm.dll
0x00007ffd80690000 - 0x00007ffd8074c000 	C:\WINDOWS\System32\ADVAPI32.dll
0x00007ffd81900000 - 0x00007ffd819a9000 	C:\WINDOWS\System32\sechost.dll
0x00007ffd824b0000 - 0x00007ffd825c8000 	C:\WINDOWS\System32\RPCRT4.dll
0x00007ffd812f0000 - 0x00007ffd81372000 	C:\WINDOWS\System32\WS2_32.dll
0x00007ffd7f8b0000 - 0x00007ffd7f90e000 	C:\WINDOWS\SYSTEM32\POWRPROF.dll
0x00007ffd757a0000 - 0x00007ffd757ab000 	C:\WINDOWS\SYSTEM32\VERSION.dll
0x00007ffd762a0000 - 0x00007ffd762d6000 	C:\WINDOWS\SYSTEM32\WINMM.dll
0x00007ffd7f890000 - 0x00007ffd7f8a5000 	C:\WINDOWS\SYSTEM32\UMPDC.dll
0x00007ffd7e740000 - 0x00007ffd7e75b000 	C:\WINDOWS\SYSTEM32\kernel.appcore.dll
0x00007ffd74890000 - 0x00007ffd7489a000 	C:\Program Files\Java\jdk-26.0.1\bin\jimage.dll
0x00007ffd7cfb0000 - 0x00007ffd7d1f2000 	C:\WINDOWS\SYSTEM32\DBGHELP.DLL
0x00007ffd80f60000 - 0x00007ffd812e5000 	C:\WINDOWS\System32\combase.dll
0x00007ffd81720000 - 0x00007ffd817f9000 	C:\WINDOWS\System32\OLEAUT32.dll
0x00007ffd611d0000 - 0x00007ffd6120b000 	C:\WINDOWS\SYSTEM32\dbgcore.DLL
0x00007ffd80380000 - 0x00007ffd8042c000 	C:\WINDOWS\System32\bcryptPrimitives.dll
0x00007ffd63400000 - 0x00007ffd6341f000 	C:\Program Files\Java\jdk-26.0.1\bin\java.dll
0x00007ffd825d0000 - 0x00007ffd82769000 	C:\WINDOWS\System32\ole32.dll
0x00007ffd819b0000 - 0x00007ffd82138000 	C:\WINDOWS\System32\SHELL32.dll
0x00007ffd7d380000 - 0x00007ffd7dc1b000 	C:\WINDOWS\SYSTEM32\windows.storage.dll
0x00007ffd80570000 - 0x00007ffd80669000 	C:\WINDOWS\System32\SHCORE.dll
0x00007ffd80e70000 - 0x00007ffd80ed6000 	C:\WINDOWS\System32\shlwapi.dll
0x00007ffd7f970000 - 0x00007ffd7f999000 	C:\WINDOWS\SYSTEM32\profapi.dll
0x00007ffd591a0000 - 0x00007ffd591b2000 	C:\Program Files\Java\jdk-26.0.1\bin\net.dll
0x00007ffd7ecf0000 - 0x00007ffd7ed5c000 	C:\WINDOWS\system32\mswsock.dll
0x00007ffd58f70000 - 0x00007ffd58f86000 	C:\Program Files\Java\jdk-26.0.1\bin\nio.dll
0x00007ffd58e20000 - 0x00007ffd58e37000 	C:\Program Files\Java\jdk-26.0.1\bin\zip.dll
0x00007ffd599a0000 - 0x00007ffd599aa000 	C:\Program Files\Java\jdk-26.0.1\bin\management.dll
0x00007ffd59990000 - 0x00007ffd5999c000 	C:\Program Files\Java\jdk-26.0.1\bin\management_ext.dll
0x00007ffd818b0000 - 0x00007ffd818b8000 	C:\WINDOWS\System32\PSAPI.DLL
0x00007ffd72f10000 - 0x00007ffd72f20000 	C:\Program Files\Java\jdk-26.0.1\bin\verify.dll
0x00007ffd7efe0000 - 0x00007ffd7effb000 	C:\WINDOWS\SYSTEM32\CRYPTSP.dll
0x00007ffd7e6a0000 - 0x00007ffd7e6d9000 	C:\WINDOWS\system32\rsaenh.dll
0x00007ffd7eda0000 - 0x00007ffd7edd2000 	C:\WINDOWS\SYSTEM32\USERENV.dll
0x00007ffd7f940000 - 0x00007ffd7f96a000 	C:\WINDOWS\SYSTEM32\bcrypt.dll
0x00007ffd7f000000 - 0x00007ffd7f00c000 	C:\WINDOWS\SYSTEM32\CRYPTBASE.dll
0x00007ffd7e0f0000 - 0x00007ffd7e123000 	C:\WINDOWS\SYSTEM32\IPHLPAPI.DLL
0x00007ffd80e60000 - 0x00007ffd80e6a000 	C:\WINDOWS\System32\NSI.dll
0x00007ffd6a850000 - 0x00007ffd6a859000 	C:\Program Files\Java\jdk-26.0.1\bin\extnet.dll
0x00007ffd7e180000 - 0x00007ffd7e2d8000 	C:\WINDOWS\SYSTEM32\DNSAPI.dll
0x00007ffd7eaf0000 - 0x00007ffd7eafd000 	C:\WINDOWS\SYSTEM32\DSPARSE.dll
0x00007ffd75f60000 - 0x00007ffd75f6b000 	C:\Windows\System32\rasadhlp.dll
0x00007ffd79740000 - 0x00007ffd797c6000 	C:\WINDOWS\System32\fwpuclnt.dll
0x00007ffd586d0000 - 0x00007ffd586de000 	C:\Program Files\Java\jdk-26.0.1\bin\sunmscapi.dll
0x00007ffd7fa50000 - 0x00007ffd7fbce000 	C:\WINDOWS\System32\CRYPT32.dll
0x00007ffd7f220000 - 0x00007ffd7f250000 	C:\WINDOWS\SYSTEM32\ncrypt.dll
0x00007ffd7f1d0000 - 0x00007ffd7f20f000 	C:\WINDOWS\SYSTEM32\NTASN1.dll
0x00007ffd75d40000 - 0x00007ffd75d48000 	C:\WINDOWS\system32\wshunix.dll

JVMTI agents: none

dbghelp: loaded successfully - version: 4.0.5 - missing functions: none
symbol engine: initialized successfully - sym options: 0x614 - pdb path: .;C:\Program Files\Java\jdk-26.0.1\bin;C:\WINDOWS\SYSTEM32;C:\WINDOWS\WinSxS\amd64_microsoft.windows.common-controls_6595b64144ccf1df_6.0.26100.8972_none_3e0da176e32f9d4b;C:\Program Files\Java\jdk-26.0.1\bin\server

VM Arguments:
java_command: C:\Users\jerome\AppData\Local\Temp\surefire5194995822520734629\surefirebooter11470344629592777051.jar C:\Users\jerome\AppData\Local\Temp\surefire5194995822520734629 2026-08-03T00-29-07_402-jvmRun1 surefire9824801448607264056tmp surefire_0113589433424154912tmp
java_class_path (initial): C:\Users\jerome\AppData\Local\Temp\surefire5194995822520734629\surefirebooter11470344629592777051.jar
Launcher Type: SUN_STANDARD

[Global flags]
     bool AOTAdapterCaching                        = false                                  {diagnostic} {ergonomic}
     bool AOTInvokeDynamicLinking                  = false                                  {diagnostic} {ergonomic}
     bool AOTRecordTraining                        = false                                  {diagnostic} {ergonomic}
     bool AOTReplayTraining                        = false                                  {diagnostic} {ergonomic}
     bool AOTStubCaching                           = false                                  {diagnostic} {ergonomic}
     intx CICompilerCount                          = 4                                         {product} {ergonomic}
     uint ConcGCThreads                            = 2                                         {product} {ergonomic}
     uint G1ConcRefinementThreads                  = 8                                         {product} {ergonomic}
     uint G1EagerReclaimRemSetThreshold            = 10                                   {experimental} {ergonomic}
   size_t G1HeapRegionSize                         = 1048576                                   {product} {ergonomic}
     uint G1RemSetArrayOfCardsEntries              = 10                                   {experimental} {ergonomic}
     uint G1RemSetHowlMaxNumBuckets                = 8                                    {experimental} {ergonomic}
     uint G1RemSetHowlNumBuckets                   = 4                                    {experimental} {ergonomic}
   size_t InitialHeapSize                          = 8388608                                   {product} {ergonomic}
     bool IntelJccErratumMitigation                = false                             {ARCH diagnostic} {ergonomic}
   size_t MarkStackSize                            = 4194304                                   {product} {ergonomic}
   size_t MarkStackSizeMax                         = 536870912                                 {product} {ergonomic}
   size_t MaxHeapSize                              = 1541406720                                {product} {ergonomic}
   size_t MaxNewSize                               = 924844032                                 {product} {ergonomic}
 uint64_t MaxRAM                                   = 6162739200                                {product} {ergonomic}
   size_t MinHeapDeltaBytes                        = 1048576                                   {product} {ergonomic}
   size_t MinHeapSize                              = 8388608                                   {product} {ergonomic}
   size_t NonNMethodCodeHeapSize                   = 5898240                                {pd product} {ergonomic}
   size_t NonProfiledCodeHeapSize                  = 122945536                              {pd product} {ergonomic}
   size_t ProfiledCodeHeapSize                     = 122945536                              {pd product} {ergonomic}
   size_t ReservedCodeCacheSize                    = 251789312                              {pd product} {ergonomic}
     bool SegmentedCodeCache                       = true                                      {product} {ergonomic}
   size_t SoftMaxHeapSize                          = 1541406720                             {manageable} {ergonomic}
     bool UseCompressedOops                        = true                           {product lp64_product} {ergonomic}
     bool UseCondCardMark                          = true                                      {product} {ergonomic}
     bool UseFastUnorderedTimeStamps               = true                                 {experimental} {ergonomic}
     bool UseG1GC                                  = true                                      {product} {ergonomic}
     bool UseLargePagesIndividualAllocation        = false                                  {pd product} {ergonomic}
      int X86ICacheSync                            = 3                                 {ARCH diagnostic} {ergonomic}

Logging:
Log output configuration:
 #0: stdout all=warning uptime,level,tags foldmultilines=false
 #1: stderr all=off uptime,level,tags foldmultilines=false

Release file:
IMPLEMENTOR="Oracle Corporation" 
JAVA_RUNTIME_VERSION="26.0.1+8-34" 
JAVA_VERSION="26.0.1" 
JAVA_VERSION_DATE="2026-04-21" 
LIBC="default" 
MODULES="java.base java.compiler java.datatransfer java.xml java.prefs java.desktop java.instrument java.logging java.management java.security.sasl java.naming java.rmi java.management.rmi java.net.http java.scripting java.security.jgss java.transaction.xa java.sql java.sql.rowset java.xml.crypto java.se java.smartcardio jdk.accessibility jdk.internal.jvmstat jdk.attach jdk.charsets jdk.internal.opt jdk.zipfs jdk.compiler jdk.crypto.cryptoki jdk.crypto.ec jdk.crypto.mscapi jdk.dynalink jdk.internal.ed jdk.editpad jdk.internal.vm.ci jdk.graal.compiler jdk.graal.compiler.management jdk.hotspot.agent jdk.httpserver jdk.incubator.vector jdk.internal.le jdk.internal.md jdk.jartool jdk.javadoc jdk.jcmd jdk.management jdk.management.agent jdk.jconsole jdk.jdeps jdk.jdwp.agent jdk.jdi jdk.jfr jdk.jlink jdk.jpackage jdk.jshell jdk.jstatd jdk.localedata jdk.management.jfr jdk.naming.dns jdk.naming.rmi jdk.net jdk.nio.mapmode jdk.sctp jdk.security.auth jdk.security.jgss jdk.unsupported jdk.unsupported.desktop jdk.xml.dom" 
OS_ARCH="x86_64" 
OS_NAME="Windows" 
SOURCE=".:git:8fcde8268d22 open:git:fcc00fc4aee7" 

Environment Variables:
JAVA_HOME=C:\Program Files\Java\jdk-26.0.1
PATH=C:\Program Files\Common Files\Oracle\Java\javapath;C:\WINDOWS\system32;C:\WINDOWS;C:\WINDOWS\System32\Wbem;C:\WINDOWS\System32\WindowsPowerShell\v1.0\;C:\WINDOWS\System32\OpenSSH\;C:\Program Files\Git\cmd;C:\Program Files (x86)\Microsoft SQL Server\160\DTS\Binn\;C:\Program Files\Microsoft SQL Server\150\Tools\Binn\;C:\Program Files\Microsoft SQL Server\Client SDK\ODBC\170\Tools\Binn\;C:\Program Files (x86)\Microsoft SQL Server\160\Tools\Binn\;C:\Program Files\Microsoft SQL Server\160\Tools\Binn\;C:\Program Files\Microsoft SQL Server\160\DTS\Binn\;C:\Program Files\dotnet\;C:\xampp\php;C:\ProgramData\ComposerSetup\bin;C:\flutter\bin;C:\Program Files (x86)\Windows Kits\10\Windows Performance Toolkit\;C:\Users\jerome\AppData\Local\Android\Sdk\platform-tools;C:\Program Files\Java\jdk-26.0.1\bin;C:\Program Files\apache-maven-3.9.16\bin;C:\Users\jerome\AppData\Local\Microsoft\WindowsApps;C:\Users\jerome\AppData\Local\GitHubDesktop\bin;C:\Users\jerome\AppData\Local\Programs\Microsoft VS Code\bin;C:\Users\jerome\.dotnet\tools;C:\Users\jerome\AppData\Roaming\Composer\vendor\bin;C:\flutter\bin;C:\Users\jerome\AppData\Local\Android\Sdk\platform-tools;
USERNAME=jerome
OS=Windows_NT
PROCESSOR_IDENTIFIER=AMD64 Family 23 Model 160 Stepping 0, AuthenticAMD
TMP=C:\Users\jerome\AppData\Local\Temp
TEMP=C:\Users\jerome\AppData\Local\Temp




Compilation memory statistics disabled.

Periodic native trim disabled

---------------  S Y S T E M  ---------------

OS:
 Windows 11 , 64 bit Build 26100 (10.0.26100.8972)
OS uptime: 1 days 9:02 hours
Hyper-V role detected

CPU: total 8 (initial active 8) (4 cores per cpu, 2 threads per core) family 23 model 160 stepping 0 microcode 0x8a00006, cx8, cmov, fxsr, ht, mmx, 3dnowpref, sse, sse2, sse3, ssse3, sse4a, sse4.1, sse4.2, popcnt, lzcnt, tsc, tscinvbit, avx, avx2, aes, clmul, bmi1, bmi2, adx, sha, fma, vzeroupper, clflush, clflushopt, clwb, hv, rdtscp, rdpid, f16c
Processor Information for the first 8 processors :
  Max Mhz: 2401, Current Mhz: 2401, Mhz Limit: 2401

Memory: 4k page, system-wide physical 5877M (143M free)
TotalPageFile size 24309M (AvailPageFile size 2M)
current process WorkingSet (physical memory assigned to process): 124M, peak: 129M
current process commit charge ("private bytes"): 211M, peak: 248M

vm_info: Java HotSpot(TM) 64-Bit Server VM (26.0.1+8-34) for windows-amd64 JRE (26.0.1+8-34), built on 2026-03-10T17:24:10Z with MS VC++ 17.13 (VS2022)

END.
